Archive member included to satisfy reference by file (symbol)

C:/PROGRA~2/ARMGNU~1/14EFD8~1.2RE/bin/../lib/gcc/arm-none-eabi/14.2.1/thumb/v8-m.main+fp/softfp\libm.a(libm_a-wf_sqrt.o)
                              CMakeFiles/controller.dir/C_/pico/pico-sdk/src/rp2_common/pico_float/float_math.c.obj (sqrtf)
C:/PROGRA~2/ARMGNU~1/14EFD8~1.2RE/bin/../lib/gcc/arm-none-eabi/14.2.1/thumb/v8-m.main+fp/softfp\libm.a(libm_a-ef_sqrt.o)
                              C:/PROGRA~2/ARMGNU~1/14EFD8~1.2RE/bin/../lib/gcc/arm-none-eabi/14.2.1/thumb/v8-m.main+fp/softfp\libm.a(libm_a-wf_sqrt.o) (__ieee754_sqrtf)
C:/PROGRA~2/ARMGNU~1/14EFD8~1.2RE/bin/../lib/gcc/arm-none-eabi/14.2.1/thumb/v8-m.main+fp/softfp\libgcc.a(_arm_addsubdf3.o)
                              CMakeFiles/controller.dir/C_/pico/pico-sdk/src/rp2_common/pico_float/float_math.c.obj (__aeabi_f2d)
C:/PROGRA~2/ARMGNU~1/14EFD8~1.2RE/bin/../lib/gcc/arm-none-eabi/14.2.1/thumb/v8-m.main+fp/softfp\libgcc.a(_aeabi_ldivmod.o)
                              CMakeFiles/controller.dir/C_/pico/pico-sdk/src/common/pico_time/time.c.obj (__aeabi_ldivmod)
C:/PROGRA~2/ARMGNU~1/14EFD8~1.2RE/bin/../lib/gcc/arm-none-eabi/14.2.1/thumb/v8-m.main+fp/softfp\libgcc.a(_aeabi_uldivmod.o)
                              CMakeFiles/controller.dir/controller.c.obj (__aeabi_uldivmod)
C:/PROGRA~2/ARMGNU~1/14EFD8~1.2RE/bin/../lib/gcc/arm-none-eabi/14.2.1/thumb/v8-m.main+fp/softfp\libgcc.a(_udivmoddi4.o)
                              C:/PROGRA~2/ARMGNU~1/14EFD8~1.2RE/bin/../lib/gcc/arm-none-eabi/14.2.1/thumb/v8-m.main+fp/softfp\libgcc.a(_aeabi_ldivmod.o) (__udivmoddi4)
C:/PROGRA~2/ARMGNU~1/14EFD8~1.2RE/bin/../lib/gcc/arm-none-eabi/14.2.1/thumb/v8-m.main+fp/softfp\libgcc.a(_dvmd_tls.o)
                              C:/PROGRA~2/ARMGNU~1/14EFD8~1.2RE/bin/../lib/gcc/arm-none-eabi/14.2.1/thumb/v8-m.main+fp/softfp\libgcc.a(_aeabi_ldivmod.o) (__aeabi_ldiv0)
C:/PROGRA~2/ARMGNU~1/14EFD8~1.2RE/bin/../lib/gcc/arm-none-eabi/14.2.1/thumb/v8-m.main+fp/softfp\libg.a(libc_a-calloc.o)
                              CMakeFiles/controller.dir/C_/pico/pico-sdk/src/rp2_common/pico_malloc/malloc.c.obj (calloc)
C:/PROGRA~2/ARMGNU~1/14EFD8~1.2RE/bin/../lib/gcc/arm-none-eabi/14.2.1/thumb/v8-m.main+fp/softfp\libg.a(libc_a-callocr.o)
                              C:/PROGRA~2/ARMGNU~1/14EFD8~1.2RE/bin/../lib/gcc/arm-none-eabi/14.2.1/thumb/v8-m.main+fp/softfp\libg.a(libc_a-calloc.o) (_calloc_r)
C:/PROGRA~2/ARMGNU~1/14EFD8~1.2RE/bin/../lib/gcc/arm-none-eabi/14.2.1/thumb/v8-m.main+fp/softfp\libg.a(libc_a-malloc.o)
                              CMakeFiles/controller.dir/C_/pico/pico-sdk/src/rp2_common/pico_malloc/malloc.c.obj (malloc)
C:/PROGRA~2/ARMGNU~1/14EFD8~1.2RE/bin/../lib/gcc/arm-none-eabi/14.2.1/thumb/v8-m.main+fp/softfp\libg.a(libc_a-mallocr.o)
                              C:/PROGRA~2/ARMGNU~1/14EFD8~1.2RE/bin/../lib/gcc/arm-none-eabi/14.2.1/thumb/v8-m.main+fp/softfp\libg.a(libc_a-callocr.o) (_malloc_r)
C:/PROGRA~2/ARMGNU~1/14EFD8~1.2RE/bin/../lib/gcc/arm-none-eabi/14.2.1/thumb/v8-m.main+fp/softfp\libg.a(libc_a-mlock.o)
                              C:/PROGRA~2/ARMGNU~1/14EFD8~1.2RE/bin/../lib/gcc/arm-none-eabi/14.2.1/thumb/v8-m.main+fp/softfp\libg.a(libc_a-mallocr.o) (__malloc_lock)
C:/PROGRA~2/ARMGNU~1/14EFD8~1.2RE/bin/../lib/gcc/arm-none-eabi/14.2.1/thumb/v8-m.main+fp/softfp\libg.a(libc_a-realloc.o)
                              CMakeFiles/controller.dir/C_/pico/pico-sdk/src/rp2_common/pico_malloc/malloc.c.obj (realloc)
C:/PROGRA~2/ARMGNU~1/14EFD8~1.2RE/bin/../lib/gcc/arm-none-eabi/14.2.1/thumb/v8-m.main+fp/softfp\libg.a(libc_a-reallocr.o)
                              C:/PROGRA~2/ARMGNU~1/14EFD8~1.2RE/bin/../lib/gcc/arm-none-eabi/14.2.1/thumb/v8-m.main+fp/softfp\libg.a(libc_a-realloc.o) (_realloc_r)
C:/PROGRA~2/ARMGNU~1/14EFD8~1.2RE/bin/../lib/gcc/arm-none-eabi/14.2.1/thumb/v8-m.main+fp/softfp\libg.a(libc_a-fflush.o)
                              CMakeFiles/controller.dir/controller.c.obj (fflush)
C:/PROGRA~2/ARMGNU~1/14EFD8~1.2RE/bin/../lib/gcc/arm-none-eabi/14.2.1/thumb/v8-m.main+fp/softfp\libg.a(libc_a-findfp.o)
                              C:/PROGRA~2/ARMGNU~1/14EFD8~1.2RE/bin/../lib/gcc/arm-none-eabi/14.2.1/thumb/v8-m.main+fp/softfp\libg.a(libc_a-fflush.o) (__sglue)
C:/PROGRA~2/ARMGNU~1/14EFD8~1.2RE/bin/../lib/gcc/arm-none-eabi/14.2.1/thumb/v8-m.main+fp/softfp\libg.a(libc_a-fwalk.o)
                              C:/PROGRA~2/ARMGNU~1/14EFD8~1.2RE/bin/../lib/gcc/arm-none-eabi/14.2.1/thumb/v8-m.main+fp/softfp\libg.a(libc_a-fflush.o) (_fwalk_sglue)
C:/PROGRA~2/ARMGNU~1/14EFD8~1.2RE/bin/../lib/gcc/arm-none-eabi/14.2.1/thumb/v8-m.main+fp/softfp\libg.a(libc_a-stdio.o)
                              C:/PROGRA~2/ARMGNU~1/14EFD8~1.2RE/bin/../lib/gcc/arm-none-eabi/14.2.1/thumb/v8-m.main+fp/softfp\libg.a(libc_a-findfp.o) (__sread)
C:/PROGRA~2/ARMGNU~1/14EFD8~1.2RE/bin/../lib/gcc/arm-none-eabi/14.2.1/thumb/v8-m.main+fp/softfp\libg.a(libc_a-memcmp.o)
[...]
Memory Configuration

Name             Origin             Length             Attributes
FLASH            0x10000000         0x00400000         xr
RAM              0x20000000         0x00080000         xrw
SCRATCH_X        0x20080000         0x00001000         xrw
SCRATCH_Y        0x20081000         0x00001000         xrw
*default*        0x00000000         0xffffffff

Linker script and memory map

LOAD C:/PROGRA~2/ARMGNU~1/14EFD8~1.2RE/bin/../lib/gcc/arm-none-eabi/14.2.1/thumb/v8-m.main+fp/softfp/crti.o
LOAD C:/PROGRA~2/ARMGNU~1/14EFD8~1.2RE/bin/../lib/gcc/arm-none-eabi/14.2.1/thumb/v8-m.main+fp/softfp/crtbegin.o
LOAD C:/PROGRA~2/ARMGNU~1/14EFD8~1.2RE/bin/../lib/gcc/arm-none-eabi/14.2.1/thumb/v8-m.main+fp/softfp/crt0.o

.flash_begin    0x10000000        0x0
                0x10000000                        __flash_binary_start = .

.text           0x10000000     0x4e70
                0x10000000                        __logical_binary_start = .
 *(.vectors)
 .vectors       0x10000000      0x124 CMakeFiles/controller.dir/C_/pico/pico-sdk/src/rp2_common/pico_crt0/crt0.S.obj
                0x10000000                __VECTOR_TABLE
                0x10000000                __vectors
                0x10000110                __unhandled_user_irq
                0x10000110                isr_irq49
                0x10000110                isr_irq13
                0x10000110                isr_irq43
                0x10000110                isr_irq45
                0x10000110                isr_irq27
                0x10000110                isr_irq32
                0x10000110                isr_irq31
                0x10000110                isr_irq12
                0x10000110                isr_irq5
                0x10000110                isr_irq11
                0x10000110                isr_irq3
                0x10000110                isr_irq23
                0x10000110                isr_usagefault
                0x10000110                isr_irq48
                0x10000110                isr_irq30
                0x10000110                isr_irq18
                0x10000110                isr_irq50
                0x10000110                isr_irq33
                0x10000110                isr_irq40
                0x10000110                isr_irq28
                0x10000110                isr_irq19
                0x10000110                isr_irq36
                0x10000110                isr_irq41
                0x10000110                isr_irq0
                0x10000110                isr_irq6
                0x10000110                isr_irq26
                0x10000110                isr_irq29
                0x10000110                isr_memmanage
                0x10000110                isr_irq37
                0x10000110                isr_irq42
                0x10000110                isr_irq22
                0x10000110                isr_irq35
                0x10000110                isr_irq17
                0x10000110                isr_irq38
                0x10000110                isr_irq14
                0x10000110                __vectors_end
                0x10000110                __default_isrs_start
                0x10000110                isr_irq2
                0x10000110                isr_irq10
                0x10000110                isr_irq8
                0x10000110                isr_debugmonitor
                0x10000110                isr_irq24
                0x10000110                isr_irq46
                0x10000110                isr_irq1
                0x10000110                isr_irq47
                0x10000110                isr_irq51
                0x10000110                isr_irq7
                0x10000110                isr_irq21
                0x10000110                isr_irq39
                0x10000110                isr_irq20
                0x10000110                isr_irq15
                0x10000110                isr_irq25
                0x10000110                isr_irq34
                0x10000110                isr_irq44
                0x10000110                isr_securefault
                0x10000110                isr_irq4
                0x10000110                isr_busfault
                0x10000110                isr_irq16
                0x10000110                isr_irq9
                0x10000116                unhandled_user_irq_num_in_r0
                0x10000118                isr_invalid
                0x1000011a                isr_nmi
                0x1000011c                isr_hardfault
                0x1000011e                isr_svcall
                0x10000120                isr_pendsv
                0x10000122                isr_systick
                0x10000124                __default_isrs_end
 *(.binary_info_header)
 .binary_info_header
                0x10000124       0x14 CMakeFiles/controller.dir/C_/pico/pico-sdk/src/rp2_common/pico_crt0/crt0.S.obj
                0x10000138                        __binary_info_header_end = .
 *(.embedded_block)
 .embedded_block
                0x10000138       0x14 CMakeFiles/controller.dir/C_/pico/pico-sdk/src/rp2_common/pico_crt0/crt0.S.obj
                0x1000014c                        __embedded_block_end = .
 *(.reset)
 .reset         0x1000014c       0x98 CMakeFiles/controller.dir/C_/pico/pico-sdk/src/rp2_common/pico_crt0/crt0.S.obj
                0x1000014c                _entry_point
 *(.init)
 .init          0x100001e4        0x4 C:/PROGRA~2/ARMGNU~1/14EFD8~1.2RE/bin/../lib/gcc/arm-none-eabi/14.2.1/thumb/v8-m.main+fp/softfp/crti.o
                0x100001e4                _init
 SORT_BY_NAME(REVERSE(*libgcc.a:cmse_nonsecure_call.o))()
 *(EXCLUDE_FILE(*libm.a: *libc.a:*lib_a-mem*.o *libgcc.a:) .text*)
 .text.register_tm_clones
                0x100001e8       0x28 C:/PROGRA~2/ARMGNU~1/14EFD8~1.2RE/bin/../lib/gcc/arm-none-eabi/14.2.1/thumb/v8-m.main+fp/softfp/crtbegin.o
 .text.frame_dummy
                0x10000210       0x24 C:/PROGRA~2/ARMGNU~1/14EFD8~1.2RE/bin/../lib/gcc/arm-none-eabi/14.2.1/thumb/v8-m.main+fp/softfp/crtbegin.o
 .text.startup.main
                0x10000234      0x1a4 CMakeFiles/controller.dir/controller.c.obj
                0x10000234                main
 .text.gpio_set_pulls
                0x100003d8       0x28 CMakeFiles/controller.dir/C_/pico/pico-sdk/src/rp2_common/hardware_gpio/gpio.c.obj
                0x100003d8                gpio_set_pulls
 .text.gpio_init
                0x10000400       0x48 CMakeFiles/controller.dir/C_/pico/pico-sdk/src/rp2_common/hardware_gpio/gpio.c.obj
                0x10000400                gpio_init
 .text.panic    0x10000448       0x30 CMakeFiles/controller.dir/C_/pico/pico-sdk/src/rp2_common/pico_platform_panic/panic.c.obj
                0x10000448                panic
 .text.hw_claim_or_assert
                0x10000478       0x58 CMakeFiles/controller.dir/C_/pico/pico-sdk/src/common/hardware_claim/claim.c.obj
                0x10000478                hw_claim_or_assert
 .text.hw_claim_unused_from_range
                0x100004d0       0x80 CMakeFiles/controller.dir/C_/pico/pico-sdk/src/common/hardware_claim/claim.c.obj
                0x100004d0                hw_claim_unused_from_range
 .text.next_striped_spin_lock_num
                0x10000550       0x18 CMakeFiles/controller.dir/C_/pico/pico-sdk/src/rp2_common/hardware_sync/sync.c.obj
                0x10000550                next_striped_spin_lock_num
 .text.spin_lock_claim_unused
                0x10000568       0x20 CMakeFiles/controller.dir/C_/pico/pico-sdk/src/rp2_common/hardware_sync/sync.c.obj
                0x10000568                spin_lock_claim_unused
 .text.spinlock_set_extexclall
                0x10000588       0x10 CMakeFiles/controller.dir/C_/pico/pico-sdk/src/rp2_common/hardware_sync_spin_lock/sync_spin_lock.c.obj
 .text.spin_locks_reset
                0x10000598       0x18 CMakeFiles/controller.dir/C_/pico/pico-sdk/src/rp2_common/hardware_sync_spin_lock/sync_spin_lock.c.obj
                0x10000598                spin_locks_reset
 .text.runtime_init_per_core_irq_priorities
                0x100005b0       0x40 CMakeFiles/controller.dir/C_/pico/pico-sdk/src/rp2_common/hardware_irq/irq.c.obj
                0x100005b0                runtime_init_per_core_irq_priorities
 .text.irq_set_enabled
                0x100005f0       0x2c CMakeFiles/controller.dir/C_/pico/pico-sdk/src/rp2_common/hardware_irq/irq.c.obj
                0x100005f0                irq_set_enabled
 .text.irq_is_enabled
                0x1000061c       0x20 CMakeFiles/controller.dir/C_/pico/pico-sdk/src/rp2_common/hardware_irq/irq.c.obj
                0x1000061c                irq_is_enabled
 .text.irq_set_pending
                0x1000063c       0x18 CMakeFiles/controller.dir/C_/pico/pico-sdk/src/rp2_common/hardware_irq/irq.c.obj
                0x1000063c                irq_set_pending
 .text.irq_has_shared_handler
                0x10000654       0x20 CMakeFiles/controller.dir/C_/pico/pico-sdk/src/rp2_common/hardware_irq/irq.c.obj
                0x10000654                irq_has_shared_handler
 .text.irq_set_exclusive_handler
                0x10000674       0x60 CMakeFiles/controller.dir/C_/pico/pico-sdk/src/rp2_common/hardware_irq/irq.c.obj
                0x10000674                irq_set_exclusive_handler
 .text.irq_add_shared_handler
                0x100006d4      0x1e8 CMakeFiles/controller.dir/C_/pico/pico-sdk/src/rp2_common/hardware_irq/irq.c.obj
                0x100006d4                irq_add_shared_handler
 .text.irq_add_tail_to_free_list
                0x100008bc       0xbc CMakeFiles/controller.dir/C_/pico/pico-sdk/src/rp2_common/hardware_irq/irq.c.obj
                0x100008bc                irq_add_tail_to_free_list
 .text.user_irq_claim_unused
                0x10000978       0x28 CMakeFiles/controller.dir/C_/pico/pico-sdk/src/rp2_common/hardware_irq/irq.c.obj
                0x10000978                user_irq_claim_unused
 .text.lock_init
                0x100009a0        0xc CMakeFiles/controller.dir/C_/pico/pico-sdk/src/common/pico_sync/lock_core.c.obj
                0x100009a0                lock_init
 .text.runtime_init_mutex
                0x100009ac       0x4c CMakeFiles/controller.dir/C_/pico/pico-sdk/src/common/pico_sync/mutex.c.obj
                0x100009ac                runtime_init_mutex
 .text.mutex_init
                0x100009f8       0x1c CMakeFiles/controller.dir/C_/pico/pico-sdk/src/common/pico_sync/mutex.c.obj
                0x100009f8                mutex_init
 .text.critical_section_init
                0x10000a14       0x1c CMakeFiles/controller.dir/C_/pico/pico-sdk/src/common/pico_sync/critical_section.c.obj
                0x10000a14                critical_section_init
 .text.critical_section_init_with_lock_num
                0x10000a30       0x10 CMakeFiles/controller.dir/C_/pico/pico-sdk/src/common/pico_sync/critical_section.c.obj
                0x10000a30                critical_section_init_with_lock_num
 .text.sleep_until_callback
                0x10000a40       0x3c CMakeFiles/controller.dir/C_/pico/pico-sdk/src/common/pico_time/time.c.obj
 *fill*         0x10000a7c        0x4 
 .text.alarm_pool_irq_handler
                0x10000a80      0x2f0 CMakeFiles/controller.dir/C_/pico/pico-sdk/src/common/pico_time/time.c.obj
 .text.runtime_init_default_alarm_pool
                0x10000d70      0x100 CMakeFiles/controller.dir/C_/pico/pico-sdk/src/common/pico_time/time.c.obj
                0x10000d70                runtime_init_default_alarm_pool
 .text.alarm_pool_get_default
                0x10000e70        0x8 CMakeFiles/controller.dir/C_/pico/pico-sdk/src/common/pico_time/time.c.obj
                0x10000e70                alarm_pool_get_default
 .text.alarm_pool_add_alarm_at
                0x10000e78       0xdc CMakeFiles/controller.dir/C_/pico/pico-sdk/src/common/pico_time/time.c.obj
                0x10000e78                alarm_pool_add_alarm_at
 .text.alarm_pool_add_alarm_at_force_in_context
                0x10000f54       0xc8 CMakeFiles/controller.dir/C_/pico/pico-sdk/src/common/pico_time/time.c.obj
                0x10000f54                alarm_pool_add_alarm_at_force_in_context
 .text.alarm_pool_cancel_alarm
                0x1000101c       0x80 CMakeFiles/controller.dir/C_/pico/pico-sdk/src/common/pico_time/time.c.obj
                0x1000101c                alarm_pool_cancel_alarm
 .text.alarm_pool_core_num
                0x1000109c        0x4 CMakeFiles/controller.dir/C_/pico/pico-sdk/src/common/pico_time/time.c.obj
                0x1000109c                alarm_pool_core_num
 .text.sleep_ms
                0x100010a0       0xdc CMakeFiles/controller.dir/C_/pico/pico-sdk/src/common/pico_time/time.c.obj
                0x100010a0                sleep_ms
 .text.best_effort_wfe_or_timeout
                0x1000117c       0xd4 CMakeFiles/controller.dir/C_/pico/pico-sdk/src/common/pico_time/time.c.obj
                0x1000117c                best_effort_wfe_or_timeout
 .text.timer_hardware_alarm_claim
                0x10001250       0x24 CMakeFiles/controller.dir/C_/pico/pico-sdk/src/rp2_common/hardware_timer/timer.c.obj
                0x10001250                timer_hardware_alarm_claim
 .text.timer_time_us_64
                0x10001274       0x10 CMakeFiles/controller.dir/C_/pico/pico-sdk/src/rp2_common/hardware_timer/timer.c.obj
                0x10001274                timer_time_us_64
 .text.time_us_64
                0x10001284       0x14 CMakeFiles/controller.dir/C_/pico/pico-sdk/src/rp2_common/hardware_timer/timer.c.obj
                0x10001284                time_us_64
 .text.busy_wait_us
                0x10001298       0x5c CMakeFiles/controller.dir/C_/pico/pico-sdk/src/rp2_common/hardware_timer/timer.c.obj
                0x10001298                busy_wait_us
 .text.busy_wait_until
                0x100012f4       0x24 CMakeFiles/controller.dir/C_/pico/pico-sdk/src/rp2_common/hardware_timer/timer.c.obj
                0x100012f4                busy_wait_until
 .text.clock_configure_undivided
                0x10001318       0xd0 CMakeFiles/controller.dir/C_/pico/pico-sdk/src/rp2_common/hardware_clocks/clocks.c.obj
                0x10001318                clock_configure_undivided
 .text.clock_get_hz
                0x100013e8        0xc CMakeFiles/controller.dir/C_/pico/pico-sdk/src/rp2_common/hardware_clocks/clocks.c.obj
                0x100013e8                clock_get_hz
 .text.pll_init
                0x100013f4       0x8c CMakeFiles/controller.dir/C_/pico/pico-sdk/src/rp2_common/hardware_pll/pll.c.obj
                0x100013f4                pll_init
 .text.watchdog_reboot
                0x10001480       0x98 CMakeFiles/controller.dir/C_/pico/pico-sdk/src/rp2_common/hardware_watchdog/watchdog.c.obj
                0x10001480                watchdog_reboot
 .text.tick_start
                0x10001518       0x18 CMakeFiles/controller.dir/C_/pico/pico-sdk/src/rp2_common/hardware_ticks/ticks.c.obj
                0x10001518                tick_start
 .text.rom_reboot.constprop.0.isra.0
                0x10001530       0x34 CMakeFiles/controller.dir/C_/pico/pico-sdk/src/rp2_common/pico_bootrom/bootrom.c.obj
 .text.rom_func_lookup
                0x10001564       0x18 CMakeFiles/controller.dir/C_/pico/pico-sdk/src/rp2_common/pico_bootrom/bootrom.c.obj
                0x10001564                rom_func_lookup
 .text.rom_reset_usb_boot_extra
                0x1000157c       0x1c CMakeFiles/controller.dir/C_/pico/pico-sdk/src/rp2_common/pico_bootrom/bootrom.c.obj
                0x1000157c                rom_reset_usb_boot_extra
 .text.runtime_init_bootrom_locking_enable
                0x10001598       0x14 CMakeFiles/controller.dir/C_/pico/pico-sdk/src/rp2_common/pico_bootrom/bootrom_lock.c.obj
                0x10001598                runtime_init_bootrom_locking_enable
 .text.runtime_init_boot_locks_reset
                0x100015ac       0x1c CMakeFiles/controller.dir/C_/pico/pico-sdk/src/rp2_common/hardware_boot_lock/boot_lock.c.obj
                0x100015ac                runtime_init_boot_locks_reset
 .text.xosc_init
                0x100015c8       0x30 CMakeFiles/controller.dir/C_/pico/pico-sdk/src/rp2_common/hardware_xosc/xosc.c.obj
                0x100015c8                xosc_init
 .text.first_per_core_initializer
                0x100015f8        0x4 CMakeFiles/controller.dir/C_/pico/pico-sdk/src/rp2_common/pico_runtime/runtime.c.obj
 .text.hard_assertion_failure
                0x100015fc        0xc CMakeFiles/controller.dir/C_/pico/pico-sdk/src/rp2_common/pico_runtime/runtime.c.obj
                0x100015fc                hard_assertion_failure
 .text.runtime_run_initializers
                0x10001608       0x20 CMakeFiles/controller.dir/C_/pico/pico-sdk/src/rp2_common/pico_runtime/runtime.c.obj
                0x10001608                runtime_run_initializers
 .text.runtime_init_early_resets
                0x10001628       0x34 CMakeFiles/controller.dir/C_/pico/pico-sdk/src/rp2_common/pico_runtime_init/runtime_init.c.obj
                0x10001628                runtime_init_early_resets
 .text.runtime_init_usb_power_down
                0x1000165c       0x1c CMakeFiles/controller.dir/C_/pico/pico-sdk/src/rp2_common/pico_runtime_init/runtime_init.c.obj
                0x1000165c                runtime_init_usb_power_down
 .text.runtime_init_per_core_enable_coprocessors
                0x10001678       0x1c CMakeFiles/controller.dir/C_/pico/pico-sdk/src/rp2_common/pico_runtime_init/runtime_init.c.obj
                0x10001678                runtime_init_per_core_enable_coprocessors
 .text.runtime_init_post_clock_resets
                0x10001694       0x20 CMakeFiles/controller.dir/C_/pico/pico-sdk/src/rp2_common/pico_runtime_init/runtime_init.c.obj
                0x10001694                runtime_init_post_clock_resets
 .text.runtime_init_bootrom_reset
                0x100016b4       0x14 CMakeFiles/controller.dir/C_/pico/pico-sdk/src/rp2_common/pico_runtime_init/runtime_init.c.obj
                0x100016b4                runtime_init_bootrom_reset
 .text.runtime_init_per_core_bootrom_reset
                0x100016c8       0x14 CMakeFiles/controller.dir/C_/pico/pico-sdk/src/rp2_common/pico_runtime_init/runtime_init.c.obj
                0x100016c8                runtime_init_per_core_bootrom_reset
 .text.runtime_init_spin_locks_reset
                0x100016dc        0x4 CMakeFiles/controller.dir/C_/pico/pico-sdk/src/rp2_common/pico_runtime_init/runtime_init.c.obj
                0x100016dc                runtime_init_spin_locks_reset
 .text.runtime_init_install_ram_vector_table
                0x100016e0       0x68 CMakeFiles/controller.dir/C_/pico/pico-sdk/src/rp2_common/pico_runtime_init/runtime_init.c.obj
                0x100016e0                runtime_init_install_ram_vector_table
 .text.runtime_init_clocks
                0x10001748       0xdc CMakeFiles/controller.dir/C_/pico/pico-sdk/src/rp2_common/pico_runtime_init/runtime_init_clocks.c.obj
                0x10001748                runtime_init_clocks
 .text._out_char
                0x10001824        0x8 CMakeFiles/controller.dir/C_/pico/pico-sdk/src/rp2_common/pico_printf/printf.c.obj
 .text.weak_raw_vprintf
                0x1000182c       0x30 CMakeFiles/controller.dir/C_/pico/pico-sdk/src/rp2_common/pico_printf/printf.c.obj
                0x1000182c                weak_raw_vprintf
 .text._exit    0x1000185c        0x4 CMakeFiles/controller.dir/C_/pico/pico-sdk/src/rp2_common/pico_clib_interface/newlib_interface.c.obj
                0x1000185c                _exit
 .text._sbrk    0x10001860       0x2c CMakeFiles/controller.dir/C_/pico/pico-sdk/src/rp2_common/pico_clib_interface/newlib_interface.c.obj
                0x10001860                _sbrk
 .text._read    0x1000188c       0x1c CMakeFiles/controller.dir/C_/pico/pico-sdk/src/rp2_common/pico_clib_interface/newlib_interface.c.obj
                0x1000188c                _read
 .text._write   0x100018a8       0x20 CMakeFiles/controller.dir/C_/pico/pico-sdk/src/rp2_common/pico_clib_interface/newlib_interface.c.obj
                0x100018a8                _write
 .text._close   0x100018c8        0x8 CMakeFiles/controller.dir/C_/pico/pico-sdk/src/rp2_common/pico_clib_interface/newlib_interface.c.obj
                0x100018c8                _close
 .text._lseek   0x100018d0        0x8 CMakeFiles/controller.dir/C_/pico/pico-sdk/src/rp2_common/pico_clib_interface/newlib_interface.c.obj
                0x100018d0                _lseek
 .text.exit     0x100018d8        0x8 CMakeFiles/controller.dir/C_/pico/pico-sdk/src/rp2_common/pico_clib_interface/newlib_interface.c.obj
                0x100018d8                exit
 .text.runtime_init
                0x100018e0       0x24 CMakeFiles/controller.dir/C_/pico/pico-sdk/src/rp2_common/pico_clib_interface/newlib_interface.c.obj
                0x100018e0                runtime_init
 .text.stdio_out_chars_no_crlf
                0x10001904        0x8 CMakeFiles/controller.dir/C_/pico/pico-sdk/src/rp2_common/pico_stdio/stdio.c.obj
 .text.stdio_out_chars_crlf
                0x1000190c       0xb0 CMakeFiles/controller.dir/C_/pico/pico-sdk/src/rp2_common/pico_stdio/stdio.c.obj
 .text.stdio_put_string
                0x100019bc       0xec CMakeFiles/controller.dir/C_/pico/pico-sdk/src/rp2_common/pico_stdio/stdio.c.obj
                0x100019bc                stdio_put_string
 .text.stdio_get_until
                0x10001aa8       0x7c CMakeFiles/controller.dir/C_/pico/pico-sdk/src/rp2_common/pico_stdio/stdio.c.obj
                0x10001aa8                stdio_get_until
 .text.stdio_set_driver_enabled
                0x10001b24       0x28 CMakeFiles/controller.dir/C_/pico/pico-sdk/src/rp2_common/pico_stdio/stdio.c.obj
                0x10001b24                stdio_set_driver_enabled
 .text.stdio_init_all
                0x10001b4c        0x4 CMakeFiles/controller.dir/C_/pico/pico-sdk/src/rp2_common/pico_stdio/stdio.c.obj
                0x10001b4c                stdio_init_all
 .text.__wrap_putchar
                0x10001b50       0x84 CMakeFiles/controller.dir/C_/pico/pico-sdk/src/rp2_common/pico_stdio/stdio.c.obj
                0x10001b50                __wrap_putchar
                0x10001b50                stdio_putchar
 .text.__wrap_puts
                0x10001bd4       0x3c CMakeFiles/controller.dir/C_/pico/pico-sdk/src/rp2_common/pico_stdio/stdio.c.obj
                0x10001bd4                stdio_puts
                0x10001bd4                __wrap_puts
 .text.resetd_init
                0x10001c10        0x4 CMakeFiles/controller.dir/C_/pico/pico-sdk/src/rp2_common/pico_stdio_usb/reset_interface.c.obj
 .text.resetd_reset
                0x10001c14        0xc CMakeFiles/controller.dir/C_/pico/pico-sdk/src/rp2_common/pico_stdio_usb/reset_interface.c.obj
 .text.resetd_open
                0x10001c20       0x28 CMakeFiles/controller.dir/C_/pico/pico-sdk/src/rp2_common/pico_stdio_usb/reset_interface.c.obj
 .text.resetd_xfer_cb
                0x10001c48        0x4 CMakeFiles/controller.dir/C_/pico/pico-sdk/src/rp2_common/pico_stdio_usb/reset_interface.c.obj
 .text.resetd_control_xfer_cb
                0x10001c4c       0x50 CMakeFiles/controller.dir/C_/pico/pico-sdk/src/rp2_common/pico_stdio_usb/reset_interface.c.obj
 .text.tud_descriptor_bos_cb
                0x10001c9c        0x8 CMakeFiles/controller.dir/C_/pico/pico-sdk/src/rp2_common/pico_stdio_usb/reset_interface.c.obj
                0x10001c9c                tud_descriptor_bos_cb
 .text.tud_vendor_control_xfer_cb
                0x10001ca4       0x28 CMakeFiles/controller.dir/C_/pico/pico-sdk/src/rp2_common/pico_stdio_usb/reset_interface.c.obj
                0x10001ca4                tud_vendor_control_xfer_cb
 .text.usbd_app_driver_get_cb
                0x10001ccc       0x10 CMakeFiles/controller.dir/C_/pico/pico-sdk/src/rp2_common/pico_stdio_usb/reset_interface.c.obj
                0x10001ccc                usbd_app_driver_get_cb
 .text.tud_cdc_line_coding_cb
                0x10001cdc       0x18 CMakeFiles/controller.dir/C_/pico/pico-sdk/src/rp2_common/pico_stdio_usb/reset_interface.c.obj
                0x10001cdc                tud_cdc_line_coding_cb
 .text.stdio_usb_set_chars_available_callback
                0x10001cf4       0x14 CMakeFiles/controller.dir/C_/pico/pico-sdk/src/rp2_common/pico_stdio_usb/stdio_usb.c.obj
                0x10001cf4                stdio_usb_set_chars_available_callback
 .text.timer_task
                0x10001d08       0x70 CMakeFiles/controller.dir/C_/pico/pico-sdk/src/rp2_common/pico_stdio_usb/stdio_usb.c.obj
 .text.usb_irq  0x10001d78        0xc CMakeFiles/controller.dir/C_/pico/pico-sdk/src/rp2_common/pico_stdio_usb/stdio_usb.c.obj
 .text.stdio_usb_in_chars
                0x10001d84       0x88 CMakeFiles/controller.dir/C_/pico/pico-sdk/src/rp2_common/pico_stdio_usb/stdio_usb.c.obj
                0x10001d84                stdio_usb_in_chars
 .text.stdio_usb_out_flush
                0x10001e0c       0x54 CMakeFiles/controller.dir/C_/pico/pico-sdk/src/rp2_common/pico_stdio_usb/stdio_usb.c.obj
 .text.stdio_usb_out_chars
                0x10001e60       0xf4 CMakeFiles/controller.dir/C_/pico/pico-sdk/src/rp2_common/pico_stdio_usb/stdio_usb.c.obj
 .text.low_priority_worker_irq
                0x10001f54       0xd8 CMakeFiles/controller.dir/C_/pico/pico-sdk/src/rp2_common/pico_stdio_usb/stdio_usb.c.obj
 .text.stdio_usb_init
                0x1000202c       0xe8 CMakeFiles/controller.dir/C_/pico/pico-sdk/src/rp2_common/pico_stdio_usb/stdio_usb.c.obj
                0x1000202c                stdio_usb_init
 .text.tud_descriptor_device_cb
                0x10002114        0x8 CMakeFiles/controller.dir/C_/pico/pico-sdk/src/rp2_common/pico_stdio_usb/stdio_usb_descriptors.c.obj
                0x10002114                tud_descriptor_device_cb
 .text.tud_descriptor_configuration_cb
                0x1000211c        0x8 CMakeFiles/controller.dir/C_/pico/pico-sdk/src/rp2_common/pico_stdio_usb/stdio_usb_descriptors.c.obj
                0x1000211c                tud_descriptor_configuration_cb
 .text.tud_descriptor_string_cb
                0x10002124       0x70 CMakeFiles/controller.dir/C_/pico/pico-sdk/src/rp2_common/pico_stdio_usb/stdio_usb_descriptors.c.obj
                0x10002124                tud_descriptor_string_cb
 .text.startup._retrieve_unique_id_on_boot
                0x10002194       0x30 CMakeFiles/controller.dir/C_/pico/pico-sdk/src/rp2_common/pico_unique_id/unique_id.c.obj
 .text.pico_get_unique_board_id_string
                0x100021c4      0x184 CMakeFiles/controller.dir/C_/pico/pico-sdk/src/rp2_common/pico_unique_id/unique_id.c.obj
                0x100021c4                pico_get_unique_board_id_string
 .text.dcd_init
                0x10002348       0x8c CMakeFiles/controller.dir/C_/pico/pico-sdk/lib/tinyusb/src/portable/raspberrypi/rp2040/dcd_rp2040.c.obj
                0x10002348                dcd_init
 .text.dcd_int_enable
                0x100023d4        0x8 CMakeFiles/controller.dir/C_/pico/pico-sdk/lib/tinyusb/src/portable/raspberrypi/rp2040/dcd_rp2040.c.obj
                0x100023d4                dcd_int_enable
 .text.dcd_set_address
                0x100023dc       0x10 CMakeFiles/controller.dir/C_/pico/pico-sdk/lib/tinyusb/src/portable/raspberrypi/rp2040/dcd_rp2040.c.obj
                0x100023dc                dcd_set_address
 .text.dcd_sof_enable
                0x100023ec       0x1c CMakeFiles/controller.dir/C_/pico/pico-sdk/lib/tinyusb/src/portable/raspberrypi/rp2040/dcd_rp2040.c.obj
                0x100023ec                dcd_sof_enable
 .text.dcd_edpt0_status_complete
                0x10002408       0x1c CMakeFiles/controller.dir/C_/pico/pico-sdk/lib/tinyusb/src/portable/raspberrypi/rp2040/dcd_rp2040.c.obj
                0x10002408                dcd_edpt0_status_complete
 .text.dcd_edpt_open
                0x10002424      0x104 CMakeFiles/controller.dir/C_/pico/pico-sdk/lib/tinyusb/src/portable/raspberrypi/rp2040/dcd_rp2040.c.obj
                0x10002424                dcd_edpt_open
 .text.dcd_edpt_close_all
                0x10002528        0x4 CMakeFiles/controller.dir/C_/pico/pico-sdk/lib/tinyusb/src/portable/raspberrypi/rp2040/dcd_rp2040.c.obj
                0x10002528                dcd_edpt_close_all
 .text.dcd_edpt_xfer
                0x1000252c       0x28 CMakeFiles/controller.dir/C_/pico/pico-sdk/lib/tinyusb/src/portable/raspberrypi/rp2040/dcd_rp2040.c.obj
                0x1000252c                dcd_edpt_xfer
 .text.dcd_edpt_stall
                0x10002554       0x30 CMakeFiles/controller.dir/C_/pico/pico-sdk/lib/tinyusb/src/portable/raspberrypi/rp2040/dcd_rp2040.c.obj
                0x10002554                dcd_edpt_stall
 .text.dcd_edpt_clear_stall
                0x10002584       0x24 CMakeFiles/controller.dir/C_/pico/pico-sdk/lib/tinyusb/src/portable/raspberrypi/rp2040/dcd_rp2040.c.obj
                0x10002584                dcd_edpt_clear_stall
 .text.rp2040_usb_init
                0x100025a8       0x40 CMakeFiles/controller.dir/C_/pico/pico-sdk/lib/tinyusb/src/portable/raspberrypi/rp2040/rp2040_usb.c.obj
                0x100025a8                rp2040_usb_init
 .text.hw_endpoint_xfer_start
                0x100025e8       0x40 CMakeFiles/controller.dir/C_/pico/pico-sdk/lib/tinyusb/src/portable/raspberrypi/rp2040/rp2040_usb.c.obj
                0x100025e8                hw_endpoint_xfer_start
 .text.configuration_reset
                0x10002628       0x8c CMakeFiles/controller.dir/C_/pico/pico-sdk/lib/tinyusb/src/device/usbd.c.obj
 .text.tud_event_hook_cb
                0x100026b4        0x4 CMakeFiles/controller.dir/C_/pico/pico-sdk/lib/tinyusb/src/device/usbd.c.obj
                0x100026b4                tud_event_hook_cb
 .text.tud_sof_cb
                0x100026b8        0x4 CMakeFiles/controller.dir/C_/pico/pico-sdk/lib/tinyusb/src/device/usbd.c.obj
                0x100026b8                tud_sof_cb
 .text.tud_descriptor_device_qualifier_cb
                0x100026bc        0x4 CMakeFiles/controller.dir/C_/pico/pico-sdk/lib/tinyusb/src/device/usbd.c.obj
                0x100026bc                tud_descriptor_device_qualifier_cb
 .text.tud_descriptor_other_speed_configuration_cb
                0x100026c0        0x4 CMakeFiles/controller.dir/C_/pico/pico-sdk/lib/tinyusb/src/device/usbd.c.obj
                0x100026c0                tud_descriptor_other_speed_configuration_cb
 .text.tud_mount_cb
                0x100026c4        0x4 CMakeFiles/controller.dir/C_/pico/pico-sdk/lib/tinyusb/src/device/usbd.c.obj
                0x100026c4                tud_mount_cb
 .text.tud_umount_cb
                0x100026c8        0x4 CMakeFiles/controller.dir/C_/pico/pico-sdk/lib/tinyusb/src/device/usbd.c.obj
                0x100026c8                tud_umount_cb
 .text.tud_suspend_cb
                0x100026cc        0x4 CMakeFiles/controller.dir/C_/pico/pico-sdk/lib/tinyusb/src/device/usbd.c.obj
                0x100026cc                tud_suspend_cb
 .text.tud_resume_cb
                0x100026d0        0x4 CMakeFiles/controller.dir/C_/pico/pico-sdk/lib/tinyusb/src/device/usbd.c.obj
                0x100026d0                tud_resume_cb
 .text.tud_mounted
                0x100026d4       0x10 CMakeFiles/controller.dir/C_/pico/pico-sdk/lib/tinyusb/src/device/usbd.c.obj
                0x100026d4                tud_mounted
 .text.tud_suspended
                0x100026e4       0x10 CMakeFiles/controller.dir/C_/pico/pico-sdk/lib/tinyusb/src/device/usbd.c.obj
                0x100026e4                tud_suspended
 .text.tud_rhport_init
                0x100026f4       0xf4 CMakeFiles/controller.dir/C_/pico/pico-sdk/lib/tinyusb/src/device/usbd.c.obj
                0x100026f4                tud_rhport_init
 .text.tud_task_ext
                0x100027e8      0x784 CMakeFiles/controller.dir/C_/pico/pico-sdk/lib/tinyusb/src/device/usbd.c.obj
                0x100027e8                tud_task_ext
 .text.usbd_open_edpt_pair
                0x10002f6c       0x9c CMakeFiles/controller.dir/C_/pico/pico-sdk/lib/tinyusb/src/device/usbd.c.obj
                0x10002f6c                usbd_open_edpt_pair
 .text.usbd_edpt_open
                0x10003008       0x44 CMakeFiles/controller.dir/C_/pico/pico-sdk/lib/tinyusb/src/device/usbd.c.obj
                0x10003008                usbd_edpt_open
 .text.usbd_edpt_claim
                0x1000304c       0x24 CMakeFiles/controller.dir/C_/pico/pico-sdk/lib/tinyusb/src/device/usbd.c.obj
                0x1000304c                usbd_edpt_claim
 .text.usbd_edpt_release
                0x10003070       0x24 CMakeFiles/controller.dir/C_/pico/pico-sdk/lib/tinyusb/src/device/usbd.c.obj
                0x10003070                usbd_edpt_release
 .text.usbd_edpt_xfer
                0x10003094       0x70 CMakeFiles/controller.dir/C_/pico/pico-sdk/lib/tinyusb/src/device/usbd.c.obj
                0x10003094                usbd_edpt_xfer
 .text.tud_control_status
                0x10003104       0x34 CMakeFiles/controller.dir/C_/pico/pico-sdk/lib/tinyusb/src/device/usbd_control.c.obj
                0x10003104                tud_control_status
 .text.tud_control_xfer
                0x10003138       0xb0 CMakeFiles/controller.dir/C_/pico/pico-sdk/lib/tinyusb/src/device/usbd_control.c.obj
                0x10003138                tud_control_xfer
 .text.usbd_control_reset
                0x100031e8       0x14 CMakeFiles/controller.dir/C_/pico/pico-sdk/lib/tinyusb/src/device/usbd_control.c.obj
                0x100031e8                usbd_control_reset
 .text.usbd_control_set_complete_callback
                0x100031fc        0xc CMakeFiles/controller.dir/C_/pico/pico-sdk/lib/tinyusb/src/device/usbd_control.c.obj
                0x100031fc                usbd_control_set_complete_callback
 .text.usbd_control_set_request
                0x10003208       0x1c CMakeFiles/controller.dir/C_/pico/pico-sdk/lib/tinyusb/src/device/usbd_control.c.obj
                0x10003208                usbd_control_set_request
 .text.usbd_control_xfer_cb
                0x10003224      0x100 CMakeFiles/controller.dir/C_/pico/pico-sdk/lib/tinyusb/src/device/usbd_control.c.obj
                0x10003224                usbd_control_xfer_cb
 .text._prep_out_transaction.isra.0
                0x10003324       0x74 CMakeFiles/controller.dir/C_/pico/pico-sdk/lib/tinyusb/src/class/cdc/cdc_device.c.obj
 .text.tud_cdc_n_connected
                0x10003398       0x2c CMakeFiles/controller.dir/C_/pico/pico-sdk/lib/tinyusb/src/class/cdc/cdc_device.c.obj
                0x10003398                tud_cdc_n_connected
 .text.tud_cdc_n_available
                0x100033c4       0x14 CMakeFiles/controller.dir/C_/pico/pico-sdk/lib/tinyusb/src/class/cdc/cdc_device.c.obj
                0x100033c4                tud_cdc_n_available
 .text.tud_cdc_n_read
                0x100033d8       0x90 CMakeFiles/controller.dir/C_/pico/pico-sdk/lib/tinyusb/src/class/cdc/cdc_device.c.obj
                0x100033d8                tud_cdc_n_read
 .text.tud_cdc_n_write_flush
                0x10003468       0x8c CMakeFiles/controller.dir/C_/pico/pico-sdk/lib/tinyusb/src/class/cdc/cdc_device.c.obj
                0x10003468                tud_cdc_n_write_flush
 .text.tud_cdc_n_write
                0x100034f4       0x40 CMakeFiles/controller.dir/C_/pico/pico-sdk/lib/tinyusb/src/class/cdc/cdc_device.c.obj
                0x100034f4                tud_cdc_n_write
 .text.tud_cdc_n_write_available
                0x10003534       0x14 CMakeFiles/controller.dir/C_/pico/pico-sdk/lib/tinyusb/src/class/cdc/cdc_device.c.obj
                0x10003534                tud_cdc_n_write_available
 .text.cdcd_init
                0x10003548       0x70 CMakeFiles/controller.dir/C_/pico/pico-sdk/lib/tinyusb/src/class/cdc/cdc_device.c.obj
                0x10003548                cdcd_init
 .text.cdcd_deinit
                0x100035b8       0x30 CMakeFiles/controller.dir/C_/pico/pico-sdk/lib/tinyusb/src/class/cdc/cdc_device.c.obj
                0x100035b8                cdcd_deinit
 .text.cdcd_reset
                0x100035e8       0x4c CMakeFiles/controller.dir/C_/pico/pico-sdk/lib/tinyusb/src/class/cdc/cdc_device.c.obj
                0x100035e8                cdcd_reset
 .text.cdcd_open
                0x10003634       0xc0 CMakeFiles/controller.dir/C_/pico/pico-sdk/lib/tinyusb/src/class/cdc/cdc_device.c.obj
                0x10003634                cdcd_open
 .text.cdcd_control_xfer_cb
                0x100036f4       0xc0 CMakeFiles/controller.dir/C_/pico/pico-sdk/lib/tinyusb/src/class/cdc/cdc_device.c.obj
                0x100036f4                cdcd_control_xfer_cb
 .text.cdcd_xfer_cb
                0x100037b4       0xf8 CMakeFiles/controller.dir/C_/pico/pico-sdk/lib/tinyusb/src/class/cdc/cdc_device.c.obj
                0x100037b4                cdcd_xfer_cb
 .text.vendord_init
                0x100038ac       0x5c CMakeFiles/controller.dir/C_/pico/pico-sdk/lib/tinyusb/src/class/vendor/vendor_device.c.obj
                0x100038ac                vendord_init
 .text.vendord_deinit
                0x10003908       0x1c CMakeFiles/controller.dir/C_/pico/pico-sdk/lib/tinyusb/src/class/vendor/vendor_device.c.obj
                0x10003908                vendord_deinit
 .text.vendord_reset
                0x10003924       0x24 CMakeFiles/controller.dir/C_/pico/pico-sdk/lib/tinyusb/src/class/vendor/vendor_device.c.obj
                0x10003924                vendord_reset
 .text.vendord_open
                0x10003948       0xf4 CMakeFiles/controller.dir/C_/pico/pico-sdk/lib/tinyusb/src/class/vendor/vendor_device.c.obj
                0x10003948                vendord_open
 .text.vendord_xfer_cb
                0x10003a3c       0x88 CMakeFiles/controller.dir/C_/pico/pico-sdk/lib/tinyusb/src/class/vendor/vendor_device.c.obj
                0x10003a3c                vendord_xfer_cb
 .text.tusb_rhport_init
                0x10003ac4       0x64 CMakeFiles/controller.dir/C_/pico/pico-sdk/lib/tinyusb/src/tusb.c.obj
                0x10003ac4                tusb_rhport_init
 .text.tu_edpt_claim
                0x10003b28       0x54 CMakeFiles/controller.dir/C_/pico/pico-sdk/lib/tinyusb/src/tusb.c.obj
                0x10003b28                tu_edpt_claim
 .text.tu_edpt_release
                0x10003b7c       0x38 CMakeFiles/controller.dir/C_/pico/pico-sdk/lib/tinyusb/src/tusb.c.obj
                0x10003b7c                tu_edpt_release
 .text.tu_edpt_validate
                0x10003bb4       0x60 CMakeFiles/controller.dir/C_/pico/pico-sdk/lib/tinyusb/src/tusb.c.obj
                0x10003bb4                tu_edpt_validate
 .text.tu_edpt_bind_driver
                0x10003c14       0x58 CMakeFiles/controller.dir/C_/pico/pico-sdk/lib/tinyusb/src/tusb.c.obj
                0x10003c14                tu_edpt_bind_driver
 .text.tu_edpt_stream_init
                0x10003c6c       0x58 CMakeFiles/controller.dir/C_/pico/pico-sdk/lib/tinyusb/src/tusb.c.obj
                0x10003c6c                tu_edpt_stream_init
 .text.tu_edpt_stream_deinit
                0x10003cc4        0x4 CMakeFiles/controller.dir/C_/pico/pico-sdk/lib/tinyusb/src/tusb.c.obj
                0x10003cc4                tu_edpt_stream_deinit
 .text.tu_edpt_stream_write_zlp_if_needed
                0x10003cc8       0x68 CMakeFiles/controller.dir/C_/pico/pico-sdk/lib/tinyusb/src/tusb.c.obj
                0x10003cc8                tu_edpt_stream_write_zlp_if_needed
 .text.tu_edpt_stream_write_xfer
                0x10003d30       0x70 CMakeFiles/controller.dir/C_/pico/pico-sdk/lib/tinyusb/src/tusb.c.obj
                0x10003d30                tu_edpt_stream_write_xfer
 .text.tu_edpt_stream_read_xfer
                0x10003da0       0xc8 CMakeFiles/controller.dir/C_/pico/pico-sdk/lib/tinyusb/src/tusb.c.obj
                0x10003da0                tu_edpt_stream_read_xfer
 .text.tu_fifo_config
                0x10003e68       0x60 CMakeFiles/controller.dir/C_/pico/pico-sdk/lib/tinyusb/src/common/tusb_fifo.c.obj
                0x10003e68                tu_fifo_config
 .text.tu_fifo_count
                0x10003ec8       0x20 CMakeFiles/controller.dir/C_/pico/pico-sdk/lib/tinyusb/src/common/tusb_fifo.c.obj
                0x10003ec8                tu_fifo_count
 .text.tu_fifo_empty
                0x10003ee8       0x14 CMakeFiles/controller.dir/C_/pico/pico-sdk/lib/tinyusb/src/common/tusb_fifo.c.obj
                0x10003ee8                tu_fifo_empty
 .text.tu_fifo_remaining
                0x10003efc       0x24 CMakeFiles/controller.dir/C_/pico/pico-sdk/lib/tinyusb/src/common/tusb_fifo.c.obj
                0x10003efc                tu_fifo_remaining
 .text.tu_fifo_read
                0x10003f20       0x94 CMakeFiles/controller.dir/C_/pico/pico-sdk/lib/tinyusb/src/common/tusb_fifo.c.obj
                0x10003f20                tu_fifo_read
 .text.tu_fifo_read_n
                0x10003fb4       0xd8 CMakeFiles/controller.dir/C_/pico/pico-sdk/lib/tinyusb/src/common/tusb_fifo.c.obj
                0x10003fb4                tu_fifo_read_n
 .text.tu_fifo_write
                0x1000408c       0xa4 CMakeFiles/controller.dir/C_/pico/pico-sdk/lib/tinyusb/src/common/tusb_fifo.c.obj
                0x1000408c                tu_fifo_write
 .text.tu_fifo_write_n
                0x10004130      0x15c CMakeFiles/controller.dir/C_/pico/pico-sdk/lib/tinyusb/src/common/tusb_fifo.c.obj
                0x10004130                tu_fifo_write_n
 .text.tu_fifo_clear
                0x1000428c       0x38 CMakeFiles/controller.dir/C_/pico/pico-sdk/lib/tinyusb/src/common/tusb_fifo.c.obj
                0x1000428c                tu_fifo_clear
 .text.tu_fifo_set_overwritable
                0x100042c4       0x3c CMakeFiles/controller.dir/C_/pico/pico-sdk/lib/tinyusb/src/common/tusb_fifo.c.obj
                0x100042c4                tu_fifo_set_overwritable
 .text.__malloc_lock
                0x10004300        0xc C:/PROGRA~2/ARMGNU~1/14EFD8~1.2RE/bin/../lib/gcc/arm-none-eabi/14.2.1/thumb/v8-m.main+fp/softfp\libg.a(libc_a-mlock.o)
                0x10004300                __malloc_lock
 .text.__malloc_unlock
                0x1000430c        0xc C:/PROGRA~2/ARMGNU~1/14EFD8~1.2RE/bin/../lib/gcc/arm-none-eabi/14.2.1/thumb/v8-m.main+fp/softfp\libg.a(libc_a-mlock.o)
                0x1000430c                __malloc_unlock
 .text.__sflush_r
                0x10004318      0x134 C:/PROGRA~2/ARMGNU~1/14EFD8~1.2RE/bin/../lib/gcc/arm-none-eabi/14.2.1/thumb/v8-m.main+fp/softfp\libg.a(libc_a-fflush.o)
                0x10004318                __sflush_r
 .text._fflush_r
                0x1000444c       0x54 C:/PROGRA~2/ARMGNU~1/14EFD8~1.2RE/bin/../lib/gcc/arm-none-eabi/14.2.1/thumb/v8-m.main+fp/softfp\libg.a(libc_a-fflush.o)
                0x1000444c                _fflush_r
 .text.fflush   0x100044a0       0x74 C:/PROGRA~2/ARMGNU~1/14EFD8~1.2RE/bin/../lib/gcc/arm-none-eabi/14.2.1/thumb/v8-m.main+fp/softfp\libg.a(libc_a-fflush.o)
                0x100044a0                fflush
 .text.stdio_exit_handler
                0x10004514       0x18 C:/PROGRA~2/ARMGNU~1/14EFD8~1.2RE/bin/../lib/gcc/arm-none-eabi/14.2.1/thumb/v8-m.main+fp/softfp\libg.a(libc_a-findfp.o)
 .text.cleanup_stdio
                0x1000452c       0x40 C:/PROGRA~2/ARMGNU~1/14EFD8~1.2RE/bin/../lib/gcc/arm-none-eabi/14.2.1/thumb/v8-m.main+fp/softfp\libg.a(libc_a-findfp.o)
 .text.global_stdio_init.part.0
                0x1000456c       0xf0 C:/PROGRA~2/ARMGNU~1/14EFD8~1.2RE/bin/../lib/gcc/arm-none-eabi/14.2.1/thumb/v8-m.main+fp/softfp\libg.a(libc_a-findfp.o)
 .text.__sinit  0x1000465c       0x3c C:/PROGRA~2/ARMGNU~1/14EFD8~1.2RE/bin/../lib/gcc/arm-none-eabi/14.2.1/thumb/v8-m.main+fp/softfp\libg.a(libc_a-findfp.o)
                0x1000465c                __sinit
 .text.__sfp_lock_acquire
                0x10004698        0xc C:/PROGRA~2/ARMGNU~1/14EFD8~1.2RE/bin/../lib/gcc/arm-none-eabi/14.2.1/thumb/v8-m.main+fp/softfp\libg.a(libc_a-findfp.o)
                0x10004698                __sfp_lock_acquire
 .text.__sfp_lock_release
                0x100046a4        0xc C:/PROGRA~2/ARMGNU~1/14EFD8~1.2RE/bin/../lib/gcc/arm-none-eabi/14.2.1/thumb/v8-m.main+fp/softfp\libg.a(libc_a-findfp.o)
                0x100046a4                __sfp_lock_release
 .text._fwalk_sglue
                0x100046b0       0x44 C:/PROGRA~2/ARMGNU~1/14EFD8~1.2RE/bin/../lib/gcc/arm-none-eabi/14.2.1/thumb/v8-m.main+fp/softfp\libg.a(libc_a-fwalk.o)
                0x100046b0                _fwalk_sglue
 .text.__sread  0x100046f4       0x24 C:/PROGRA~2/ARMGNU~1/14EFD8~1.2RE/bin/../lib/gcc/arm-none-eabi/14.2.1/thumb/v8-m.main+fp/softfp\libg.a(libc_a-stdio.o)
                0x100046f4                __sread
 .text.__swrite
                0x10004718       0x40 C:/PROGRA~2/ARMGNU~1/14EFD8~1.2RE/bin/../lib/gcc/arm-none-eabi/14.2.1/thumb/v8-m.main+fp/softfp\libg.a(libc_a-stdio.o)
                0x10004718                __swrite
 .text.__sseek  0x10004758       0x28 C:/PROGRA~2/ARMGNU~1/14EFD8~1.2RE/bin/../lib/gcc/arm-none-eabi/14.2.1/thumb/v8-m.main+fp/softfp\libg.a(libc_a-stdio.o)
                0x10004758                __sseek
 .text.__sclose
                0x10004780        0x8 C:/PROGRA~2/ARMGNU~1/14EFD8~1.2RE/bin/../lib/gcc/arm-none-eabi/14.2.1/thumb/v8-m.main+fp/softfp\libg.a(libc_a-stdio.o)
                0x10004780                __sclose
 .text.memset   0x10004788       0x9c C:/PROGRA~2/ARMGNU~1/14EFD8~1.2RE/bin/../lib/gcc/arm-none-eabi/14.2.1/thumb/v8-m.main+fp/softfp\libg.a(libc_a-memset.o)
                0x10004788                memset
 .text._close_r
                0x10004824       0x24 C:/PROGRA~2/ARMGNU~1/14EFD8~1.2RE/bin/../lib/gcc/arm-none-eabi/14.2.1/thumb/v8-m.main+fp/softfp\libg.a(libc_a-closer.o)
                0x10004824                _close_r
 .text._lseek_r
                0x10004848       0x2c C:/PROGRA~2/ARMGNU~1/14EFD8~1.2RE/bin/../lib/gcc/arm-none-eabi/14.2.1/thumb/v8-m.main+fp/softfp\libg.a(libc_a-lseekr.o)
                0x10004848                _lseek_r
 .text._read_r  0x10004874       0x2c C:/PROGRA~2/ARMGNU~1/14EFD8~1.2RE/bin/../lib/gcc/arm-none-eabi/14.2.1/thumb/v8-m.main+fp/softfp\libg.a(libc_a-readr.o)
                0x10004874                _read_r
 .text._sbrk_r  0x100048a0       0x24 C:/PROGRA~2/ARMGNU~1/14EFD8~1.2RE/bin/../lib/gcc/arm-none-eabi/14.2.1/thumb/v8-m.main+fp/softfp\libg.a(libc_a-sbrkr.o)
                0x100048a0                _sbrk_r
 .text._write_r
                0x100048c4       0x2c C:/PROGRA~2/ARMGNU~1/14EFD8~1.2RE/bin/../lib/gcc/arm-none-eabi/14.2.1/thumb/v8-m.main+fp/softfp\libg.a(libc_a-writer.o)
                0x100048c4                _write_r
 .text.__errno  0x100048f0        0xc C:/PROGRA~2/ARMGNU~1/14EFD8~1.2RE/bin/../lib/gcc/arm-none-eabi/14.2.1/thumb/v8-m.main+fp/softfp\libg.a(libc_a-errno.o)
                0x100048f0                __errno
 .text.__retarget_lock_init_recursive
                0x100048fc        0x4 C:/PROGRA~2/ARMGNU~1/14EFD8~1.2RE/bin/../lib/gcc/arm-none-eabi/14.2.1/thumb/v8-m.main+fp/softfp\libg.a(libc_a-lock.o)
                0x100048fc                __retarget_lock_init_recursive
 .text.__retarget_lock_close_recursive
                0x10004900        0x4 C:/PROGRA~2/ARMGNU~1/14EFD8~1.2RE/bin/../lib/gcc/arm-none-eabi/14.2.1/thumb/v8-m.main+fp/softfp\libg.a(libc_a-lock.o)
                0x10004900                __retarget_lock_close_recursive
 .text.__retarget_lock_acquire_recursive
                0x10004904        0x4 C:/PROGRA~2/ARMGNU~1/14EFD8~1.2RE/bin/../lib/gcc/arm-none-eabi/14.2.1/thumb/v8-m.main+fp/softfp\libg.a(libc_a-lock.o)
                0x10004904                __retarget_lock_acquire_recursive
 .text.__retarget_lock_release_recursive
                0x10004908        0x4 C:/PROGRA~2/ARMGNU~1/14EFD8~1.2RE/bin/../lib/gcc/arm-none-eabi/14.2.1/thumb/v8-m.main+fp/softfp\libg.a(libc_a-lock.o)
                0x10004908                __retarget_lock_release_recursive
 .text.sysconf  0x1000490c       0x1c C:/PROGRA~2/ARMGNU~1/14EFD8~1.2RE/bin/../lib/gcc/arm-none-eabi/14.2.1/thumb/v8-m.main+fp/softfp\libg.a(libc_a-sysconf.o)
                0x1000490c                sysconf
 .text          0x10004928       0xec C:/PROGRA~2/ARMGNU~1/14EFD8~1.2RE/bin/../lib/gcc/arm-none-eabi/14.2.1/thumb/v8-m.main+fp/softfp\libg.a(libc_a-memcpy.o)
                0x10004928                memcpy
 .text.strlen   0x10004a14       0x5c C:/PROGRA~2/ARMGNU~1/14EFD8~1.2RE/bin/../lib/gcc/arm-none-eabi/14.2.1/thumb/v8-m.main+fp/softfp\libg.a(libc_a-strlen-stub.o)
                0x10004a14                strlen
 .text._malloc_trim_r
                0x10004a70       0xb8 C:/PROGRA~2/ARMGNU~1/14EFD8~1.2RE/bin/../lib/gcc/arm-none-eabi/14.2.1/thumb/v8-m.main+fp/softfp\libg.a(libc_a-freer.o)
                0x10004a70                _malloc_trim_r
 .text._free_r  0x10004b28      0x1e8 C:/PROGRA~2/ARMGNU~1/14EFD8~1.2RE/bin/../lib/gcc/arm-none-eabi/14.2.1/thumb/v8-m.main+fp/softfp\libg.a(libc_a-freer.o)
                0x10004b28                _free_r
 .text._fclose_r
                0x10004d10       0xc0 C:/PROGRA~2/ARMGNU~1/14EFD8~1.2RE/bin/../lib/gcc/arm-none-eabi/14.2.1/thumb/v8-m.main+fp/softfp\libg.a(libc_a-fclose.o)
                0x10004d10                _fclose_r
 *(.fini)
 .fini          0x10004dd0        0x4 C:/PROGRA~2/ARMGNU~1/14EFD8~1.2RE/bin/../lib/gcc/arm-none-eabi/14.2.1/thumb/v8-m.main+fp/softfp/crti.o
                0x10004dd0                _fini
 *fill*         0x10004dd4        0x4 
 .fini.__stub   0x10004dd8       0x50 linker stubs
 *crtbegin.o(.ctors)
 *crtbegin?.o(.ctors)
 *(EXCLUDE_FILE(*crtend.o *crtend?.o) .ctors)
 *(SORT_BY_NAME(.ctors.*))
 *(.ctors)
 *crtbegin.o(.dtors)
 *crtbegin?.o(.dtors)
 *(EXCLUDE_FILE(*crtend.o *crtend?.o) .dtors)
 *(SORT_BY_NAME(.dtors.*))
 *(.dtors)
                0x10004e28                        . = ALIGN (0x4)
                0x10004e28                        PROVIDE (__preinit_array_start = .)
 *(SORT_BY_NAME(.preinit_array.*))
 .preinit_array.00050
                0x10004e28        0x4 CMakeFiles/controller.dir/C_/pico/pico-sdk/src/rp2_common/pico_runtime_init/runtime_init.c.obj
                0x10004e28                __pre_init_runtime_init_bootrom_reset
 .preinit_array.00100
                0x10004e2c        0x4 CMakeFiles/controller.dir/C_/pico/pico-sdk/src/rp2_common/pico_runtime_init/runtime_init.c.obj
                0x10004e2c                __pre_init_runtime_init_early_resets
 .preinit_array.00101
                0x10004e30        0x4 CMakeFiles/controller.dir/C_/pico/pico-sdk/src/rp2_common/pico_runtime_init/runtime_init.c.obj
                0x10004e30                __pre_init_runtime_init_usb_power_down
 .preinit_array.00500
                0x10004e34        0x4 CMakeFiles/controller.dir/C_/pico/pico-sdk/src/rp2_common/pico_runtime_init/runtime_init.c.obj
                0x10004e34                __pre_init_runtime_init_clocks
 .preinit_array.00600
                0x10004e38        0x4 CMakeFiles/controller.dir/C_/pico/pico-sdk/src/rp2_common/pico_runtime_init/runtime_init.c.obj
                0x10004e38                __pre_init_runtime_init_post_clock_resets
 .preinit_array.01000
                0x10004e3c        0x4 CMakeFiles/controller.dir/C_/pico/pico-sdk/src/rp2_common/hardware_boot_lock/boot_lock.c.obj
                0x10004e3c                __pre_init_runtime_init_boot_locks_reset
 .preinit_array.01000
                0x10004e40        0x4 CMakeFiles/controller.dir/C_/pico/pico-sdk/src/rp2_common/pico_runtime_init/runtime_init.c.obj
                0x10004e40                __pre_init_runtime_init_spin_locks_reset
 .preinit_array.01010
                0x10004e44        0x4 CMakeFiles/controller.dir/C_/pico/pico-sdk/src/rp2_common/pico_bootrom/bootrom_lock.c.obj
                0x10004e44                __pre_init_runtime_init_bootrom_locking_enable
 .preinit_array.01100
                0x10004e48        0x4 CMakeFiles/controller.dir/C_/pico/pico-sdk/src/common/pico_sync/mutex.c.obj
                0x10004e48                __pre_init_runtime_init_mutex
 .preinit_array.10080
                0x10004e4c        0x4 CMakeFiles/controller.dir/C_/pico/pico-sdk/src/rp2_common/pico_runtime_init/runtime_init.c.obj
                0x10004e4c                __pre_init_runtime_init_install_ram_vector_table
 .preinit_array.11000
                0x10004e50        0x4 CMakeFiles/controller.dir/C_/pico/pico-sdk/src/common/pico_time/time.c.obj
                0x10004e50                __pre_init_runtime_init_default_alarm_pool
 .preinit_array.YYYYY
                0x10004e54        0x4 CMakeFiles/controller.dir/C_/pico/pico-sdk/src/rp2_common/pico_runtime/runtime.c.obj
                0x10004e54                __pre_init_first_per_core_initializer
 .preinit_array.ZZZZZ.00051
                0x10004e58        0x4 CMakeFiles/controller.dir/C_/pico/pico-sdk/src/rp2_common/pico_runtime_init/runtime_init.c.obj
                0x10004e58                __pre_init_runtime_init_per_core_bootrom_reset
 .preinit_array.ZZZZZ.00200
                0x10004e5c        0x4 CMakeFiles/controller.dir/C_/pico/pico-sdk/src/rp2_common/pico_runtime_init/runtime_init.c.obj
                0x10004e5c                __pre_init_runtime_init_per_core_enable_coprocessors
 .preinit_array.ZZZZZ.01000
                0x10004e60        0x4 CMakeFiles/controller.dir/C_/pico/pico-sdk/src/rp2_common/hardware_sync_spin_lock/sync_spin_lock.c.obj
                0x10004e60                __pre_init_spinlock_set_extexclall
 .preinit_array.ZZZZZ.01200
                0x10004e64        0x4 CMakeFiles/controller.dir/C_/pico/pico-sdk/src/rp2_common/hardware_irq/irq.c.obj
                0x10004e64                __pre_init_runtime_init_per_core_irq_priorities
 *(.preinit_array)
                0x10004e68                        PROVIDE (__preinit_array_end = .)
                0x10004e68                        . = ALIGN (0x4)
                0x10004e68                        PROVIDE (__init_array_start = .)
 *(SORT_BY_NAME(.init_array.*))
 .init_array.01000
                0x10004e68        0x4 CMakeFiles/controller.dir/C_/pico/pico-sdk/src/rp2_common/pico_unique_id/unique_id.c.obj
 *(.init_array)
 .init_array    0x10004e6c        0x4 C:/PROGRA~2/ARMGNU~1/14EFD8~1.2RE/bin/../lib/gcc/arm-none-eabi/14.2.1/thumb/v8-m.main+fp/softfp/crtbegin.o
                0x10004e70                        PROVIDE (__init_array_end = .)
                0x10004e70                        . = ALIGN (0x4)
                [!provide]                        PROVIDE (__fini_array_start = .)
 *(SORT_BY_NAME(.fini_array.*))
 *(.fini_array)
                [!provide]                        PROVIDE (__fini_array_end = .)
 *(.eh_frame*)
 .eh_frame      0x10004e70        0x0 C:/PROGRA~2/ARMGNU~1/14EFD8~1.2RE/bin/../lib/gcc/arm-none-eabi/14.2.1/thumb/v8-m.main+fp/softfp/crtbegin.o
                0x10004e70                        . = ALIGN (0x4)

.glue_7         0x10004e70        0x0
 .glue_7        0x10004e70        0x0 linker stubs

.glue_7t        0x10004e70        0x0
 .glue_7t       0x10004e70        0x0 linker stubs

.vfp11_veneer   0x10004e70        0x0
 .vfp11_veneer  0x10004e70        0x0 linker stubs

.v4_bx          0x10004e70        0x0
 .v4_bx         0x10004e70        0x0 linker stubs

.iplt           0x10004e70        0x0
 .iplt          0x10004e70        0x0 C:/PROGRA~2/ARMGNU~1/14EFD8~1.2RE/bin/../lib/gcc/arm-none-eabi/14.2.1/thumb/v8-m.main+fp/softfp/crtbegin.o

.boot2          0x10004e70        0x0
                0x10004e70                        __boot2_start__ = .
 *(.boot2)
                0x10004e70                        __boot2_end__ = .
                0x00000001                        ASSERT (((__boot2_end__ - __boot2_start__) <= 0x100), ERROR: Pico second stage bootloader must be no more than 256 bytes in size)

.rodata         0x10004e70      0x370
 *(EXCLUDE_FILE(*libm.a: *libc.a:*lib_a-mem*.o *libgcc.a:) .rodata*)
 .rodata.panic.str1.4
                0x10004e70      0x158 CMakeFiles/controller.dir/C_/pico/pico-sdk/src/rp2_common/pico_platform_panic/panic.c.obj
                                 0x12 (size before relaxing)
 .rodata.spin_lock_claim_unused.str1.4
                0x10004fc8       0x1b CMakeFiles/controller.dir/C_/pico/pico-sdk/src/rp2_common/hardware_sync/sync.c.obj
 .rodata.user_irq_claim_unused.str1.4
                0x10004fc8       0x1b CMakeFiles/controller.dir/C_/pico/pico-sdk/src/rp2_common/hardware_irq/irq.c.obj
 .rodata.at_the_end_of_time
                0x10004fc8        0x8 CMakeFiles/controller.dir/C_/pico/pico-sdk/src/common/pico_time/time.c.obj
                0x10004fc8                at_the_end_of_time
 .rodata.timer_hardware_alarm_claim.str1.4
                0x10004fd0       0x22 CMakeFiles/controller.dir/C_/pico/pico-sdk/src/rp2_common/hardware_timer/timer.c.obj
 .rodata.hard_assertion_failure.str1.4
                0x10004fd0        0xc CMakeFiles/controller.dir/C_/pico/pico-sdk/src/rp2_common/pico_runtime/runtime.c.obj
 .rodata.str1.4
                0x10004fd0       0x40 CMakeFiles/controller.dir/C_/pico/pico-sdk/src/rp2_common/pico_standard_binary_info/standard_binary_info.c.obj
 .rodata.__bi_84
                0x10004fd0        0xc CMakeFiles/controller.dir/C_/pico/pico-sdk/src/rp2_common/pico_standard_binary_info/standard_binary_info.c.obj
 .rodata.__bi_78
                0x10004fdc        0xc CMakeFiles/controller.dir/C_/pico/pico-sdk/src/rp2_common/pico_standard_binary_info/standard_binary_info.c.obj
 .rodata.__bi_54
                0x10004fe8        0xc CMakeFiles/controller.dir/C_/pico/pico-sdk/src/rp2_common/pico_standard_binary_info/standard_binary_info.c.obj
 .rodata.__bi_48
                0x10004ff4        0xc CMakeFiles/controller.dir/C_/pico/pico-sdk/src/rp2_common/pico_standard_binary_info/standard_binary_info.c.obj
 .rodata.__bi_42
                0x10005000        0xc CMakeFiles/controller.dir/C_/pico/pico-sdk/src/rp2_common/pico_standard_binary_info/standard_binary_info.c.obj
 .rodata.__bi_34
                0x1000500c        0xc CMakeFiles/controller.dir/C_/pico/pico-sdk/src/rp2_common/pico_standard_binary_info/standard_binary_info.c.obj
 .rodata.__bi_26
                0x10005018        0xc CMakeFiles/controller.dir/C_/pico/pico-sdk/src/rp2_common/pico_standard_binary_info/standard_binary_info.c.obj
 .rodata.crlf_str.0
                0x10005024        0x2 CMakeFiles/controller.dir/C_/pico/pico-sdk/src/rp2_common/pico_stdio/stdio.c.obj
 *fill*         0x10005026        0x2 
 .rodata._resetd_driver
                0x10005028       0x20 CMakeFiles/controller.dir/C_/pico/pico-sdk/src/rp2_common/pico_stdio_usb/reset_interface.c.obj
 .rodata.desc_ms_os_20
                0x10005048       0xa6 CMakeFiles/controller.dir/C_/pico/pico-sdk/src/rp2_common/pico_stdio_usb/reset_interface.c.obj
 *fill*         0x100050ee        0x2 
 .rodata.desc_bos
                0x100050f0       0x21 CMakeFiles/controller.dir/C_/pico/pico-sdk/src/rp2_common/pico_stdio_usb/reset_interface.c.obj
                0x100050f0                desc_bos
 .rodata.str1.4
                0x10005111       0x13 CMakeFiles/controller.dir/C_/pico/pico-sdk/src/rp2_common/pico_stdio_usb/stdio_usb.c.obj
 *fill*         0x10005111        0x3 
 .rodata.__bi_202.0
                0x10005114        0xc CMakeFiles/controller.dir/C_/pico/pico-sdk/src/rp2_common/pico_stdio_usb/stdio_usb.c.obj
 .rodata.str1.4
                0x10005120       0x2a CMakeFiles/controller.dir/C_/pico/pico-sdk/src/rp2_common/pico_stdio_usb/stdio_usb_descriptors.c.obj
 .rodata.usbd_desc_str
                0x10005120       0x18 CMakeFiles/controller.dir/C_/pico/pico-sdk/src/rp2_common/pico_stdio_usb/stdio_usb_descriptors.c.obj
 .rodata.usbd_desc_cfg
                0x10005138       0x54 CMakeFiles/controller.dir/C_/pico/pico-sdk/src/rp2_common/pico_stdio_usb/stdio_usb_descriptors.c.obj
 .rodata.usbd_desc_device
                0x1000518c       0x12 CMakeFiles/controller.dir/C_/pico/pico-sdk/src/rp2_common/pico_stdio_usb/stdio_usb_descriptors.c.obj
 .rodata.str1.4
                0x1000519e       0x14 CMakeFiles/controller.dir/C_/pico/pico-sdk/lib/tinyusb/src/portable/raspberrypi/rp2040/dcd_rp2040.c.obj
 .rodata.str1.4
                0x1000519e       0x48 CMakeFiles/controller.dir/C_/pico/pico-sdk/lib/tinyusb/src/portable/raspberrypi/rp2040/rp2040_usb.c.obj
 *fill*         0x1000519e        0x2 
 .rodata._usbd_driver
                0x100051a0       0x40 CMakeFiles/controller.dir/C_/pico/pico-sdk/lib/tinyusb/src/device/usbd.c.obj
 *(.srodata*)
                0x100051e0                        . = ALIGN (0x4)
 *(SORT_BY_ALIGNMENT(SORT_BY_NAME(.flashdata*)))
                0x100051e0                        . = ALIGN (0x4)

.ARM.extab
 *(.ARM.extab* .gnu.linkonce.armextab.*)
                0x100051e0                        __exidx_start = .

.ARM.exidx      0x100051e0        0x8
 *(.ARM.exidx* .gnu.linkonce.armexidx.*)
 .ARM.exidx     0x100051e0        0x8 C:/PROGRA~2/ARMGNU~1/14EFD8~1.2RE/bin/../lib/gcc/arm-none-eabi/14.2.1/thumb/v8-m.main+fp/softfp\libg.a(libc_a-memcpy.o)
 .ARM.exidx.text.__udivmoddi4
                0x100051e8        0x0 C:/PROGRA~2/ARMGNU~1/14EFD8~1.2RE/bin/../lib/gcc/arm-none-eabi/14.2.1/thumb/v8-m.main+fp/softfp\libgcc.a(_udivmoddi4.o)
                                  0x8 (size before relaxing)
                0x100051e8                        __exidx_end = .
                0x100051e8                        . = ALIGN (0x4)
                0x100051e8                        __binary_info_start = .

.binary_info    0x100051e8       0x20
 *(.binary_info.keep.*)
 .binary_info.keep.__bi_ptr84
                0x100051e8        0x4 CMakeFiles/controller.dir/C_/pico/pico-sdk/src/rp2_common/pico_standard_binary_info/standard_binary_info.c.obj
 .binary_info.keep.__bi_ptr78
                0x100051ec        0x4 CMakeFiles/controller.dir/C_/pico/pico-sdk/src/rp2_common/pico_standard_binary_info/standard_binary_info.c.obj
 .binary_info.keep.__bi_ptr54
                0x100051f0        0x4 CMakeFiles/controller.dir/C_/pico/pico-sdk/src/rp2_common/pico_standard_binary_info/standard_binary_info.c.obj
 .binary_info.keep.__bi_ptr48
                0x100051f4        0x4 CMakeFiles/controller.dir/C_/pico/pico-sdk/src/rp2_common/pico_standard_binary_info/standard_binary_info.c.obj
 .binary_info.keep.__bi_ptr42
                0x100051f8        0x4 CMakeFiles/controller.dir/C_/pico/pico-sdk/src/rp2_common/pico_standard_binary_info/standard_binary_info.c.obj
 .binary_info.keep.__bi_ptr34
                0x100051fc        0x4 CMakeFiles/controller.dir/C_/pico/pico-sdk/src/rp2_common/pico_standard_binary_info/standard_binary_info.c.obj
 .binary_info.keep.__bi_ptr26
                0x10005200        0x4 CMakeFiles/controller.dir/C_/pico/pico-sdk/src/rp2_common/pico_standard_binary_info/standard_binary_info.c.obj
 *(.binary_info.*)
 .binary_info.__bi_ptr202
                0x10005204        0x4 CMakeFiles/controller.dir/C_/pico/pico-sdk/src/rp2_common/pico_stdio_usb/stdio_usb.c.obj
                0x10005208                        __binary_info_end = .
                0x10005208                        . = ALIGN (0x4)

.ram_vector_table
                0x20000000      0x110
 *(.ram_vector_table)
 .ram_vector_table
                0x20000000      0x110 CMakeFiles/controller.dir/C_/pico/pico-sdk/src/rp2_common/pico_runtime_init/runtime_init.c.obj
                0x20000000                ram_vector_table

.uninitialized_data
                0x20000110        0x0
                0x20000110                        . = ALIGN (0x4)
 *(.uninitialized_data*)

.data           0x20000110     0x1678 load address 0x10005208
                0x20000110                        __data_start__ = .
 *(vtable)
 *(.time_critical*)
 .time_critical.mutex_try_enter
                0x20000110       0x50 CMakeFiles/controller.dir/C_/pico/pico-sdk/src/common/pico_sync/mutex.c.obj
                0x20000110                mutex_try_enter
 .time_critical.mutex_enter_block_until
                0x20000160       0x6c CMakeFiles/controller.dir/C_/pico/pico-sdk/src/common/pico_sync/mutex.c.obj
                0x20000160                mutex_enter_block_until
 .time_critical.mutex_try_enter_block_until
                0x200001cc       0x68 CMakeFiles/controller.dir/C_/pico/pico-sdk/src/common/pico_sync/mutex.c.obj
                0x200001cc                mutex_try_enter_block_until
 .time_critical.mutex_enter_timeout_ms
                0x20000234       0x38 CMakeFiles/controller.dir/C_/pico/pico-sdk/src/common/pico_sync/mutex.c.obj
                0x20000234                mutex_enter_timeout_ms
 .time_critical.mutex_exit
                0x2000026c       0x3c CMakeFiles/controller.dir/C_/pico/pico-sdk/src/common/pico_sync/mutex.c.obj
                0x2000026c                mutex_exit
 .time_critical.reset_non_control_endpoints
                0x200002a8       0x64 CMakeFiles/controller.dir/C_/pico/pico-sdk/lib/tinyusb/src/portable/raspberrypi/rp2040/dcd_rp2040.c.obj
 .time_critical.hw_handle_buff_status
                0x2000030c       0x90 CMakeFiles/controller.dir/C_/pico/pico-sdk/lib/tinyusb/src/portable/raspberrypi/rp2040/dcd_rp2040.c.obj
 .time_critical.dcd_rp2040_irq
                0x2000039c      0x530 CMakeFiles/controller.dir/C_/pico/pico-sdk/lib/tinyusb/src/portable/raspberrypi/rp2040/dcd_rp2040.c.obj
 .time_critical.prepare_ep_buffer
                0x200008cc       0xc0 CMakeFiles/controller.dir/C_/pico/pico-sdk/lib/tinyusb/src/portable/raspberrypi/rp2040/rp2040_usb.c.obj
 .time_critical.sync_ep_buffer
                0x2000098c       0xb4 CMakeFiles/controller.dir/C_/pico/pico-sdk/lib/tinyusb/src/portable/raspberrypi/rp2040/rp2040_usb.c.obj
 .time_critical._hw_endpoint_xfer_sync
                0x20000a40       0x2c CMakeFiles/controller.dir/C_/pico/pico-sdk/lib/tinyusb/src/portable/raspberrypi/rp2040/rp2040_usb.c.obj
 .time_critical.e15_is_bulkin_ep
                0x20000a6c       0x28 CMakeFiles/controller.dir/C_/pico/pico-sdk/lib/tinyusb/src/portable/raspberrypi/rp2040/rp2040_usb.c.obj
 .time_critical.e15_is_critical_frame_period
                0x20000a94       0x28 CMakeFiles/controller.dir/C_/pico/pico-sdk/lib/tinyusb/src/portable/raspberrypi/rp2040/rp2040_usb.c.obj
 .time_critical.hw_endpoint_reset_transfer
                0x20000abc        0xc CMakeFiles/controller.dir/C_/pico/pico-sdk/lib/tinyusb/src/portable/raspberrypi/rp2040/rp2040_usb.c.obj
                0x20000abc                hw_endpoint_reset_transfer
 .time_critical._hw_endpoint_buffer_control_update32
                0x20000ac8       0x44 CMakeFiles/controller.dir/C_/pico/pico-sdk/lib/tinyusb/src/portable/raspberrypi/rp2040/rp2040_usb.c.obj
                0x20000ac8                _hw_endpoint_buffer_control_update32
 .time_critical.hw_endpoint_start_next_buffer
                0x20000b0c       0x64 CMakeFiles/controller.dir/C_/pico/pico-sdk/lib/tinyusb/src/portable/raspberrypi/rp2040/rp2040_usb.c.obj
                0x20000b0c                hw_endpoint_start_next_buffer
 .time_critical.hw_endpoint_xfer_continue
                0x20000b70       0x3c CMakeFiles/controller.dir/C_/pico/pico-sdk/lib/tinyusb/src/portable/raspberrypi/rp2040/rp2040_usb.c.obj
                0x20000b70                hw_endpoint_xfer_continue
 .time_critical.tinyusb
                0x20000bac      0x224 CMakeFiles/controller.dir/C_/pico/pico-sdk/lib/tinyusb/src/device/usbd.c.obj
                0x20000bac                dcd_event_handler
 *(.text*)
 .text          0x20000dd0       0x30 C:/PROGRA~2/ARMGNU~1/14EFD8~1.2RE/bin/../lib/gcc/arm-none-eabi/14.2.1/thumb/v8-m.main+fp/softfp\libgcc.a(_aeabi_uldivmod.o)
                0x20000dd0                __aeabi_uldivmod
 .text.__udivmoddi4
                0x20000e00      0x34c C:/PROGRA~2/ARMGNU~1/14EFD8~1.2RE/bin/../lib/gcc/arm-none-eabi/14.2.1/thumb/v8-m.main+fp/softfp\libgcc.a(_udivmoddi4.o)
                0x20000e00                __udivmoddi4
 .text          0x2000114c        0x4 C:/PROGRA~2/ARMGNU~1/14EFD8~1.2RE/bin/../lib/gcc/arm-none-eabi/14.2.1/thumb/v8-m.main+fp/softfp\libgcc.a(_dvmd_tls.o)
                0x2000114c                __aeabi_idiv0
                0x2000114c                __aeabi_ldiv0
 .text.__stub   0x20001150       0x30 linker stubs
                0x20001180                        . = ALIGN (0x4)
 *(.rodata*)
                0x20001180                        . = ALIGN (0x4)
 *(.data*)
 .data.striped_spin_lock_num
                0x20001180        0x1 CMakeFiles/controller.dir/C_/pico/pico-sdk/src/rp2_common/hardware_sync/sync.c.obj
 *fill*         0x20001181        0x3 
 .data          0x20001184       0x48 CMakeFiles/controller.dir/C_/pico/pico-sdk/src/rp2_common/hardware_irq/irq_handler_chain.S.obj
                0x20001184                irq_handler_chain_slots
                0x200011b4                irq_handler_chain_first_slot
                0x200011be                irq_handler_chain_remove_tail
 .data.default_alarm_pool
                0x200011cc       0x18 CMakeFiles/controller.dir/C_/pico/pico-sdk/src/common/pico_time/time.c.obj
 .data.stdio_usb
                0x200011e4       0x18 CMakeFiles/controller.dir/C_/pico/pico-sdk/src/rp2_common/pico_stdio_usb/stdio_usb.c.obj
                0x200011e4                stdio_usb
 .data._usbd_qdef
                0x200011fc       0x1c CMakeFiles/controller.dir/C_/pico/pico-sdk/lib/tinyusb/src/device/usbd.c.obj
                0x200011fc                _usbd_qdef
 .data._usbd_rhport
                0x20001218        0x1 CMakeFiles/controller.dir/C_/pico/pico-sdk/lib/tinyusb/src/device/usbd.c.obj
 *fill*         0x20001219        0x3 
 .data.__malloc_sbrk_base
                0x2000121c        0x4 C:/PROGRA~2/ARMGNU~1/14EFD8~1.2RE/bin/../lib/gcc/arm-none-eabi/14.2.1/thumb/v8-m.main+fp/softfp\libg.a(libc_a-mallocr.o)
                0x2000121c                __malloc_sbrk_base
 .data.__malloc_trim_threshold
                0x20001220        0x4 C:/PROGRA~2/ARMGNU~1/14EFD8~1.2RE/bin/../lib/gcc/arm-none-eabi/14.2.1/thumb/v8-m.main+fp/softfp\libg.a(libc_a-mallocr.o)
                0x20001220                __malloc_trim_threshold
 *fill*         0x20001224        0x4 
 .data.__malloc_av_
                0x20001228      0x408 C:/PROGRA~2/ARMGNU~1/14EFD8~1.2RE/bin/../lib/gcc/arm-none-eabi/14.2.1/thumb/v8-m.main+fp/softfp\libg.a(libc_a-mallocr.o)
                0x20001228                __malloc_av_
 .data.__sglue  0x20001630        0xc C:/PROGRA~2/ARMGNU~1/14EFD8~1.2RE/bin/../lib/gcc/arm-none-eabi/14.2.1/thumb/v8-m.main+fp/softfp\libg.a(libc_a-findfp.o)
                0x20001630                __sglue
 .data._impure_ptr
                0x2000163c        0x4 C:/PROGRA~2/ARMGNU~1/14EFD8~1.2RE/bin/../lib/gcc/arm-none-eabi/14.2.1/thumb/v8-m.main+fp/softfp\libg.a(libc_a-impure.o)
                0x2000163c                _impure_ptr
 .data._impure_data
                0x20001640      0x140 C:/PROGRA~2/ARMGNU~1/14EFD8~1.2RE/bin/../lib/gcc/arm-none-eabi/14.2.1/thumb/v8-m.main+fp/softfp\libg.a(libc_a-impure.o)
                0x20001640                _impure_data
 *(.sdata*)
                0x20001780                        . = ALIGN (0x4)
 *(.after_data.*)
                0x20001780                        . = ALIGN (0x4)
                0x20001780                        PROVIDE (__mutex_array_start = .)
 *(SORT_BY_NAME(.mutex_array.*))
 *(.mutex_array)
 .mutex_array   0x20001780        0x8 CMakeFiles/controller.dir/C_/pico/pico-sdk/src/rp2_common/pico_stdio/stdio.c.obj
                0x20001788                        PROVIDE (__mutex_array_end = .)
 *(.jcr)
                0x20001788                        . = ALIGN (0x4)

.tm_clone_table
                0x20001788        0x0 load address 0x10006880
 .tm_clone_table
                0x20001788        0x0 C:/PROGRA~2/ARMGNU~1/14EFD8~1.2RE/bin/../lib/gcc/arm-none-eabi/14.2.1/thumb/v8-m.main+fp/softfp/crtbegin.o
 .tm_clone_table
                0x20001788        0x0 C:/PROGRA~2/ARMGNU~1/14EFD8~1.2RE/bin/../lib/gcc/arm-none-eabi/14.2.1/thumb/v8-m.main+fp/softfp/crtend.o

.igot.plt       0x20001788        0x0 load address 0x10006880
 .igot.plt      0x20001788        0x0 C:/PROGRA~2/ARMGNU~1/14EFD8~1.2RE/bin/../lib/gcc/arm-none-eabi/14.2.1/thumb/v8-m.main+fp/softfp/crtbegin.o

.tdata          0x20001788        0x0 load address 0x10006880
                0x20001788                        . = ALIGN (0x4)
 *(.tdata .tdata.* .gnu.linkonce.td.*)
                0x20001788                        __tdata_end = .
                0x20001788                        PROVIDE (__data_end__ = .)
                0x10005208                        __etext = LOADADDR (.data)

.tbss           0x20001788        0x0 load address 0x10006880
                0x20001788                        . = ALIGN (0x4)
                0x20001788                        __bss_start__ = .
                0x20001788                        __tls_base = .
 *(.tbss .tbss.* .gnu.linkonce.tb.*)
 *(.tcommon)
                0x20001788                        __tls_end = .

.bss            0x20001788      0xda0 load address 0x10006880
                0x20001788                        . = ALIGN (0x4)
                0x20001788                        __tbss_end = .
 *(SORT_BY_ALIGNMENT(SORT_BY_NAME(.bss*)))
 .bss.default_alarm_pool_entries
                0x20001788      0x180 CMakeFiles/controller.dir/C_/pico/pico-sdk/src/common/pico_time/time.c.obj
 .bss.last_avail_time.1
                0x20001908        0x8 CMakeFiles/controller.dir/C_/pico/pico-sdk/src/rp2_common/pico_stdio_usb/stdio_usb.c.obj
 .bss.__lock___malloc_recursive_mutex
                0x20001910        0x1 C:/PROGRA~2/ARMGNU~1/14EFD8~1.2RE/bin/../lib/gcc/arm-none-eabi/14.2.1/thumb/v8-m.main+fp/softfp\libg.a(libc_a-lock.o)
                0x20001910                __lock___malloc_recursive_mutex
 *fill*         0x20001911        0x3 
 .bss.__lock___sfp_recursive_mutex
                0x20001914        0x1 C:/PROGRA~2/ARMGNU~1/14EFD8~1.2RE/bin/../lib/gcc/arm-none-eabi/14.2.1/thumb/v8-m.main+fp/softfp\libg.a(libc_a-lock.o)
                0x20001914                __lock___sfp_recursive_mutex
 *fill*         0x20001915        0x3 
 .bss.__malloc_current_mallinfo
                0x20001918       0x28 C:/PROGRA~2/ARMGNU~1/14EFD8~1.2RE/bin/../lib/gcc/arm-none-eabi/14.2.1/thumb/v8-m.main+fp/softfp\libg.a(libc_a-mallocr.o)
                0x20001918                __malloc_current_mallinfo
 .bss.__malloc_top_pad
                0x20001940        0x4 C:/PROGRA~2/ARMGNU~1/14EFD8~1.2RE/bin/../lib/gcc/arm-none-eabi/14.2.1/thumb/v8-m.main+fp/softfp\libg.a(libc_a-mallocr.o)
                0x20001940                __malloc_top_pad
 .bss.__sf      0x20001944      0x138 C:/PROGRA~2/ARMGNU~1/14EFD8~1.2RE/bin/../lib/gcc/arm-none-eabi/14.2.1/thumb/v8-m.main+fp/softfp\libg.a(libc_a-findfp.o)
                0x20001944                __sf
 .bss.__stdio_exit_handler
                0x20001a7c        0x4 C:/PROGRA~2/ARMGNU~1/14EFD8~1.2RE/bin/../lib/gcc/arm-none-eabi/14.2.1/thumb/v8-m.main+fp/softfp\libg.a(libc_a-findfp.o)
                0x20001a7c                __stdio_exit_handler
 .bss._app_driver
                0x20001a80        0x4 CMakeFiles/controller.dir/C_/pico/pico-sdk/lib/tinyusb/src/device/usbd.c.obj
 .bss._cdcd_epbuf
                0x20001a84       0x80 CMakeFiles/controller.dir/C_/pico/pico-sdk/lib/tinyusb/src/class/cdc/cdc_device.c.obj
 .bss._cdcd_fifo_cfg
                0x20001b04        0x1 CMakeFiles/controller.dir/C_/pico/pico-sdk/lib/tinyusb/src/class/cdc/cdc_device.c.obj
 *fill*         0x20001b05        0x3 
 .bss._cdcd_itf
                0x20001b08       0xc8 CMakeFiles/controller.dir/C_/pico/pico-sdk/lib/tinyusb/src/class/cdc/cdc_device.c.obj
 .bss._ctrl_epbuf
                0x20001bd0       0x40 CMakeFiles/controller.dir/C_/pico/pico-sdk/lib/tinyusb/src/device/usbd_control.c.obj
 .bss._ctrl_xfer
                0x20001c10       0x14 CMakeFiles/controller.dir/C_/pico/pico-sdk/lib/tinyusb/src/device/usbd_control.c.obj
 .bss._sw_spin_locks
                0x20001c24       0x20 CMakeFiles/controller.dir/C_/pico/pico-sdk/src/rp2_common/hardware_sync_spin_lock/sync_spin_lock.c.obj
                0x20001c24                _sw_spin_locks
 .bss._tusb_rhport_role
                0x20001c44        0x2 CMakeFiles/controller.dir/C_/pico/pico-sdk/lib/tinyusb/src/tusb.c.obj
                0x20001c44                _tusb_rhport_role
 *fill*         0x20001c46        0x2 
 .bss._ubsd_mutexdef
                0x20001c48        0x8 CMakeFiles/controller.dir/C_/pico/pico-sdk/lib/tinyusb/src/device/usbd.c.obj
 .bss._usbd_dev
                0x20001c50       0x54 CMakeFiles/controller.dir/C_/pico/pico-sdk/lib/tinyusb/src/device/usbd.c.obj
 .bss._usbd_mutex
                0x20001ca4        0x4 CMakeFiles/controller.dir/C_/pico/pico-sdk/lib/tinyusb/src/device/usbd.c.obj
 .bss._usbd_q   0x20001ca8        0x4 CMakeFiles/controller.dir/C_/pico/pico-sdk/lib/tinyusb/src/device/usbd.c.obj
 .bss._usbd_qdef_buf
                0x20001cac       0xc0 CMakeFiles/controller.dir/C_/pico/pico-sdk/lib/tinyusb/src/device/usbd.c.obj
                0x20001cac                _usbd_qdef_buf
 .bss._vendord_epbuf
                0x20001d6c       0x80 CMakeFiles/controller.dir/C_/pico/pico-sdk/lib/tinyusb/src/class/vendor/vendor_device.c.obj
 .bss._vendord_itf
                0x20001dec      0x24c CMakeFiles/controller.dir/C_/pico/pico-sdk/lib/tinyusb/src/class/vendor/vendor_device.c.obj
 .bss.chars_available_callback
                0x20002038        0x4 CMakeFiles/controller.dir/C_/pico/pico-sdk/src/rp2_common/pico_stdio_usb/stdio_usb.c.obj
 .bss.chars_available_param
                0x2000203c        0x4 CMakeFiles/controller.dir/C_/pico/pico-sdk/src/rp2_common/pico_stdio_usb/stdio_usb.c.obj
 .bss.claimed   0x20002040        0x4 CMakeFiles/controller.dir/C_/pico/pico-sdk/src/rp2_common/hardware_sync/sync.c.obj
 .bss.claimed   0x20002044        0x2 CMakeFiles/controller.dir/C_/pico/pico-sdk/src/rp2_common/hardware_timer/timer.c.obj
 *fill*         0x20002046        0x2 
 .bss.configured_freq
                0x20002048       0x28 CMakeFiles/controller.dir/C_/pico/pico-sdk/src/rp2_common/hardware_clocks/clocks.c.obj
 .bss.desc_str.0
                0x20002070       0x28 CMakeFiles/controller.dir/C_/pico/pico-sdk/src/rp2_common/pico_stdio_usb/stdio_usb_descriptors.c.obj
 .bss.drivers   0x20002098        0x4 CMakeFiles/controller.dir/C_/pico/pico-sdk/src/rp2_common/pico_stdio/stdio.c.obj
 .bss.e15_last_sof
                0x2000209c        0x4 CMakeFiles/controller.dir/C_/pico/pico-sdk/lib/tinyusb/src/portable/raspberrypi/rp2040/rp2040_usb.c.obj
                0x2000209c                e15_last_sof
 .bss.errno     0x200020a0        0x4 C:/PROGRA~2/ARMGNU~1/14EFD8~1.2RE/bin/../lib/gcc/arm-none-eabi/14.2.1/thumb/v8-m.main+fp/softfp\libg.a(libc_a-reent.o)
                0x200020a0                errno
 .bss.filter    0x200020a4        0x4 CMakeFiles/controller.dir/C_/pico/pico-sdk/src/rp2_common/pico_stdio/stdio.c.obj
 .bss.heap_end.0
                0x200020a8        0x4 CMakeFiles/controller.dir/C_/pico/pico-sdk/src/rp2_common/pico_clib_interface/newlib_interface.c.obj
 .bss.hw_endpoints
                0x200020ac      0x400 CMakeFiles/controller.dir/C_/pico/pico-sdk/lib/tinyusb/src/portable/raspberrypi/rp2040/dcd_rp2040.c.obj
 .bss.lazy_vsnprintf
                0x200024ac        0x4 CMakeFiles/controller.dir/C_/pico/pico-sdk/src/rp2_common/pico_printf/printf.c.obj
 .bss.load_value
                0x200024b0        0x4 CMakeFiles/controller.dir/C_/pico/pico-sdk/src/rp2_common/hardware_watchdog/watchdog.c.obj
 .bss.next_buffer_ptr
                0x200024b4        0x4 CMakeFiles/controller.dir/C_/pico/pico-sdk/lib/tinyusb/src/portable/raspberrypi/rp2040/dcd_rp2040.c.obj
 .bss.object.0  0x200024b8       0x18 C:/PROGRA~2/ARMGNU~1/14EFD8~1.2RE/bin/../lib/gcc/arm-none-eabi/14.2.1/thumb/v8-m.main+fp/softfp/crtbegin.o
 .bss.one_shot_timer_crit_sec
                0x200024d0        0x8 CMakeFiles/controller.dir/C_/pico/pico-sdk/src/rp2_common/pico_stdio_usb/stdio_usb.c.obj
 .bss.pools     0x200024d8       0x20 CMakeFiles/controller.dir/C_/pico/pico-sdk/src/common/pico_time/time.c.obj
 .bss.retrieved_id
                0x200024f8        0x8 CMakeFiles/controller.dir/C_/pico/pico-sdk/src/rp2_common/pico_unique_id/unique_id.c.obj
 .bss.sleep_notifier
                0x20002500        0x4 CMakeFiles/controller.dir/C_/pico/pico-sdk/src/common/pico_time/time.c.obj
 .bss.stdio_usb_mutex
                0x20002504        0x8 CMakeFiles/controller.dir/C_/pico/pico-sdk/src/rp2_common/pico_stdio_usb/stdio_usb.c.obj
 .bss.usbd_serial_str
                0x2000250c       0x11 CMakeFiles/controller.dir/C_/pico/pico-sdk/src/rp2_common/pico_stdio_usb/stdio_usb_descriptors.c.obj
 .bss._app_driver_count
                0x2000251d        0x1 CMakeFiles/controller.dir/C_/pico/pico-sdk/lib/tinyusb/src/device/usbd.c.obj
 .bss._sof_enable
                0x2000251e        0x1 CMakeFiles/controller.dir/C_/pico/pico-sdk/lib/tinyusb/src/portable/raspberrypi/rp2040/dcd_rp2040.c.obj
 .bss._usbd_queued_setup
                0x2000251f        0x1 CMakeFiles/controller.dir/C_/pico/pico-sdk/lib/tinyusb/src/device/usbd.c.obj
 .bss.irq_handler_chain_free_slot_head
                0x20002520        0x1 CMakeFiles/controller.dir/C_/pico/pico-sdk/src/rp2_common/hardware_irq/irq.c.obj
 .bss.itf_num   0x20002521        0x1 CMakeFiles/controller.dir/C_/pico/pico-sdk/src/rp2_common/pico_stdio_usb/reset_interface.c.obj
 .bss.low_priority_irq_num
                0x20002522        0x1 CMakeFiles/controller.dir/C_/pico/pico-sdk/src/rp2_common/pico_stdio_usb/stdio_usb.c.obj
 .bss.one_shot_timer_pending
                0x20002523        0x1 CMakeFiles/controller.dir/C_/pico/pico-sdk/src/rp2_common/pico_stdio_usb/stdio_usb.c.obj
 .bss.user_irq_claimed
                0x20002524        0x1 CMakeFiles/controller.dir/C_/pico/pico-sdk/src/rp2_common/hardware_irq/irq.c.obj
 *(COMMON)
                [!provide]                        PROVIDE (__global_pointer$ = (. + 0x800))
 *(.sbss*)
                0x20002528                        . = ALIGN (0x4)
 *fill*         0x20002525        0x3 
                0x20002528                        __bss_end__ = .

.heap           0x20002528      0x800 load address 0x10006880
                0x20002528                        __end__ = .
                0x20002528                        end = __end__
 *(.heap*)
 .heap          0x20002528      0x800 CMakeFiles/controller.dir/C_/pico/pico-sdk/src/rp2_common/pico_crt0/crt0.S.obj
                0x20080000                        __HeapLimit = (ORIGIN (RAM) + LENGTH (RAM))

.scratch_x      0x20080000        0x0 load address 0x10006880
                0x20080000                        __scratch_x_start__ = .
 *(.scratch_x.*)
                0x20080000                        . = ALIGN (0x4)
                0x20080000                        __scratch_x_end__ = .
                0x10006880                        __scratch_x_source__ = LOADADDR (.scratch_x)

.scratch_y      0x20081000        0x0 load address 0x10006880
                0x20081000                        __scratch_y_start__ = .
 *(.scratch_y.*)
                0x20081000                        . = ALIGN (0x4)
                0x20081000                        __scratch_y_end__ = .
                0x10006880                        __scratch_y_source__ = LOADADDR (.scratch_y)

.stack1_dummy
 *(.stack1*)

.stack_dummy    0x20081000      0x800
 *(.stack*)
 .stack         0x20081000      0x800 CMakeFiles/controller.dir/C_/pico/pico-sdk/src/rp2_common/pico_crt0/crt0.S.obj

.flash_end      0x10006880       0x14
 *(.embedded_end_block*)
 .embedded_end_block
                0x10006880       0x14 CMakeFiles/controller.dir/C_/pico/pico-sdk/src/rp2_common/pico_crt0/crt0.S.obj
                0x10006894                        PROVIDE (__flash_binary_end = .)
                0x20080000                        __StackLimit = (ORIGIN (RAM) + LENGTH (RAM))
                0x20081000                        __StackOneTop = (ORIGIN (SCRATCH_X) + LENGTH (SCRATCH_X))
                0x20082000                        __StackTop = (ORIGIN (SCRATCH_Y) + LENGTH (SCRATCH_Y))
                0x20081000                        __StackOneBottom = (__StackOneTop - SIZEOF (.stack1_dummy))
                0x20081800                        __StackBottom = (__StackTop - SIZEOF (.stack_dummy))
                0x20082000                        PROVIDE (__stack = __StackTop)
                [!provide]                        PROVIDE (__heap_start = __end__)
                [!provide]                        PROVIDE (__heap_end = __HeapLimit)
                [!provide]                        PROVIDE (__tls_align = MAX (ALIGNOF (.tdata), ALIGNOF (.tbss)))
                [!provide]                        PROVIDE (__tls_size_align = (((__tls_size + __tls_align) - 0x1) & ~ ((__tls_align - 0x1))))
                [!provide]                        PROVIDE (__arm32_tls_tcb_offset = MAX (0x8, __tls_align))
                [!provide]                        PROVIDE (_end = __end__)
                [!provide]                        PROVIDE (__llvm_libc_heap_limit = __HeapLimit)
                0x00000001                        ASSERT ((__StackLimit >= __HeapLimit), region RAM overflowed)
                0x00000001                        ASSERT (((__binary_info_header_end - __logical_binary_start) <= 0x400), Binary info must be in first 1024 bytes of the binary)
                0x00000001                        ASSERT (((__embedded_block_end - __logical_binary_start) <= 0x1000), Embedded block must be in first 4096 bytes of the binary)
LOAD CMakeFiles/controller.dir/controller.c.obj
LOAD CMakeFiles/controller.dir/C_/pico/pico-sdk/src/rp2_common/pico_stdlib/stdlib.c.obj
LOAD CMakeFiles/controller.dir/C_/pico/pico-sdk/src/rp2_common/hardware_gpio/gpio.c.obj
LOAD CMakeFiles/controller.dir/C_/pico/pico-sdk/src/rp2350/pico_platform/platform.c.obj
LOAD CMakeFiles/controller.dir/C_/pico/pico-sdk/src/rp2_common/pico_platform_common/common.c.obj
LOAD CMakeFiles/controller.dir/C_/pico/pico-sdk/src/rp2_common/pico_platform_panic/panic.c.obj
LOAD CMakeFiles/controller.dir/C_/pico/pico-sdk/src/common/hardware_claim/claim.c.obj
LOAD CMakeFiles/controller.dir/C_/pico/pico-sdk/src/rp2_common/hardware_sync/sync.c.obj
LOAD CMakeFiles/controller.dir/C_/pico/pico-sdk/src/rp2_common/hardware_sync_spin_lock/sync_spin_lock.c.obj
LOAD CMakeFiles/controller.dir/C_/pico/pico-sdk/src/rp2_common/hardware_irq/irq.c.obj
LOAD CMakeFiles/controller.dir/C_/pico/pico-sdk/src/rp2_common/hardware_irq/irq_handler_chain.S.obj
LOAD CMakeFiles/controller.dir/C_/pico/pico-sdk/src/common/pico_sync/sem.c.obj
LOAD CMakeFiles/controller.dir/C_/pico/pico-sdk/src/common/pico_sync/lock_core.c.obj
LOAD CMakeFiles/controller.dir/C_/pico/pico-sdk/src/common/pico_sync/mutex.c.obj
LOAD CMakeFiles/controller.dir/C_/pico/pico-sdk/src/common/pico_sync/critical_section.c.obj
LOAD CMakeFiles/controller.dir/C_/pico/pico-sdk/src/common/pico_time/time.c.obj
LOAD CMakeFiles/controller.dir/C_/pico/pico-sdk/src/common/pico_time/timeout_helper.c.obj
LOAD CMakeFiles/controller.dir/C_/pico/pico-sdk/src/rp2_common/hardware_timer/timer.c.obj
LOAD CMakeFiles/controller.dir/C_/pico/pico-sdk/src/common/pico_util/datetime.c.obj
LOAD CMakeFiles/controller.dir/C_/pico/pico-sdk/src/common/pico_util/pheap.c.obj
LOAD CMakeFiles/controller.dir/C_/pico/pico-sdk/src/common/pico_util/queue.c.obj
LOAD CMakeFiles/controller.dir/C_/pico/pico-sdk/src/rp2_common/hardware_uart/uart.c.obj
LOAD CMakeFiles/controller.dir/C_/pico/pico-sdk/src/rp2_common/hardware_clocks/clocks.c.obj
LOAD CMakeFiles/controller.dir/C_/pico/pico-sdk/src/rp2_common/hardware_pll/pll.c.obj
LOAD CMakeFiles/controller.dir/C_/pico/pico-sdk/src/rp2_common/hardware_vreg/vreg.c.obj
LOAD CMakeFiles/controller.dir/C_/pico/pico-sdk/src/rp2_common/hardware_watchdog/watchdog.c.obj
LOAD CMakeFiles/controller.dir/C_/pico/pico-sdk/src/rp2_common/hardware_ticks/ticks.c.obj
LOAD CMakeFiles/controller.dir/C_/pico/pico-sdk/src/rp2_common/pico_bootrom/bootrom.c.obj
LOAD CMakeFiles/controller.dir/C_/pico/pico-sdk/src/rp2_common/pico_bootrom/bootrom_lock.c.obj
LOAD CMakeFiles/controller.dir/C_/pico/pico-sdk/src/rp2_common/hardware_boot_lock/boot_lock.c.obj
LOAD CMakeFiles/controller.dir/C_/pico/pico-sdk/src/rp2_common/pico_flash/flash.c.obj
LOAD CMakeFiles/controller.dir/C_/pico/pico-sdk/src/rp2_common/hardware_xosc/xosc.c.obj
LOAD CMakeFiles/controller.dir/C_/pico/pico-sdk/src/rp2_common/hardware_divider/divider.c.obj
LOAD CMakeFiles/controller.dir/C_/pico/pico-sdk/src/rp2_common/pico_runtime/runtime.c.obj
LOAD CMakeFiles/controller.dir/C_/pico/pico-sdk/src/rp2_common/pico_runtime_init/runtime_init.c.obj
LOAD CMakeFiles/controller.dir/C_/pico/pico-sdk/src/rp2_common/pico_runtime_init/runtime_init_clocks.c.obj
LOAD CMakeFiles/controller.dir/C_/pico/pico-sdk/src/rp2_common/pico_runtime_init/runtime_init_stack_guard.c.obj
LOAD CMakeFiles/controller.dir/C_/pico/pico-sdk/src/rp2_common/pico_bit_ops/bit_ops_aeabi.S.obj
LOAD CMakeFiles/controller.dir/C_/pico/pico-sdk/src/rp2_common/pico_divider/divider_compiler.c.obj
LOAD CMakeFiles/controller.dir/C_/pico/pico-sdk/src/rp2_common/pico_double/double_math.c.obj
LOAD CMakeFiles/controller.dir/C_/pico/pico-sdk/src/rp2_common/pico_double/double_aeabi_dcp.S.obj
LOAD CMakeFiles/controller.dir/C_/pico/pico-sdk/src/rp2_common/pico_double/double_fma_dcp.S.obj
LOAD CMakeFiles/controller.dir/C_/pico/pico-sdk/src/rp2_common/pico_double/double_sci_m33.S.obj
LOAD CMakeFiles/controller.dir/C_/pico/pico-sdk/src/rp2_common/pico_double/double_conv_m33.S.obj
LOAD CMakeFiles/controller.dir/C_/pico/pico-sdk/src/rp2_common/pico_float/float_math.c.obj
LOAD CMakeFiles/controller.dir/C_/pico/pico-sdk/src/rp2_common/pico_float/float_conv32_vfp.S.obj
LOAD CMakeFiles/controller.dir/C_/pico/pico-sdk/src/rp2_common/pico_float/float_common_m33.S.obj
LOAD CMakeFiles/controller.dir/C_/pico/pico-sdk/src/rp2_common/pico_float/float_sci_m33_vfp.S.obj
LOAD CMakeFiles/controller.dir/C_/pico/pico-sdk/src/rp2_common/pico_malloc/malloc.c.obj
LOAD CMakeFiles/controller.dir/C_/pico/pico-sdk/src/rp2_common/pico_atomic/atomic.c.obj
LOAD CMakeFiles/controller.dir/C_/pico/pico-sdk/src/rp2_common/pico_cxx_options/new_delete.cpp.obj
LOAD CMakeFiles/controller.dir/C_/pico/pico-sdk/src/rp2_common/pico_standard_binary_info/standard_binary_info.c.obj
LOAD CMakeFiles/controller.dir/C_/pico/pico-sdk/src/rp2_common/pico_printf/printf.c.obj
LOAD CMakeFiles/controller.dir/C_/pico/pico-sdk/src/rp2_common/pico_crt0/crt0.S.obj
LOAD CMakeFiles/controller.dir/C_/pico/pico-sdk/src/rp2_common/pico_clib_interface/newlib_interface.c.obj
LOAD CMakeFiles/controller.dir/C_/pico/pico-sdk/src/rp2_common/pico_stdio/stdio.c.obj
LOAD CMakeFiles/controller.dir/C_/pico/pico-sdk/src/rp2_common/pico_stdio_usb/reset_interface.c.obj
LOAD CMakeFiles/controller.dir/C_/pico/pico-sdk/src/rp2_common/pico_stdio_usb/stdio_usb.c.obj
LOAD CMakeFiles/controller.dir/C_/pico/pico-sdk/src/rp2_common/pico_stdio_usb/stdio_usb_descriptors.c.obj
LOAD CMakeFiles/controller.dir/C_/pico/pico-sdk/src/rp2_common/pico_unique_id/unique_id.c.obj
LOAD CMakeFiles/controller.dir/C_/pico/pico-sdk/src/rp2_common/hardware_flash/flash.c.obj
LOAD CMakeFiles/controller.dir/C_/pico/pico-sdk/src/rp2_common/hardware_xip_cache/xip_cache.c.obj
LOAD CMakeFiles/controller.dir/C_/pico/pico-sdk/lib/tinyusb/src/portable/raspberrypi/rp2040/dcd_rp2040.c.obj
LOAD CMakeFiles/controller.dir/C_/pico/pico-sdk/lib/tinyusb/src/portable/raspberrypi/rp2040/rp2040_usb.c.obj
LOAD CMakeFiles/controller.dir/C_/pico/pico-sdk/lib/tinyusb/src/device/usbd.c.obj
LOAD CMakeFiles/controller.dir/C_/pico/pico-sdk/lib/tinyusb/src/device/usbd_control.c.obj
LOAD CMakeFiles/controller.dir/C_/pico/pico-sdk/lib/tinyusb/src/class/audio/audio_device.c.obj
LOAD CMakeFiles/controller.dir/C_/pico/pico-sdk/lib/tinyusb/src/class/cdc/cdc_device.c.obj
LOAD CMakeFiles/controller.dir/C_/pico/pico-sdk/lib/tinyusb/src/class/dfu/dfu_device.c.obj
LOAD CMakeFiles/controller.dir/C_/pico/pico-sdk/lib/tinyusb/src/class/dfu/dfu_rt_device.c.obj
LOAD CMakeFiles/controller.dir/C_/pico/pico-sdk/lib/tinyusb/src/class/hid/hid_device.c.obj
LOAD CMakeFiles/controller.dir/C_/pico/pico-sdk/lib/tinyusb/src/class/midi/midi_device.c.obj
LOAD CMakeFiles/controller.dir/C_/pico/pico-sdk/lib/tinyusb/src/class/msc/msc_device.c.obj
LOAD CMakeFiles/controller.dir/C_/pico/pico-sdk/lib/tinyusb/src/class/net/ecm_rndis_device.c.obj
LOAD CMakeFiles/controller.dir/C_/pico/pico-sdk/lib/tinyusb/src/class/net/ncm_device.c.obj
LOAD CMakeFiles/controller.dir/C_/pico/pico-sdk/lib/tinyusb/src/class/usbtmc/usbtmc_device.c.obj
LOAD CMakeFiles/controller.dir/C_/pico/pico-sdk/lib/tinyusb/src/class/vendor/vendor_device.c.obj
LOAD CMakeFiles/controller.dir/C_/pico/pico-sdk/lib/tinyusb/src/class/video/video_device.c.obj
LOAD CMakeFiles/controller.dir/C_/pico/pico-sdk/lib/tinyusb/src/tusb.c.obj
LOAD CMakeFiles/controller.dir/C_/pico/pico-sdk/lib/tinyusb/src/common/tusb_fifo.c.obj
LOAD CMakeFiles/controller.dir/C_/pico/pico-sdk/src/rp2_common/pico_fix/rp2040_usb_device_enumeration/rp2040_usb_device_enumeration.c.obj
LOAD pico-sdk/src/rp2350/boot_stage2/CMakeFiles/bs2_default_library.dir/./bs2_default_padded_checksummed.S.obj
LOAD C:/PROGRA~2/ARMGNU~1/14EFD8~1.2RE/bin/../lib/gcc/arm-none-eabi/14.2.1/thumb/v8-m.main+fp/softfp\libstdc++.a
LOAD C:/PROGRA~2/ARMGNU~1/14EFD8~1.2RE/bin/../lib/gcc/arm-none-eabi/14.2.1/thumb/v8-m.main+fp/softfp\libm.a
START GROUP
LOAD C:/PROGRA~2/ARMGNU~1/14EFD8~1.2RE/bin/../lib/gcc/arm-none-eabi/14.2.1/thumb/v8-m.main+fp/softfp\libgcc.a
LOAD C:/PROGRA~2/ARMGNU~1/14EFD8~1.2RE/bin/../lib/gcc/arm-none-eabi/14.2.1/thumb/v8-m.main+fp/softfp\libg.a
LOAD C:/PROGRA~2/ARMGNU~1/14EFD8~1.2RE/bin/../lib/gcc/arm-none-eabi/14.2.1/thumb/v8-m.main+fp/softfp\libc.a
END GROUP
START GROUP
LOAD C:/PROGRA~2/ARMGNU~1/14EFD8~1.2RE/bin/../lib/gcc/arm-none-eabi/14.2.1/thumb/v8-m.main+fp/softfp\libgcc.a
LOAD C:/PROGRA~2/ARMGNU~1/14EFD8~1.2RE/bin/../lib/gcc/arm-none-eabi/14.2.1/thumb/v8-m.main+fp/softfp\libc.a
LOAD C:/PROGRA~2/ARMGNU~1/14EFD8~1.2RE/bin/../lib/gcc/arm-none-eabi/14.2.1/thumb/v8-m.main+fp/softfp\libnosys.a
END GROUP
LOAD C:/PROGRA~2/ARMGNU~1/14EFD8~1.2RE/bin/../lib/gcc/arm-none-eabi/14.2.1/thumb/v8-m.main+fp/softfp/crtend.o
LOAD C:/PROGRA~2/ARMGNU~1/14EFD8~1.2RE/bin/../lib/gcc/arm-none-eabi/14.2.1/thumb/v8-m.main+fp/softfp/crtn.o
OUTPUT(controller.elf elf32-littlearm)
LOAD linker stubs

.rel.dyn        0x10006894        0x0
 .rel.iplt      0x10006894        0x0 C:/PROGRA~2/ARMGNU~1/14EFD8~1.2RE/bin/../lib/gcc/arm-none-eabi/14.2.1/thumb/v8-m.main+fp/softfp/crtbegin.o

.ARM.attributes