Archive member included to satisfy reference by file (symbol)

C:/PROGRA~2/ARMGNU~1/14EFD8~1.2RE/bin/../lib/gcc/arm-none-eabi/14.2.1/thumb/v6-m/nofp\libgcc.a(_dvmd_tls.o)
                              CMakeFiles/controller.dir/C_/pico/pico-sdk/src/rp2_common/pico_divider/divider_hardware.S.obj (__aeabi_idiv0)
C:/PROGRA~2/ARMGNU~1/14EFD8~1.2RE/bin/../lib/gcc/arm-none-eabi/14.2.1/thumb/v6-m/nofp\libg.a(libc_a-calloc.o)
                              CMakeFiles/controller.dir/C_/pico/pico-sdk/src/rp2_common/pico_malloc/malloc.c.obj (calloc)
C:/PROGRA~2/ARMGNU~1/14EFD8~1.2RE/bin/../lib/gcc/arm-none-eabi/14.2.1/thumb/v6-m/nofp\libg.a(libc_a-callocr.o)
                              C:/PROGRA~2/ARMGNU~1/14EFD8~1.2RE/bin/../lib/gcc/arm-none-eabi/14.2.1/thumb/v6-m/nofp\libg.a(libc_a-calloc.o) (_calloc_r)
C:/PROGRA~2/ARMGNU~1/14EFD8~1.2RE/bin/../lib/gcc/arm-none-eabi/14.2.1/thumb/v6-m/nofp\libg.a(libc_a-malloc.o)
                              CMakeFiles/controller.dir/C_/pico/pico-sdk/src/rp2_common/pico_malloc/malloc.c.obj (malloc)
C:/PROGRA~2/ARMGNU~1/14EFD8~1.2RE/bin/../lib/gcc/arm-none-eabi/14.2.1/thumb/v6-m/nofp\libg.a(libc_a-mallocr.o)
                              C:/PROGRA~2/ARMGNU~1/14EFD8~1.2RE/bin/../lib/gcc/arm-none-eabi/14.2.1/thumb/v6-m/nofp\libg.a(libc_a-callocr.o) (_malloc_r)
C:/PROGRA~2/ARMGNU~1/14EFD8~1.2RE/bin/../lib/gcc/arm-none-eabi/14.2.1/thumb/v6-m/nofp\libg.a(libc_a-mlock.o)
                              C:/PROGRA~2/ARMGNU~1/14EFD8~1.2RE/bin/../lib/gcc/arm-none-eabi/14.2.1/thumb/v6-m/nofp\libg.a(libc_a-mallocr.o) (__malloc_lock)
C:/PROGRA~2/ARMGNU~1/14EFD8~1.2RE/bin/../lib/gcc/arm-none-eabi/14.2.1/thumb/v6-m/nofp\libg.a(libc_a-realloc.o)
                              CMakeFiles/controller.dir/C_/pico/pico-sdk/src/rp2_common/pico_malloc/malloc.c.obj (realloc)
C:/PROGRA~2/ARMGNU~1/14EFD8~1.2RE/bin/../lib/gcc/arm-none-eabi/14.2.1/thumb/v6-m/nofp\libg.a(libc_a-reallocr.o)
                              C:/PROGRA~2/ARMGNU~1/14EFD8~1.2RE/bin/../lib/gcc/arm-none-eabi/14.2.1/thumb/v6-m/nofp\libg.a(libc_a-realloc.o) (_realloc_r)
C:/PROGRA~2/ARMGNU~1/14EFD8~1.2RE/bin/../lib/gcc/arm-none-eabi/14.2.1/thumb/v6-m/nofp\libg.a(libc_a-fflush.o)
                              CMakeFiles/controller.dir/controller.c.obj (fflush)
C:/PROGRA~2/ARMGNU~1/14EFD8~1.2RE/bin/../lib/gcc/arm-none-eabi/14.2.1/thumb/v6-m/nofp\libg.a(libc_a-findfp.o)
                              C:/PROGRA~2/ARMGNU~1/14EFD8~1.2RE/bin/../lib/gcc/arm-none-eabi/14.2.1/thumb/v6-m/nofp\libg.a(libc_a-fflush.o) (__sglue)
C:/PROGRA~2/ARMGNU~1/14EFD8~1.2RE/bin/../lib/gcc/arm-none-eabi/14.2.1/thumb/v6-m/nofp\libg.a(libc_a-fwalk.o)
                              C:/PROGRA~2/ARMGNU~1/14EFD8~1.2RE/bin/../lib/gcc/arm-none-eabi/14.2.1/thumb/v6-m/nofp\libg.a(libc_a-fflush.o) (_fwalk_sglue)
C:/PROGRA~2/ARMGNU~1/14EFD8~1.2RE/bin/../lib/gcc/arm-none-eabi/14.2.1/thumb/v6-m/nofp\libg.a(libc_a-stdio.o)
                              C:/PROGRA~2/ARMGNU~1/14EFD8~1.2RE/bin/../lib/gcc/arm-none-eabi/14.2.1/thumb/v6-m/nofp\libg.a(libc_a-findfp.o) (__sread)
C:/PROGRA~2/ARMGNU~1/14EFD8~1.2RE/bin/../lib/gcc/arm-none-eabi/14.2.1/thumb/v6-m/nofp\libg.a(libc_a-memcmp.o)
                              CMakeFiles/controller.dir/C_/pico/pico-sdk/src/rp2_common/pico_atomic/atomic.c.obj (memcmp)
C:/PROGRA~2/ARMGNU~1/14EFD8~1.2RE/bin/../lib/gcc/arm-none-eabi/14.2.1/thumb/v6-m/nofp\libg.a(libc_a-memmove.o)
                              C:/PROGRA~2/ARMGNU~1/14EFD8~1.2RE/bin/../lib/gcc/arm-none-eabi/14.2.1/thumb/v6-m/nofp\libg.a(libc_a-reallocr.o) (memmove)
C:/PROGRA~2/ARMGNU~1/14EFD8~1.2RE/bin/../lib/gcc/arm-none-eabi/14.2.1/thumb/v6-m/nofp\libg.a(libc_a-lcltime_r.o)
                              CMakeFiles/controller.dir/C_/pico/pico-sdk/src/common/pico_util/datetime.c.obj (localtime_r)
C:/PROGRA~2/ARMGNU~1/14EFD8~1.2RE/bin/../lib/gcc/arm-none-eabi/14.2.1/thumb/v6-m/nofp\libg.a(libc_a-mktime.o)
                              CMakeFiles/controller.dir/C_/pico/pico-sdk/src/common/pico_util/datetime.c.obj (mktime)
C:/PROGRA~2/ARMGNU~1/14EFD8~1.2RE/bin/../lib/gcc/arm-none-eabi/14.2.1/thumb/v6-m/nofp\libg.a(libc_a-month_lengths.o)
                              C:/PROGRA~2/ARMGNU~1/14EFD8~1.2RE/bin/../lib/gcc/arm-none-eabi/14.2.1/thumb/v6-m/nofp\libg.a(libc_a-lcltime_r.o) (__month_lengths)
C:/PROGRA~2/ARMGNU~1/14EFD8~1.2RE/bin/../lib/gcc/arm-none-eabi/14.2.1/thumb/v6-m/nofp\libg.a(libc_a-tzcalc_limits.o)
                              C:/PROGRA~2/ARMGNU~1/14EFD8~1.2RE/bin/../lib/gcc/arm-none-eabi/14.2.1/thumb/v6-m/nofp\libg.a(libc_a-lcltime_r.o) (__tzcalc_limits)
C:/PROGRA~2/ARMGNU~1/14EFD8~1.2RE/bin/../lib/gcc/arm-none-eabi/14.2.1/thumb/v6-m/nofp\libg.a(libc_a-tzlock.o)
                              C:/PROGRA~2/ARMGNU~1/14EFD8~1.2RE/bin/../lib/gcc/arm-none-eabi/14.2.1/thumb/v6-m/nofp\libg.a(libc_a-lcltime_r.o) (__tz_lock)
C:/PROGRA~2/ARMGNU~1/14EFD8~1.2RE/bin/../lib/gcc/arm-none-eabi/14.2.1/thumb/v6-m/nofp\libg.a(libc_a-tzset.o)
[...]
Memory Configuration

Name             Origin             Length             Attributes
FLASH            0x10000000         0x00200000         xr
RAM              0x20000000         0x00040000         xrw
SCRATCH_X        0x20040000         0x00001000         xrw
SCRATCH_Y        0x20041000         0x00001000         xrw
*default*        0x00000000         0xffffffff

Linker script and memory map

LOAD C:/PROGRA~2/ARMGNU~1/14EFD8~1.2RE/bin/../lib/gcc/arm-none-eabi/14.2.1/thumb/v6-m/nofp/crti.o
LOAD C:/PROGRA~2/ARMGNU~1/14EFD8~1.2RE/bin/../lib/gcc/arm-none-eabi/14.2.1/thumb/v6-m/nofp/crtbegin.o
LOAD C:/PROGRA~2/ARMGNU~1/14EFD8~1.2RE/bin/../lib/gcc/arm-none-eabi/14.2.1/thumb/v6-m/nofp/crt0.o

.flash_begin    0x10000000        0x0
                0x10000000                        __flash_binary_start = .

.boot2          0x10000000      0x100
                0x10000000                        __boot2_start__ = .
 *(.boot2)
 .boot2         0x10000000      0x100 pico-sdk/src/rp2040/boot_stage2/CMakeFiles/bs2_default_library.dir/./bs2_default_padded_checksummed.S.obj
                0x10000100                        __boot2_end__ = .
                0x00000001                        ASSERT (((__boot2_end__ - __boot2_start__) == 0x100), ERROR: Pico second stage bootloader must be 256 bytes in size)

.text           0x10000100     0x55b4
                0x10000100                        __logical_binary_start = .
 *(.vectors)
 .vectors       0x10000100       0xd4 CMakeFiles/controller.dir/C_/pico/pico-sdk/src/rp2_common/pico_crt0/crt0.S.obj
                0x10000100                __VECTOR_TABLE
                0x10000100                __vectors
                0x100001c0                isr_irq13
                0x100001c0                isr_irq27
                0x100001c0                isr_irq31
                0x100001c0                isr_irq12
                0x100001c0                isr_irq5
                0x100001c0                isr_irq11
                0x100001c0                isr_irq3
                0x100001c0                isr_irq23
                0x100001c0                __unhandled_user_irq
                0x100001c0                isr_irq26
                0x100001c0                isr_irq28
                0x100001c0                isr_irq19
                0x100001c0                isr_irq0
                0x100001c0                isr_irq6
                0x100001c0                isr_irq29
                0x100001c0                isr_irq16
                0x100001c0                isr_irq22
                0x100001c0                isr_irq18
                0x100001c0                isr_irq17
                0x100001c0                isr_irq14
                0x100001c0                __vectors_end
                0x100001c0                __default_isrs_start
                0x100001c0                isr_irq2
                0x100001c0                isr_irq10
                0x100001c0                isr_irq8
                0x100001c0                isr_irq24
                0x100001c0                isr_irq1
                0x100001c0                isr_irq7
                0x100001c0                isr_irq21
                0x100001c0                isr_irq20
                0x100001c0                isr_irq15
                0x100001c0                isr_irq25
                0x100001c0                isr_irq4
                0x100001c0                isr_irq30
                0x100001c0                isr_irq9
                0x100001c6                unhandled_user_irq_num_in_r0
                0x100001c8                isr_invalid
                0x100001ca                isr_nmi
                0x100001cc                isr_hardfault
                0x100001ce                isr_svcall
                0x100001d0                isr_pendsv
                0x100001d2                isr_systick
                0x100001d4                __default_isrs_end
 *(.binary_info_header)
 .binary_info_header
                0x100001d4       0x14 CMakeFiles/controller.dir/C_/pico/pico-sdk/src/rp2_common/pico_crt0/crt0.S.obj
                0x100001e8                        __binary_info_header_end = .
 *(.embedded_block)
                0x100001e8                        __embedded_block_end = .
 *(.reset)
 .reset         0x100001e8       0x9c CMakeFiles/controller.dir/C_/pico/pico-sdk/src/rp2_common/pico_crt0/crt0.S.obj
                0x100001e8                _entry_point
 *(.init)
 .init          0x10000284        0x4 C:/PROGRA~2/ARMGNU~1/14EFD8~1.2RE/bin/../lib/gcc/arm-none-eabi/14.2.1/thumb/v6-m/nofp/crti.o
                0x10000284                _init
 *(EXCLUDE_FILE(*libm.a: *libc.a:*lib_a-mem*.o *libgcc.a:) .text*)
 .text.register_tm_clones
                0x10000288       0x28 C:/PROGRA~2/ARMGNU~1/14EFD8~1.2RE/bin/../lib/gcc/arm-none-eabi/14.2.1/thumb/v6-m/nofp/crtbegin.o
 .text.frame_dummy
                0x100002b0       0x24 C:/PROGRA~2/ARMGNU~1/14EFD8~1.2RE/bin/../lib/gcc/arm-none-eabi/14.2.1/thumb/v6-m/nofp/crtbegin.o
 .text.startup.main
                0x100002d4      0x1c0 CMakeFiles/controller.dir/controller.c.obj
                0x100002d4                main
 .text.gpio_set_pulls
                0x10000494       0x28 CMakeFiles/controller.dir/C_/pico/pico-sdk/src/rp2_common/hardware_gpio/gpio.c.obj
                0x10000494                gpio_set_pulls
 .text.gpio_init
                0x100004bc       0x40 CMakeFiles/controller.dir/C_/pico/pico-sdk/src/rp2_common/hardware_gpio/gpio.c.obj
                0x100004bc                gpio_init
 .text.rp2040_chip_version
                0x100004fc        0xc CMakeFiles/controller.dir/C_/pico/pico-sdk/src/rp2040/pico_platform/platform.c.obj
                0x100004fc                rp2040_chip_version
 .text.panic    0x10000508       0x30 CMakeFiles/controller.dir/C_/pico/pico-sdk/src/rp2_common/pico_platform_panic/panic.c.obj
                0x10000508                panic
 .text.hw_claim_or_assert
                0x10000538       0x44 CMakeFiles/controller.dir/C_/pico/pico-sdk/src/common/hardware_claim/claim.c.obj
                0x10000538                hw_claim_or_assert
 .text.hw_claim_unused_from_range
                0x1000057c       0x88 CMakeFiles/controller.dir/C_/pico/pico-sdk/src/common/hardware_claim/claim.c.obj
                0x1000057c                hw_claim_unused_from_range
 .text.next_striped_spin_lock_num
                0x10000604       0x18 CMakeFiles/controller.dir/C_/pico/pico-sdk/src/rp2_common/hardware_sync/sync.c.obj
                0x10000604                next_striped_spin_lock_num
 .text.spin_lock_claim_unused
                0x1000061c       0x24 CMakeFiles/controller.dir/C_/pico/pico-sdk/src/rp2_common/hardware_sync/sync.c.obj
                0x1000061c                spin_lock_claim_unused
 .text.spin_locks_reset
                0x10000640       0x1c CMakeFiles/controller.dir/C_/pico/pico-sdk/src/rp2_common/hardware_sync_spin_lock/sync_spin_lock.c.obj
                0x10000640                spin_locks_reset
 .text.runtime_init_per_core_irq_priorities
                0x1000065c       0x24 CMakeFiles/controller.dir/C_/pico/pico-sdk/src/rp2_common/hardware_irq/irq.c.obj
                0x1000065c                runtime_init_per_core_irq_priorities
 .text.irq_set_enabled
                0x10000680       0x24 CMakeFiles/controller.dir/C_/pico/pico-sdk/src/rp2_common/hardware_irq/irq.c.obj
                0x10000680                irq_set_enabled
 .text.irq_is_enabled
                0x100006a4       0x18 CMakeFiles/controller.dir/C_/pico/pico-sdk/src/rp2_common/hardware_irq/irq.c.obj
                0x100006a4                irq_is_enabled
 .text.irq_set_pending
                0x100006bc       0x10 CMakeFiles/controller.dir/C_/pico/pico-sdk/src/rp2_common/hardware_irq/irq.c.obj
                0x100006bc                irq_set_pending
 .text.irq_has_shared_handler
                0x100006cc       0x24 CMakeFiles/controller.dir/C_/pico/pico-sdk/src/rp2_common/hardware_irq/irq.c.obj
                0x100006cc                irq_has_shared_handler
 .text.irq_set_exclusive_handler
                0x100006f0       0x54 CMakeFiles/controller.dir/C_/pico/pico-sdk/src/rp2_common/hardware_irq/irq.c.obj
                0x100006f0                irq_set_exclusive_handler
 .text.irq_add_shared_handler
                0x10000744      0x1f4 CMakeFiles/controller.dir/C_/pico/pico-sdk/src/rp2_common/hardware_irq/irq.c.obj
                0x10000744                irq_add_shared_handler
 .text.irq_add_tail_to_free_list
                0x10000938       0xb4 CMakeFiles/controller.dir/C_/pico/pico-sdk/src/rp2_common/hardware_irq/irq.c.obj
                0x10000938                irq_add_tail_to_free_list
 .text.user_irq_claim_unused
                0x100009ec       0x2c CMakeFiles/controller.dir/C_/pico/pico-sdk/src/rp2_common/hardware_irq/irq.c.obj
                0x100009ec                user_irq_claim_unused
 .text.lock_init
                0x10000a18       0x10 CMakeFiles/controller.dir/C_/pico/pico-sdk/src/common/pico_sync/lock_core.c.obj
                0x10000a18                lock_init
 .text.runtime_init_mutex
                0x10000a28       0x50 CMakeFiles/controller.dir/C_/pico/pico-sdk/src/common/pico_sync/mutex.c.obj
                0x10000a28                runtime_init_mutex
 .text.mutex_init
                0x10000a78       0x1c CMakeFiles/controller.dir/C_/pico/pico-sdk/src/common/pico_sync/mutex.c.obj
                0x10000a78                mutex_init
 .text.critical_section_init
                0x10000a94       0x1c CMakeFiles/controller.dir/C_/pico/pico-sdk/src/common/pico_sync/critical_section.c.obj
                0x10000a94                critical_section_init
 .text.critical_section_init_with_lock_num
                0x10000ab0       0x14 CMakeFiles/controller.dir/C_/pico/pico-sdk/src/common/pico_sync/critical_section.c.obj
                0x10000ab0                critical_section_init_with_lock_num
 .text.sleep_until_callback
                0x10000ac4       0x30 CMakeFiles/controller.dir/C_/pico/pico-sdk/src/common/pico_time/time.c.obj
 .text.alarm_pool_irq_handler
                0x10000af4      0x300 CMakeFiles/controller.dir/C_/pico/pico-sdk/src/common/pico_time/time.c.obj
 .text.runtime_init_default_alarm_pool
                0x10000df4       0xdc CMakeFiles/controller.dir/C_/pico/pico-sdk/src/common/pico_time/time.c.obj
                0x10000df4                runtime_init_default_alarm_pool
 .text.alarm_pool_get_default
                0x10000ed0        0x8 CMakeFiles/controller.dir/C_/pico/pico-sdk/src/common/pico_time/time.c.obj
                0x10000ed0                alarm_pool_get_default
 .text.alarm_pool_add_alarm_at
                0x10000ed8       0xd0 CMakeFiles/controller.dir/C_/pico/pico-sdk/src/common/pico_time/time.c.obj
                0x10000ed8                alarm_pool_add_alarm_at
 .text.alarm_pool_add_alarm_at_force_in_context
                0x10000fa8       0xb0 CMakeFiles/controller.dir/C_/pico/pico-sdk/src/common/pico_time/time.c.obj
                0x10000fa8                alarm_pool_add_alarm_at_force_in_context
 .text.alarm_pool_cancel_alarm
                0x10001058       0x74 CMakeFiles/controller.dir/C_/pico/pico-sdk/src/common/pico_time/time.c.obj
                0x10001058                alarm_pool_cancel_alarm
 .text.alarm_pool_core_num
                0x100010cc        0x4 CMakeFiles/controller.dir/C_/pico/pico-sdk/src/common/pico_time/time.c.obj
                0x100010cc                alarm_pool_core_num
 .text.sleep_ms
                0x100010d0       0xfc CMakeFiles/controller.dir/C_/pico/pico-sdk/src/common/pico_time/time.c.obj
                0x100010d0                sleep_ms
 .text.best_effort_wfe_or_timeout
                0x100011cc      0x10c CMakeFiles/controller.dir/C_/pico/pico-sdk/src/common/pico_time/time.c.obj
                0x100011cc                best_effort_wfe_or_timeout
 .text.timer_hardware_alarm_claim
                0x100012d8       0x14 CMakeFiles/controller.dir/C_/pico/pico-sdk/src/rp2_common/hardware_timer/timer.c.obj
                0x100012d8                timer_hardware_alarm_claim
 .text.timer_time_us_64
                0x100012ec       0x10 CMakeFiles/controller.dir/C_/pico/pico-sdk/src/rp2_common/hardware_timer/timer.c.obj
                0x100012ec                timer_time_us_64
 .text.time_us_64
                0x100012fc       0x14 CMakeFiles/controller.dir/C_/pico/pico-sdk/src/rp2_common/hardware_timer/timer.c.obj
                0x100012fc                time_us_64
 .text.busy_wait_us
                0x10001310       0x68 CMakeFiles/controller.dir/C_/pico/pico-sdk/src/rp2_common/hardware_timer/timer.c.obj
                0x10001310                busy_wait_us
 .text.busy_wait_until
                0x10001378       0x20 CMakeFiles/controller.dir/C_/pico/pico-sdk/src/rp2_common/hardware_timer/timer.c.obj
                0x10001378                busy_wait_until
 .text.clock_configure_int_divider
                0x10001398       0xf4 CMakeFiles/controller.dir/C_/pico/pico-sdk/src/rp2_common/hardware_clocks/clocks.c.obj
                0x10001398                clock_configure_int_divider
 .text.clock_configure_undivided
                0x1000148c       0xe8 CMakeFiles/controller.dir/C_/pico/pico-sdk/src/rp2_common/hardware_clocks/clocks.c.obj
                0x1000148c                clock_configure_undivided
 .text.clock_get_hz
                0x10001574        0xc CMakeFiles/controller.dir/C_/pico/pico-sdk/src/rp2_common/hardware_clocks/clocks.c.obj
                0x10001574                clock_get_hz
 .text.pll_init
                0x10001580       0xa4 CMakeFiles/controller.dir/C_/pico/pico-sdk/src/rp2_common/hardware_pll/pll.c.obj
                0x10001580                pll_init
 .text.watchdog_reboot
                0x10001624       0x9c CMakeFiles/controller.dir/C_/pico/pico-sdk/src/rp2_common/hardware_watchdog/watchdog.c.obj
                0x10001624                watchdog_reboot
 .text.tick_start
                0x100016c0       0x10 CMakeFiles/controller.dir/C_/pico/pico-sdk/src/rp2_common/hardware_ticks/ticks.c.obj
                0x100016c0                tick_start
 .text.rom_func_lookup
                0x100016d0       0x10 CMakeFiles/controller.dir/C_/pico/pico-sdk/src/rp2_common/pico_bootrom/bootrom.c.obj
                0x100016d0                rom_func_lookup
 .text.rom_data_lookup
                0x100016e0       0x10 CMakeFiles/controller.dir/C_/pico/pico-sdk/src/rp2_common/pico_bootrom/bootrom.c.obj
                0x100016e0                rom_data_lookup
 .text.rom_funcs_lookup
                0x100016f0       0x44 CMakeFiles/controller.dir/C_/pico/pico-sdk/src/rp2_common/pico_bootrom/bootrom.c.obj
                0x100016f0                rom_funcs_lookup
 .text.rom_reset_usb_boot_extra
                0x10001734       0x24 CMakeFiles/controller.dir/C_/pico/pico-sdk/src/rp2_common/pico_bootrom/bootrom.c.obj
                0x10001734                rom_reset_usb_boot_extra
 .text.xosc_init
                0x10001758       0x28 CMakeFiles/controller.dir/C_/pico/pico-sdk/src/rp2_common/hardware_xosc/xosc.c.obj
                0x10001758                xosc_init
 .text.first_per_core_initializer
                0x10001780        0x4 CMakeFiles/controller.dir/C_/pico/pico-sdk/src/rp2_common/pico_runtime/runtime.c.obj
 .text.hard_assertion_failure
                0x10001784        0xc CMakeFiles/controller.dir/C_/pico/pico-sdk/src/rp2_common/pico_runtime/runtime.c.obj
                0x10001784                hard_assertion_failure
 .text.runtime_run_initializers
                0x10001790       0x28 CMakeFiles/controller.dir/C_/pico/pico-sdk/src/rp2_common/pico_runtime/runtime.c.obj
                0x10001790                runtime_run_initializers
 .text.runtime_init_early_resets
                0x100017b8       0x2c CMakeFiles/controller.dir/C_/pico/pico-sdk/src/rp2_common/pico_runtime_init/runtime_init.c.obj
                0x100017b8                runtime_init_early_resets
 .text.runtime_init_usb_power_down
                0x100017e4       0x1c CMakeFiles/controller.dir/C_/pico/pico-sdk/src/rp2_common/pico_runtime_init/runtime_init.c.obj
                0x100017e4                runtime_init_usb_power_down
 .text.runtime_init_post_clock_resets
                0x10001800       0x20 CMakeFiles/controller.dir/C_/pico/pico-sdk/src/rp2_common/pico_runtime_init/runtime_init.c.obj
                0x10001800                runtime_init_post_clock_resets
 .text.runtime_init_rp2040_gpio_ie_disable
                0x10001820       0x14 CMakeFiles/controller.dir/C_/pico/pico-sdk/src/rp2_common/pico_runtime_init/runtime_init.c.obj
                0x10001820                runtime_init_rp2040_gpio_ie_disable
 .text.runtime_init_spin_locks_reset
                0x10001834        0x8 CMakeFiles/controller.dir/C_/pico/pico-sdk/src/rp2_common/pico_runtime_init/runtime_init.c.obj
                0x10001834                runtime_init_spin_locks_reset
 .text.runtime_init_install_ram_vector_table
                0x1000183c       0xb4 CMakeFiles/controller.dir/C_/pico/pico-sdk/src/rp2_common/pico_runtime_init/runtime_init.c.obj
                0x1000183c                runtime_init_install_ram_vector_table
 .text.runtime_init_clocks
                0x100018f0       0xd8 CMakeFiles/controller.dir/C_/pico/pico-sdk/src/rp2_common/pico_runtime_init/runtime_init_clocks.c.obj
                0x100018f0                runtime_init_clocks
 .text          0x100019c8       0x10 CMakeFiles/controller.dir/C_/pico/pico-sdk/src/rp2_common/pico_bit_ops/bit_ops_aeabi.S.obj
 .text.__wrap___aeabi_uidiv
                0x100019d8       0x4c CMakeFiles/controller.dir/C_/pico/pico-sdk/src/rp2_common/pico_divider/divider_hardware.S.obj
                0x100019d8                __wrap___aeabi_uidiv
                0x100019d8                __wrap___aeabi_uidivmod
                0x100019d8                div_u32u32
                0x100019d8                divmod_u32u32
                0x100019e0                divmod_u32u32_unsafe
                0x10001a08                divmod_u32u32_savestate
 .text.__wrap___aeabi_ldiv
                0x10001a24      0x424 CMakeFiles/controller.dir/C_/pico/pico-sdk/src/rp2_common/pico_divider/divider_hardware.S.obj
                0x10001a24                div_s64s64
                0x10001a24                divmod_s64s64
                0x10001a24                __wrap___aeabi_ldivmod
                0x10001a54                divmod_u64u64
                0x10001a54                div_u64u64
                0x10001a54                __wrap___aeabi_uldivmod
                0x10001a64                divmod_u64u64_savestate
                0x10001a84                divmod_s64s64_unsafe
                0x10001b0c                divmod_u64u64_unsafe
 .text.__aeabi_double_init
                0x10001e48       0xa4 CMakeFiles/controller.dir/C_/pico/pico-sdk/src/rp2_common/pico_double/double_init_rom_rp2040.c.obj
                0x10001e48                __aeabi_double_init
 .text.double_table_shim_on_use_helper
                0x10001eec       0x2c CMakeFiles/controller.dir/C_/pico/pico-sdk/src/rp2_common/pico_double/double_v1_rom_shim_rp2040.S.obj
                0x10001eec                double_table_shim_on_use_helper
 .text.__aeabi_lmul
                0x10001f18       0x32 CMakeFiles/controller.dir/C_/pico/pico-sdk/src/rp2_common/pico_int64_ops/pico_int64_ops_aeabi.S.obj
                0x10001f18                __wrap___aeabi_lmul
 *fill*         0x10001f4a        0x2 
 .text.__aeabi_float_init
                0x10001f4c       0x64 CMakeFiles/controller.dir/C_/pico/pico-sdk/src/rp2_common/pico_float/float_init_rom_rp2040.c.obj
                0x10001f4c                __aeabi_float_init
 .text.float_table_shim_on_use_helper
                0x10001fb0       0x2c CMakeFiles/controller.dir/C_/pico/pico-sdk/src/rp2_common/pico_float/float_v1_rom_shim_rp2040.S.obj
                0x10001fb0                float_table_shim_on_use_helper
 .text          0x10001fdc       0x10 CMakeFiles/controller.dir/C_/pico/pico-sdk/src/rp2_common/pico_mem_ops/mem_ops_aeabi.S.obj
                0x10001fdc                __aeabi_mem_init
 .text.memset   0x10001fec        0xc CMakeFiles/controller.dir/C_/pico/pico-sdk/src/rp2_common/pico_mem_ops/mem_ops_aeabi.S.obj
                0x10001fec                __wrap_memset
 .text.memcpy   0x10001ff8        0xc CMakeFiles/controller.dir/C_/pico/pico-sdk/src/rp2_common/pico_mem_ops/mem_ops_aeabi.S.obj
                0x10001ff8                __wrap_memcpy
                0x10001ff8                __wrap___aeabi_memcpy
 .text._out_char
                0x10002004       0x10 CMakeFiles/controller.dir/C_/pico/pico-sdk/src/rp2_common/pico_printf/printf.c.obj
 .text.weak_raw_vprintf
                0x10002014       0x30 CMakeFiles/controller.dir/C_/pico/pico-sdk/src/rp2_common/pico_printf/printf.c.obj
                0x10002014                weak_raw_vprintf
 .text._exit    0x10002044        0x4 CMakeFiles/controller.dir/C_/pico/pico-sdk/src/rp2_common/pico_clib_interface/newlib_interface.c.obj
                0x10002044                _exit
 .text._sbrk    0x10002048       0x34 CMakeFiles/controller.dir/C_/pico/pico-sdk/src/rp2_common/pico_clib_interface/newlib_interface.c.obj
                0x10002048                _sbrk
 .text._read    0x1000207c       0x24 CMakeFiles/controller.dir/C_/pico/pico-sdk/src/rp2_common/pico_clib_interface/newlib_interface.c.obj
                0x1000207c                _read
 .text._write   0x100020a0       0x24 CMakeFiles/controller.dir/C_/pico/pico-sdk/src/rp2_common/pico_clib_interface/newlib_interface.c.obj
                0x100020a0                _write
 .text._close   0x100020c4        0x8 CMakeFiles/controller.dir/C_/pico/pico-sdk/src/rp2_common/pico_clib_interface/newlib_interface.c.obj
                0x100020c4                _close
 .text._lseek   0x100020cc        0x8 CMakeFiles/controller.dir/C_/pico/pico-sdk/src/rp2_common/pico_clib_interface/newlib_interface.c.obj
                0x100020cc                _lseek
 .text.exit     0x100020d4        0x8 CMakeFiles/controller.dir/C_/pico/pico-sdk/src/rp2_common/pico_clib_interface/newlib_interface.c.obj
                0x100020d4                exit
 .text.runtime_init
                0x100020dc       0x2c CMakeFiles/controller.dir/C_/pico/pico-sdk/src/rp2_common/pico_clib_interface/newlib_interface.c.obj
                0x100020dc                runtime_init
 .text.stdio_out_chars_no_crlf
                0x10002108       0x10 CMakeFiles/controller.dir/C_/pico/pico-sdk/src/rp2_common/pico_stdio/stdio.c.obj
 .text.stdio_out_chars_crlf
                0x10002118       0xb0 CMakeFiles/controller.dir/C_/pico/pico-sdk/src/rp2_common/pico_stdio/stdio.c.obj
 .text.stdio_put_string
                0x100021c8       0xfc CMakeFiles/controller.dir/C_/pico/pico-sdk/src/rp2_common/pico_stdio/stdio.c.obj
                0x100021c8                stdio_put_string
 .text.stdio_get_until
                0x100022c4       0x84 CMakeFiles/controller.dir/C_/pico/pico-sdk/src/rp2_common/pico_stdio/stdio.c.obj
                0x100022c4                stdio_get_until
 .text.stdio_set_driver_enabled
                0x10002348       0x30 CMakeFiles/controller.dir/C_/pico/pico-sdk/src/rp2_common/pico_stdio/stdio.c.obj
                0x10002348                stdio_set_driver_enabled
 .text.stdio_init_all
                0x10002378        0x8 CMakeFiles/controller.dir/C_/pico/pico-sdk/src/rp2_common/pico_stdio/stdio.c.obj
                0x10002378                stdio_init_all
 .text.__wrap_putchar
                0x10002380       0x94 CMakeFiles/controller.dir/C_/pico/pico-sdk/src/rp2_common/pico_stdio/stdio.c.obj
                0x10002380                __wrap_putchar
                0x10002380                stdio_putchar
 .text.__wrap_puts
                0x10002414       0x3c CMakeFiles/controller.dir/C_/pico/pico-sdk/src/rp2_common/pico_stdio/stdio.c.obj
                0x10002414                stdio_puts
                0x10002414                __wrap_puts
 .text.resetd_init
                0x10002450        0x4 CMakeFiles/controller.dir/C_/pico/pico-sdk/src/rp2_common/pico_stdio_usb/reset_interface.c.obj
 .text.resetd_reset
                0x10002454        0xc CMakeFiles/controller.dir/C_/pico/pico-sdk/src/rp2_common/pico_stdio_usb/reset_interface.c.obj
 .text.resetd_open
                0x10002460       0x28 CMakeFiles/controller.dir/C_/pico/pico-sdk/src/rp2_common/pico_stdio_usb/reset_interface.c.obj
 .text.resetd_xfer_cb
                0x10002488        0x4 CMakeFiles/controller.dir/C_/pico/pico-sdk/src/rp2_common/pico_stdio_usb/reset_interface.c.obj
 .text.resetd_control_xfer_cb
                0x1000248c       0x54 CMakeFiles/controller.dir/C_/pico/pico-sdk/src/rp2_common/pico_stdio_usb/reset_interface.c.obj
 .text.tud_descriptor_bos_cb
                0x100024e0        0x8 CMakeFiles/controller.dir/C_/pico/pico-sdk/src/rp2_common/pico_stdio_usb/reset_interface.c.obj
                0x100024e0                tud_descriptor_bos_cb
 .text.tud_vendor_control_xfer_cb
                0x100024e8       0x34 CMakeFiles/controller.dir/C_/pico/pico-sdk/src/rp2_common/pico_stdio_usb/reset_interface.c.obj
                0x100024e8                tud_vendor_control_xfer_cb
 .text.usbd_app_driver_get_cb
                0x1000251c        0xc CMakeFiles/controller.dir/C_/pico/pico-sdk/src/rp2_common/pico_stdio_usb/reset_interface.c.obj
                0x1000251c                usbd_app_driver_get_cb
 .text.tud_cdc_line_coding_cb
                0x10002528       0x2c CMakeFiles/controller.dir/C_/pico/pico-sdk/src/rp2_common/pico_stdio_usb/reset_interface.c.obj
                0x10002528                tud_cdc_line_coding_cb
 .text.stdio_usb_set_chars_available_callback
                0x10002554       0x14 CMakeFiles/controller.dir/C_/pico/pico-sdk/src/rp2_common/pico_stdio_usb/stdio_usb.c.obj
                0x10002554                stdio_usb_set_chars_available_callback
 .text.usb_irq  0x10002568       0x10 CMakeFiles/controller.dir/C_/pico/pico-sdk/src/rp2_common/pico_stdio_usb/stdio_usb.c.obj
 .text.timer_task
                0x10002578       0x64 CMakeFiles/controller.dir/C_/pico/pico-sdk/src/rp2_common/pico_stdio_usb/stdio_usb.c.obj
 .text.stdio_usb_in_chars
                0x100025dc       0x8c CMakeFiles/controller.dir/C_/pico/pico-sdk/src/rp2_common/pico_stdio_usb/stdio_usb.c.obj
                0x100025dc                stdio_usb_in_chars
 .text.stdio_usb_out_flush
                0x10002668       0x4c CMakeFiles/controller.dir/C_/pico/pico-sdk/src/rp2_common/pico_stdio_usb/stdio_usb.c.obj
 .text.stdio_usb_out_chars
                0x100026b4      0x100 CMakeFiles/controller.dir/C_/pico/pico-sdk/src/rp2_common/pico_stdio_usb/stdio_usb.c.obj
 .text.low_priority_worker_irq
                0x100027b4       0xc8 CMakeFiles/controller.dir/C_/pico/pico-sdk/src/rp2_common/pico_stdio_usb/stdio_usb.c.obj
 .text.stdio_usb_init
                0x1000287c       0xe8 CMakeFiles/controller.dir/C_/pico/pico-sdk/src/rp2_common/pico_stdio_usb/stdio_usb.c.obj
                0x1000287c                stdio_usb_init
 .text.tud_descriptor_device_cb
                0x10002964        0x8 CMakeFiles/controller.dir/C_/pico/pico-sdk/src/rp2_common/pico_stdio_usb/stdio_usb_descriptors.c.obj
                0x10002964                tud_descriptor_device_cb
 .text.tud_descriptor_configuration_cb
                0x1000296c        0x8 CMakeFiles/controller.dir/C_/pico/pico-sdk/src/rp2_common/pico_stdio_usb/stdio_usb_descriptors.c.obj
                0x1000296c                tud_descriptor_configuration_cb
 .text.tud_descriptor_string_cb
                0x10002974       0x78 CMakeFiles/controller.dir/C_/pico/pico-sdk/src/rp2_common/pico_stdio_usb/stdio_usb_descriptors.c.obj
                0x10002974                tud_descriptor_string_cb
 .text.startup._retrieve_unique_id_on_boot
                0x100029ec       0x10 CMakeFiles/controller.dir/C_/pico/pico-sdk/src/rp2_common/pico_unique_id/unique_id.c.obj
 .text.pico_get_unique_board_id_string
                0x100029fc      0x1a8 CMakeFiles/controller.dir/C_/pico/pico-sdk/src/rp2_common/pico_unique_id/unique_id.c.obj
                0x100029fc                pico_get_unique_board_id_string
 .text.flash_get_unique_id
                0x10002ba4       0x3c CMakeFiles/controller.dir/C_/pico/pico-sdk/src/rp2_common/hardware_flash/flash.c.obj
                0x10002ba4                flash_get_unique_id
 .text.dcd_init
                0x10002be0       0x90 CMakeFiles/controller.dir/C_/pico/pico-sdk/lib/tinyusb/src/portable/raspberrypi/rp2040/dcd_rp2040.c.obj
                0x10002be0                dcd_init
 .text.dcd_int_enable
                0x10002c70        0xc CMakeFiles/controller.dir/C_/pico/pico-sdk/lib/tinyusb/src/portable/raspberrypi/rp2040/dcd_rp2040.c.obj
                0x10002c70                dcd_int_enable
 .text.dcd_set_address
                0x10002c7c       0x14 CMakeFiles/controller.dir/C_/pico/pico-sdk/lib/tinyusb/src/portable/raspberrypi/rp2040/dcd_rp2040.c.obj
                0x10002c7c                dcd_set_address
 .text.dcd_sof_enable
                0x10002c90       0x1c CMakeFiles/controller.dir/C_/pico/pico-sdk/lib/tinyusb/src/portable/raspberrypi/rp2040/dcd_rp2040.c.obj
                0x10002c90                dcd_sof_enable
 .text.dcd_edpt0_status_complete
                0x10002cac       0x1c CMakeFiles/controller.dir/C_/pico/pico-sdk/lib/tinyusb/src/portable/raspberrypi/rp2040/dcd_rp2040.c.obj
                0x10002cac                dcd_edpt0_status_complete
 .text.dcd_edpt_open
                0x10002cc8      0x114 CMakeFiles/controller.dir/C_/pico/pico-sdk/lib/tinyusb/src/portable/raspberrypi/rp2040/dcd_rp2040.c.obj
                0x10002cc8                dcd_edpt_open
 .text.dcd_edpt_close_all
                0x10002ddc        0x8 CMakeFiles/controller.dir/C_/pico/pico-sdk/lib/tinyusb/src/portable/raspberrypi/rp2040/dcd_rp2040.c.obj
                0x10002ddc                dcd_edpt_close_all
 .text.dcd_edpt_xfer
                0x10002de4       0x24 CMakeFiles/controller.dir/C_/pico/pico-sdk/lib/tinyusb/src/portable/raspberrypi/rp2040/dcd_rp2040.c.obj
                0x10002de4                dcd_edpt_xfer
 .text.dcd_edpt_stall
                0x10002e08       0x3c CMakeFiles/controller.dir/C_/pico/pico-sdk/lib/tinyusb/src/portable/raspberrypi/rp2040/dcd_rp2040.c.obj
                0x10002e08                dcd_edpt_stall
 .text.dcd_edpt_clear_stall
                0x10002e44       0x30 CMakeFiles/controller.dir/C_/pico/pico-sdk/lib/tinyusb/src/portable/raspberrypi/rp2040/dcd_rp2040.c.obj
                0x10002e44                dcd_edpt_clear_stall
 .text.rp2040_usb_init
                0x10002e74       0x40 CMakeFiles/controller.dir/C_/pico/pico-sdk/lib/tinyusb/src/portable/raspberrypi/rp2040/rp2040_usb.c.obj
                0x10002e74                rp2040_usb_init
 .text.hw_endpoint_xfer_start
                0x10002eb4       0x40 CMakeFiles/controller.dir/C_/pico/pico-sdk/lib/tinyusb/src/portable/raspberrypi/rp2040/rp2040_usb.c.obj
                0x10002eb4                hw_endpoint_xfer_start
 .text.tud_event_hook_cb
                0x10002ef4        0x4 CMakeFiles/controller.dir/C_/pico/pico-sdk/lib/tinyusb/src/device/usbd.c.obj
                0x10002ef4                tud_event_hook_cb
 .text.tud_sof_cb
                0x10002ef8        0x4 CMakeFiles/controller.dir/C_/pico/pico-sdk/lib/tinyusb/src/device/usbd.c.obj
                0x10002ef8                tud_sof_cb
 .text.tud_descriptor_device_qualifier_cb
                0x10002efc        0x4 CMakeFiles/controller.dir/C_/pico/pico-sdk/lib/tinyusb/src/device/usbd.c.obj
                0x10002efc                tud_descriptor_device_qualifier_cb
 .text.tud_descriptor_other_speed_configuration_cb
                0x10002f00        0x4 CMakeFiles/controller.dir/C_/pico/pico-sdk/lib/tinyusb/src/device/usbd.c.obj
                0x10002f00                tud_descriptor_other_speed_configuration_cb
 .text.tud_mount_cb
                0x10002f04        0x4 CMakeFiles/controller.dir/C_/pico/pico-sdk/lib/tinyusb/src/device/usbd.c.obj
                0x10002f04                tud_mount_cb
 .text.tud_umount_cb
                0x10002f08        0x4 CMakeFiles/controller.dir/C_/pico/pico-sdk/lib/tinyusb/src/device/usbd.c.obj
                0x10002f08                tud_umount_cb
 .text.tud_suspend_cb
                0x10002f0c        0x4 CMakeFiles/controller.dir/C_/pico/pico-sdk/lib/tinyusb/src/device/usbd.c.obj
                0x10002f0c                tud_suspend_cb
 .text.tud_resume_cb
                0x10002f10        0x4 CMakeFiles/controller.dir/C_/pico/pico-sdk/lib/tinyusb/src/device/usbd.c.obj
                0x10002f10                tud_resume_cb
 .text.tud_mounted
                0x10002f14       0x10 CMakeFiles/controller.dir/C_/pico/pico-sdk/lib/tinyusb/src/device/usbd.c.obj
                0x10002f14                tud_mounted
 .text.tud_suspended
                0x10002f24       0x10 CMakeFiles/controller.dir/C_/pico/pico-sdk/lib/tinyusb/src/device/usbd.c.obj
                0x10002f24                tud_suspended
 .text.tud_rhport_init
                0x10002f34       0xf4 CMakeFiles/controller.dir/C_/pico/pico-sdk/lib/tinyusb/src/device/usbd.c.obj
                0x10002f34                tud_rhport_init
 .text.tud_task_ext
                0x10003028      0x800 CMakeFiles/controller.dir/C_/pico/pico-sdk/lib/tinyusb/src/device/usbd.c.obj
                0x10003028                tud_task_ext
 .text.usbd_open_edpt_pair
                0x10003828       0x9c CMakeFiles/controller.dir/C_/pico/pico-sdk/lib/tinyusb/src/device/usbd.c.obj
                0x10003828                usbd_open_edpt_pair
 .text.usbd_edpt_open
                0x100038c4       0x34 CMakeFiles/controller.dir/C_/pico/pico-sdk/lib/tinyusb/src/device/usbd.c.obj
                0x100038c4                usbd_edpt_open
 .text.usbd_edpt_claim
                0x100038f8       0x28 CMakeFiles/controller.dir/C_/pico/pico-sdk/lib/tinyusb/src/device/usbd.c.obj
                0x100038f8                usbd_edpt_claim
 .text.usbd_edpt_release
                0x10003920       0x28 CMakeFiles/controller.dir/C_/pico/pico-sdk/lib/tinyusb/src/device/usbd.c.obj
                0x10003920                usbd_edpt_release
 .text.usbd_edpt_xfer
                0x10003948       0x4c CMakeFiles/controller.dir/C_/pico/pico-sdk/lib/tinyusb/src/device/usbd.c.obj
                0x10003948                usbd_edpt_xfer
 .text.tud_control_status
                0x10003994       0x2c CMakeFiles/controller.dir/C_/pico/pico-sdk/lib/tinyusb/src/device/usbd_control.c.obj
                0x10003994                tud_control_status
 .text.tud_control_xfer
                0x100039c0       0xa8 CMakeFiles/controller.dir/C_/pico/pico-sdk/lib/tinyusb/src/device/usbd_control.c.obj
                0x100039c0                tud_control_xfer
 .text.usbd_control_reset
                0x10003a68       0x14 CMakeFiles/controller.dir/C_/pico/pico-sdk/lib/tinyusb/src/device/usbd_control.c.obj
                0x10003a68                usbd_control_reset
 .text.usbd_control_set_complete_callback
                0x10003a7c        0xc CMakeFiles/controller.dir/C_/pico/pico-sdk/lib/tinyusb/src/device/usbd_control.c.obj
                0x10003a7c                usbd_control_set_complete_callback
 .text.usbd_control_set_request
                0x10003a88       0x1c CMakeFiles/controller.dir/C_/pico/pico-sdk/lib/tinyusb/src/device/usbd_control.c.obj
                0x10003a88                usbd_control_set_request
 .text.usbd_control_xfer_cb
                0x10003aa4       0xec CMakeFiles/controller.dir/C_/pico/pico-sdk/lib/tinyusb/src/device/usbd_control.c.obj
                0x10003aa4                usbd_control_xfer_cb
 .text._prep_out_transaction.isra.0
                0x10003b90       0x6c CMakeFiles/controller.dir/C_/pico/pico-sdk/lib/tinyusb/src/class/cdc/cdc_device.c.obj
 .text.tud_cdc_n_connected
                0x10003bfc       0x2c CMakeFiles/controller.dir/C_/pico/pico-sdk/lib/tinyusb/src/class/cdc/cdc_device.c.obj
                0x10003bfc                tud_cdc_n_connected
 .text.tud_cdc_n_available
                0x10003c28       0x14 CMakeFiles/controller.dir/C_/pico/pico-sdk/lib/tinyusb/src/class/cdc/cdc_device.c.obj
                0x10003c28                tud_cdc_n_available
 .text.tud_cdc_n_read
                0x10003c3c       0x88 CMakeFiles/controller.dir/C_/pico/pico-sdk/lib/tinyusb/src/class/cdc/cdc_device.c.obj
                0x10003c3c                tud_cdc_n_read
 .text.tud_cdc_n_write_flush
                0x10003cc4       0x74 CMakeFiles/controller.dir/C_/pico/pico-sdk/lib/tinyusb/src/class/cdc/cdc_device.c.obj
                0x10003cc4                tud_cdc_n_write_flush
 .text.tud_cdc_n_write
                0x10003d38       0x40 CMakeFiles/controller.dir/C_/pico/pico-sdk/lib/tinyusb/src/class/cdc/cdc_device.c.obj
                0x10003d38                tud_cdc_n_write
 .text.tud_cdc_n_write_available
                0x10003d78       0x14 CMakeFiles/controller.dir/C_/pico/pico-sdk/lib/tinyusb/src/class/cdc/cdc_device.c.obj
                0x10003d78                tud_cdc_n_write_available
 .text.cdcd_init
                0x10003d8c       0x70 CMakeFiles/controller.dir/C_/pico/pico-sdk/lib/tinyusb/src/class/cdc/cdc_device.c.obj
                0x10003d8c                cdcd_init
 .text.cdcd_deinit
                0x10003dfc       0x30 CMakeFiles/controller.dir/C_/pico/pico-sdk/lib/tinyusb/src/class/cdc/cdc_device.c.obj
                0x10003dfc                cdcd_deinit
 .text.cdcd_reset
                0x10003e2c       0x4c CMakeFiles/controller.dir/C_/pico/pico-sdk/lib/tinyusb/src/class/cdc/cdc_device.c.obj
                0x10003e2c                cdcd_reset
 .text.cdcd_open
                0x10003e78       0xa4 CMakeFiles/controller.dir/C_/pico/pico-sdk/lib/tinyusb/src/class/cdc/cdc_device.c.obj
                0x10003e78                cdcd_open
 .text.cdcd_control_xfer_cb
                0x10003f1c       0xe8 CMakeFiles/controller.dir/C_/pico/pico-sdk/lib/tinyusb/src/class/cdc/cdc_device.c.obj
                0x10003f1c                cdcd_control_xfer_cb
 .text.cdcd_xfer_cb
                0x10004004      0x100 CMakeFiles/controller.dir/C_/pico/pico-sdk/lib/tinyusb/src/class/cdc/cdc_device.c.obj
                0x10004004                cdcd_xfer_cb
 .text.vendord_init
                0x10004104       0x5c CMakeFiles/controller.dir/C_/pico/pico-sdk/lib/tinyusb/src/class/vendor/vendor_device.c.obj
                0x10004104                vendord_init
 .text.vendord_deinit
                0x10004160       0x1c CMakeFiles/controller.dir/C_/pico/pico-sdk/lib/tinyusb/src/class/vendor/vendor_device.c.obj
                0x10004160                vendord_deinit
 .text.vendord_reset
                0x1000417c       0x28 CMakeFiles/controller.dir/C_/pico/pico-sdk/lib/tinyusb/src/class/vendor/vendor_device.c.obj
                0x1000417c                vendord_reset
 .text.vendord_open
                0x100041a4      0x120 CMakeFiles/controller.dir/C_/pico/pico-sdk/lib/tinyusb/src/class/vendor/vendor_device.c.obj
                0x100041a4                vendord_open
 .text.vendord_xfer_cb
                0x100042c4       0x9c CMakeFiles/controller.dir/C_/pico/pico-sdk/lib/tinyusb/src/class/vendor/vendor_device.c.obj
                0x100042c4                vendord_xfer_cb
 .text.tusb_rhport_init
                0x10004360       0x4c CMakeFiles/controller.dir/C_/pico/pico-sdk/lib/tinyusb/src/tusb.c.obj
                0x10004360                tusb_rhport_init
 .text.tu_edpt_claim
                0x100043ac       0x50 CMakeFiles/controller.dir/C_/pico/pico-sdk/lib/tinyusb/src/tusb.c.obj
                0x100043ac                tu_edpt_claim
 .text.tu_edpt_release
                0x100043fc       0x38 CMakeFiles/controller.dir/C_/pico/pico-sdk/lib/tinyusb/src/tusb.c.obj
                0x100043fc                tu_edpt_release
 .text.tu_edpt_validate
                0x10004434       0x7c CMakeFiles/controller.dir/C_/pico/pico-sdk/lib/tinyusb/src/tusb.c.obj
                0x10004434                tu_edpt_validate
 .text.tu_edpt_bind_driver
                0x100044b0       0x34 CMakeFiles/controller.dir/C_/pico/pico-sdk/lib/tinyusb/src/tusb.c.obj
                0x100044b0                tu_edpt_bind_driver
 .text.tu_edpt_stream_init
                0x100044e4       0x6c CMakeFiles/controller.dir/C_/pico/pico-sdk/lib/tinyusb/src/tusb.c.obj
                0x100044e4                tu_edpt_stream_init
 .text.tu_edpt_stream_deinit
                0x10004550        0x4 CMakeFiles/controller.dir/C_/pico/pico-sdk/lib/tinyusb/src/tusb.c.obj
                0x10004550                tu_edpt_stream_deinit
 .text.tu_edpt_stream_write_zlp_if_needed
                0x10004554       0x68 CMakeFiles/controller.dir/C_/pico/pico-sdk/lib/tinyusb/src/tusb.c.obj
                0x10004554                tu_edpt_stream_write_zlp_if_needed
 .text.tu_edpt_stream_write_xfer
                0x100045bc       0x68 CMakeFiles/controller.dir/C_/pico/pico-sdk/lib/tinyusb/src/tusb.c.obj
                0x100045bc                tu_edpt_stream_write_xfer
 .text.tu_edpt_stream_read_xfer
                0x10004624       0xd8 CMakeFiles/controller.dir/C_/pico/pico-sdk/lib/tinyusb/src/tusb.c.obj
                0x10004624                tu_edpt_stream_read_xfer
 .text.tu_fifo_config
                0x100046fc       0x6c CMakeFiles/controller.dir/C_/pico/pico-sdk/lib/tinyusb/src/common/tusb_fifo.c.obj
                0x100046fc                tu_fifo_config
 .text.tu_fifo_count
                0x10004768       0x2c CMakeFiles/controller.dir/C_/pico/pico-sdk/lib/tinyusb/src/common/tusb_fifo.c.obj
                0x10004768                tu_fifo_count
 .text.tu_fifo_empty
                0x10004794       0x10 CMakeFiles/controller.dir/C_/pico/pico-sdk/lib/tinyusb/src/common/tusb_fifo.c.obj
                0x10004794                tu_fifo_empty
 .text.tu_fifo_remaining
                0x100047a4       0x2c CMakeFiles/controller.dir/C_/pico/pico-sdk/lib/tinyusb/src/common/tusb_fifo.c.obj
                0x100047a4                tu_fifo_remaining
 .text.tu_fifo_read
                0x100047d0       0x9c CMakeFiles/controller.dir/C_/pico/pico-sdk/lib/tinyusb/src/common/tusb_fifo.c.obj
                0x100047d0                tu_fifo_read
 .text.tu_fifo_read_n
                0x1000486c       0xe8 CMakeFiles/controller.dir/C_/pico/pico-sdk/lib/tinyusb/src/common/tusb_fifo.c.obj
                0x1000486c                tu_fifo_read_n
 .text.tu_fifo_write
                0x10004954       0xa4 CMakeFiles/controller.dir/C_/pico/pico-sdk/lib/tinyusb/src/common/tusb_fifo.c.obj
                0x10004954                tu_fifo_write
 .text.tu_fifo_write_n
                0x100049f8      0x178 CMakeFiles/controller.dir/C_/pico/pico-sdk/lib/tinyusb/src/common/tusb_fifo.c.obj
                0x100049f8                tu_fifo_write_n
 .text.tu_fifo_clear
                0x10004b70       0x40 CMakeFiles/controller.dir/C_/pico/pico-sdk/lib/tinyusb/src/common/tusb_fifo.c.obj
                0x10004b70                tu_fifo_clear
 .text.tu_fifo_set_overwritable
                0x10004bb0       0x48 CMakeFiles/controller.dir/C_/pico/pico-sdk/lib/tinyusb/src/common/tusb_fifo.c.obj
                0x10004bb0                tu_fifo_set_overwritable
 .text.__malloc_lock
                0x10004bf8       0x10 C:/PROGRA~2/ARMGNU~1/14EFD8~1.2RE/bin/../lib/gcc/arm-none-eabi/14.2.1/thumb/v6-m/nofp\libg.a(libc_a-mlock.o)
                0x10004bf8                __malloc_lock
 .text.__malloc_unlock
                0x10004c08       0x10 C:/PROGRA~2/ARMGNU~1/14EFD8~1.2RE/bin/../lib/gcc/arm-none-eabi/14.2.1/thumb/v6-m/nofp\libg.a(libc_a-mlock.o)
                0x10004c08                __malloc_unlock
 .text.__sflush_r
                0x10004c18      0x13c C:/PROGRA~2/ARMGNU~1/14EFD8~1.2RE/bin/../lib/gcc/arm-none-eabi/14.2.1/thumb/v6-m/nofp\libg.a(libc_a-fflush.o)
                0x10004c18                __sflush_r
 .text._fflush_r
                0x10004d54       0x68 C:/PROGRA~2/ARMGNU~1/14EFD8~1.2RE/bin/../lib/gcc/arm-none-eabi/14.2.1/thumb/v6-m/nofp\libg.a(libc_a-fflush.o)
                0x10004d54                _fflush_r
 .text.fflush   0x10004dbc       0x7c C:/PROGRA~2/ARMGNU~1/14EFD8~1.2RE/bin/../lib/gcc/arm-none-eabi/14.2.1/thumb/v6-m/nofp\libg.a(libc_a-fflush.o)
                0x10004dbc                fflush
 .text.stdio_exit_handler
                0x10004e38       0x1c C:/PROGRA~2/ARMGNU~1/14EFD8~1.2RE/bin/../lib/gcc/arm-none-eabi/14.2.1/thumb/v6-m/nofp\libg.a(libc_a-findfp.o)
 .text.cleanup_stdio
                0x10004e54       0x3c C:/PROGRA~2/ARMGNU~1/14EFD8~1.2RE/bin/../lib/gcc/arm-none-eabi/14.2.1/thumb/v6-m/nofp\libg.a(libc_a-findfp.o)
 .text.global_stdio_init.part.0
                0x10004e90      0x118 C:/PROGRA~2/ARMGNU~1/14EFD8~1.2RE/bin/../lib/gcc/arm-none-eabi/14.2.1/thumb/v6-m/nofp\libg.a(libc_a-findfp.o)
 .text.__sinit  0x10004fa8       0x38 C:/PROGRA~2/ARMGNU~1/14EFD8~1.2RE/bin/../lib/gcc/arm-none-eabi/14.2.1/thumb/v6-m/nofp\libg.a(libc_a-findfp.o)
                0x10004fa8                __sinit
 .text.__sfp_lock_acquire
                0x10004fe0       0x10 C:/PROGRA~2/ARMGNU~1/14EFD8~1.2RE/bin/../lib/gcc/arm-none-eabi/14.2.1/thumb/v6-m/nofp\libg.a(libc_a-findfp.o)
                0x10004fe0                __sfp_lock_acquire
 .text.__sfp_lock_release
                0x10004ff0       0x10 C:/PROGRA~2/ARMGNU~1/14EFD8~1.2RE/bin/../lib/gcc/arm-none-eabi/14.2.1/thumb/v6-m/nofp\libg.a(libc_a-findfp.o)
                0x10004ff0                __sfp_lock_release
 .text._fwalk_sglue
                0x10005000       0x44 C:/PROGRA~2/ARMGNU~1/14EFD8~1.2RE/bin/../lib/gcc/arm-none-eabi/14.2.1/thumb/v6-m/nofp\libg.a(libc_a-fwalk.o)
                0x10005000                _fwalk_sglue
 .text.__sread  0x10005044       0x28 C:/PROGRA~2/ARMGNU~1/14EFD8~1.2RE/bin/../lib/gcc/arm-none-eabi/14.2.1/thumb/v6-m/nofp\libg.a(libc_a-stdio.o)
                0x10005044                __sread
 .text.__swrite
                0x1000506c       0x40 C:/PROGRA~2/ARMGNU~1/14EFD8~1.2RE/bin/../lib/gcc/arm-none-eabi/14.2.1/thumb/v6-m/nofp\libg.a(libc_a-stdio.o)
                0x1000506c                __swrite
 .text.__sseek  0x100050ac       0x2c C:/PROGRA~2/ARMGNU~1/14EFD8~1.2RE/bin/../lib/gcc/arm-none-eabi/14.2.1/thumb/v6-m/nofp\libg.a(libc_a-stdio.o)
                0x100050ac                __sseek
 .text.__sclose
                0x100050d8        0xc C:/PROGRA~2/ARMGNU~1/14EFD8~1.2RE/bin/../lib/gcc/arm-none-eabi/14.2.1/thumb/v6-m/nofp\libg.a(libc_a-stdio.o)
                0x100050d8                __sclose
 .text._close_r
                0x100050e4       0x24 C:/PROGRA~2/ARMGNU~1/14EFD8~1.2RE/bin/../lib/gcc/arm-none-eabi/14.2.1/thumb/v6-m/nofp\libg.a(libc_a-closer.o)
                0x100050e4                _close_r
 .text._lseek_r
                0x10005108       0x28 C:/PROGRA~2/ARMGNU~1/14EFD8~1.2RE/bin/../lib/gcc/arm-none-eabi/14.2.1/thumb/v6-m/nofp\libg.a(libc_a-lseekr.o)
                0x10005108                _lseek_r
 .text._read_r  0x10005130       0x28 C:/PROGRA~2/ARMGNU~1/14EFD8~1.2RE/bin/../lib/gcc/arm-none-eabi/14.2.1/thumb/v6-m/nofp\libg.a(libc_a-readr.o)
                0x10005130                _read_r
 .text._sbrk_r  0x10005158       0x24 C:/PROGRA~2/ARMGNU~1/14EFD8~1.2RE/bin/../lib/gcc/arm-none-eabi/14.2.1/thumb/v6-m/nofp\libg.a(libc_a-sbrkr.o)
                0x10005158                _sbrk_r
 .text._write_r
                0x1000517c       0x28 C:/PROGRA~2/ARMGNU~1/14EFD8~1.2RE/bin/../lib/gcc/arm-none-eabi/14.2.1/thumb/v6-m/nofp\libg.a(libc_a-writer.o)
                0x1000517c                _write_r
 .text.__errno  0x100051a4        0xc C:/PROGRA~2/ARMGNU~1/14EFD8~1.2RE/bin/../lib/gcc/arm-none-eabi/14.2.1/thumb/v6-m/nofp\libg.a(libc_a-errno.o)
                0x100051a4                __errno
 .text.__retarget_lock_init_recursive
                0x100051b0        0x4 C:/PROGRA~2/ARMGNU~1/14EFD8~1.2RE/bin/../lib/gcc/arm-none-eabi/14.2.1/thumb/v6-m/nofp\libg.a(libc_a-lock.o)
                0x100051b0                __retarget_lock_init_recursive
 .text.__retarget_lock_close_recursive
                0x100051b4        0x4 C:/PROGRA~2/ARMGNU~1/14EFD8~1.2RE/bin/../lib/gcc/arm-none-eabi/14.2.1/thumb/v6-m/nofp\libg.a(libc_a-lock.o)
                0x100051b4                __retarget_lock_close_recursive
 .text.__retarget_lock_acquire_recursive
                0x100051b8        0x4 C:/PROGRA~2/ARMGNU~1/14EFD8~1.2RE/bin/../lib/gcc/arm-none-eabi/14.2.1/thumb/v6-m/nofp\libg.a(libc_a-lock.o)
                0x100051b8                __retarget_lock_acquire_recursive
 .text.__retarget_lock_release_recursive
                0x100051bc        0x4 C:/PROGRA~2/ARMGNU~1/14EFD8~1.2RE/bin/../lib/gcc/arm-none-eabi/14.2.1/thumb/v6-m/nofp\libg.a(libc_a-lock.o)
                0x100051bc                __retarget_lock_release_recursive
 .text.sysconf  0x100051c0       0x1c C:/PROGRA~2/ARMGNU~1/14EFD8~1.2RE/bin/../lib/gcc/arm-none-eabi/14.2.1/thumb/v6-m/nofp\libg.a(libc_a-sysconf.o)
                0x100051c0                sysconf
 .text.strlen   0x100051dc       0x5c C:/PROGRA~2/ARMGNU~1/14EFD8~1.2RE/bin/../lib/gcc/arm-none-eabi/14.2.1/thumb/v6-m/nofp\libg.a(libc_a-strlen-stub.o)
                0x100051dc                strlen
 .text._malloc_trim_r
                0x10005238       0xb4 C:/PROGRA~2/ARMGNU~1/14EFD8~1.2RE/bin/../lib/gcc/arm-none-eabi/14.2.1/thumb/v6-m/nofp\libg.a(libc_a-freer.o)
                0x10005238                _malloc_trim_r
 .text._free_r  0x100052ec      0x1f0 C:/PROGRA~2/ARMGNU~1/14EFD8~1.2RE/bin/../lib/gcc/arm-none-eabi/14.2.1/thumb/v6-m/nofp\libg.a(libc_a-freer.o)
                0x100052ec                _free_r
 .text._fclose_r
                0x100054dc       0xcc C:/PROGRA~2/ARMGNU~1/14EFD8~1.2RE/bin/../lib/gcc/arm-none-eabi/14.2.1/thumb/v6-m/nofp\libg.a(libc_a-fclose.o)
                0x100054dc                _fclose_r
 *(.fini)
 .fini          0x100055a8        0x4 C:/PROGRA~2/ARMGNU~1/14EFD8~1.2RE/bin/../lib/gcc/arm-none-eabi/14.2.1/thumb/v6-m/nofp/crti.o
                0x100055a8                _fini
 *fill*         0x100055ac        0x4 
 .fini.__stub   0x100055b0       0xc0 linker stubs
 *crtbegin.o(.ctors)
 *crtbegin?.o(.ctors)
 *(EXCLUDE_FILE(*crtend.o *crtend?.o) .ctors)
 *(SORT_BY_NAME(.ctors.*))
 *(.ctors)
 *crtbegin.o(.dtors)
 *crtbegin?.o(.dtors)
 *(EXCLUDE_FILE(*crtend.o *crtend?.o) .dtors)
 *(SORT_BY_NAME(.dtors.*))
 *(.dtors)
                0x10005670                        . = ALIGN (0x4)
                0x10005670                        PROVIDE (__preinit_array_start = .)
 *(SORT_BY_NAME(.preinit_array.*))
 .preinit_array.00100
                0x10005670        0x4 CMakeFiles/controller.dir/C_/pico/pico-sdk/src/rp2_common/pico_runtime_init/runtime_init.c.obj
                0x10005670                __pre_init_runtime_init_early_resets
 .preinit_array.00101
                0x10005674        0x4 CMakeFiles/controller.dir/C_/pico/pico-sdk/src/rp2_common/pico_runtime_init/runtime_init.c.obj
                0x10005674                __pre_init_runtime_init_usb_power_down
 .preinit_array.00275
                0x10005678        0x4 CMakeFiles/controller.dir/C_/pico/pico-sdk/src/rp2_common/pico_bit_ops/bit_ops_aeabi.S.obj
 .preinit_array.00300
                0x1000567c        0x4 CMakeFiles/controller.dir/C_/pico/pico-sdk/src/rp2_common/pico_mem_ops/mem_ops_aeabi.S.obj
 .preinit_array.00350
                0x10005680        0x4 CMakeFiles/controller.dir/C_/pico/pico-sdk/src/rp2_common/pico_double/double_aeabi_rp2040.S.obj
 .preinit_array.00350
                0x10005684        0x4 CMakeFiles/controller.dir/C_/pico/pico-sdk/src/rp2_common/pico_float/float_aeabi_rp2040.S.obj
 .preinit_array.00500
                0x10005688        0x4 CMakeFiles/controller.dir/C_/pico/pico-sdk/src/rp2_common/pico_runtime_init/runtime_init.c.obj
                0x10005688                __pre_init_runtime_init_clocks
 .preinit_array.00600
                0x1000568c        0x4 CMakeFiles/controller.dir/C_/pico/pico-sdk/src/rp2_common/pico_runtime_init/runtime_init.c.obj
                0x1000568c                __pre_init_runtime_init_post_clock_resets
 .preinit_array.00700
                0x10005690        0x4 CMakeFiles/controller.dir/C_/pico/pico-sdk/src/rp2_common/pico_runtime_init/runtime_init.c.obj
                0x10005690                __pre_init_runtime_init_rp2040_gpio_ie_disable
 .preinit_array.01000
                0x10005694        0x4 CMakeFiles/controller.dir/C_/pico/pico-sdk/src/rp2_common/pico_runtime_init/runtime_init.c.obj
                0x10005694                __pre_init_runtime_init_spin_locks_reset
 .preinit_array.01100
                0x10005698        0x4 CMakeFiles/controller.dir/C_/pico/pico-sdk/src/common/pico_sync/mutex.c.obj
                0x10005698                __pre_init_runtime_init_mutex
 .preinit_array.10080
                0x1000569c        0x4 CMakeFiles/controller.dir/C_/pico/pico-sdk/src/rp2_common/pico_runtime_init/runtime_init.c.obj
                0x1000569c                __pre_init_runtime_init_install_ram_vector_table
 .preinit_array.11000
                0x100056a0        0x4 CMakeFiles/controller.dir/C_/pico/pico-sdk/src/common/pico_time/time.c.obj
                0x100056a0                __pre_init_runtime_init_default_alarm_pool
 .preinit_array.YYYYY
                0x100056a4        0x4 CMakeFiles/controller.dir/C_/pico/pico-sdk/src/rp2_common/pico_runtime/runtime.c.obj
                0x100056a4                __pre_init_first_per_core_initializer
 .preinit_array.ZZZZZ.01200
                0x100056a8        0x4 CMakeFiles/controller.dir/C_/pico/pico-sdk/src/rp2_common/hardware_irq/irq.c.obj
                0x100056a8                __pre_init_runtime_init_per_core_irq_priorities
 *(.preinit_array)
                0x100056ac                        PROVIDE (__preinit_array_end = .)
                0x100056ac                        . = ALIGN (0x4)
                0x100056ac                        PROVIDE (__init_array_start = .)
 *(SORT_BY_NAME(.init_array.*))
 .init_array.01000
                0x100056ac        0x4 CMakeFiles/controller.dir/C_/pico/pico-sdk/src/rp2_common/pico_unique_id/unique_id.c.obj
 *(.init_array)
 .init_array    0x100056b0        0x4 C:/PROGRA~2/ARMGNU~1/14EFD8~1.2RE/bin/../lib/gcc/arm-none-eabi/14.2.1/thumb/v6-m/nofp/crtbegin.o
                0x100056b4                        PROVIDE (__init_array_end = .)
                0x100056b4                        . = ALIGN (0x4)
                [!provide]                        PROVIDE (__fini_array_start = .)
 *(SORT_BY_NAME(.fini_array.*))
 *(.fini_array)
                [!provide]                        PROVIDE (__fini_array_end = .)
 *(.eh_frame*)
 .eh_frame      0x100056b4        0x0 C:/PROGRA~2/ARMGNU~1/14EFD8~1.2RE/bin/../lib/gcc/arm-none-eabi/14.2.1/thumb/v6-m/nofp/crtbegin.o
                0x100056b4                        . = ALIGN (0x4)

.glue_7         0x100056b4        0x0
 .glue_7        0x100056b4        0x0 linker stubs

.glue_7t        0x100056b4        0x0
 .glue_7t       0x100056b4        0x0 linker stubs

.vfp11_veneer   0x100056b4        0x0
 .vfp11_veneer  0x100056b4        0x0 linker stubs

.v4_bx          0x100056b4        0x0
 .v4_bx         0x100056b4        0x0 linker stubs

.iplt           0x100056b4        0x0
 .iplt          0x100056b4        0x0 C:/PROGRA~2/ARMGNU~1/14EFD8~1.2RE/bin/../lib/gcc/arm-none-eabi/14.2.1/thumb/v6-m/nofp/crtbegin.o

.rodata         0x100056b8      0x418
 *(EXCLUDE_FILE(*libm.a: *libc.a:*lib_a-mem*.o *libgcc.a:) .rodata*)
 .rodata.panic.str1.4
                0x100056b8      0x158 CMakeFiles/controller.dir/C_/pico/pico-sdk/src/rp2_common/pico_platform_panic/panic.c.obj
                                 0x12 (size before relaxing)
 .rodata.spin_lock_claim_unused.str1.4
                0x10005810       0x1b CMakeFiles/controller.dir/C_/pico/pico-sdk/src/rp2_common/hardware_sync/sync.c.obj
 .rodata.user_irq_claim_unused.str1.4
                0x10005810       0x1b CMakeFiles/controller.dir/C_/pico/pico-sdk/src/rp2_common/hardware_irq/irq.c.obj
 .rodata.at_the_end_of_time
                0x10005810        0x8 CMakeFiles/controller.dir/C_/pico/pico-sdk/src/common/pico_time/time.c.obj
                0x10005810                at_the_end_of_time
 .rodata.timer_hardware_alarm_claim.str1.4
                0x10005818       0x22 CMakeFiles/controller.dir/C_/pico/pico-sdk/src/rp2_common/hardware_timer/timer.c.obj
 .rodata.hard_assertion_failure.str1.4
                0x10005818        0xc CMakeFiles/controller.dir/C_/pico/pico-sdk/src/rp2_common/pico_runtime/runtime.c.obj
 .rodata.str1.4
                0x10005818       0x40 CMakeFiles/controller.dir/C_/pico/pico-sdk/src/rp2_common/pico_standard_binary_info/standard_binary_info.c.obj
 .rodata.__bi_84
                0x10005818        0xc CMakeFiles/controller.dir/C_/pico/pico-sdk/src/rp2_common/pico_standard_binary_info/standard_binary_info.c.obj
 .rodata.__bi_78
                0x10005824        0xc CMakeFiles/controller.dir/C_/pico/pico-sdk/src/rp2_common/pico_standard_binary_info/standard_binary_info.c.obj
 .rodata.__bi_54
                0x10005830        0xc CMakeFiles/controller.dir/C_/pico/pico-sdk/src/rp2_common/pico_standard_binary_info/standard_binary_info.c.obj
 .rodata.__bi_48
                0x1000583c        0xc CMakeFiles/controller.dir/C_/pico/pico-sdk/src/rp2_common/pico_standard_binary_info/standard_binary_info.c.obj
 .rodata.__bi_42
                0x10005848        0xc CMakeFiles/controller.dir/C_/pico/pico-sdk/src/rp2_common/pico_standard_binary_info/standard_binary_info.c.obj
 .rodata.__bi_34
                0x10005854        0xc CMakeFiles/controller.dir/C_/pico/pico-sdk/src/rp2_common/pico_standard_binary_info/standard_binary_info.c.obj
 .rodata.__bi_26
                0x10005860        0xc CMakeFiles/controller.dir/C_/pico/pico-sdk/src/rp2_common/pico_standard_binary_info/standard_binary_info.c.obj
 .rodata.crlf_str.0
                0x1000586c        0x2 CMakeFiles/controller.dir/C_/pico/pico-sdk/src/rp2_common/pico_stdio/stdio.c.obj
 *fill*         0x1000586e        0x2 
 .rodata._resetd_driver
                0x10005870       0x20 CMakeFiles/controller.dir/C_/pico/pico-sdk/src/rp2_common/pico_stdio_usb/reset_interface.c.obj
 .rodata.desc_ms_os_20
                0x10005890       0xa6 CMakeFiles/controller.dir/C_/pico/pico-sdk/src/rp2_common/pico_stdio_usb/reset_interface.c.obj
 *fill*         0x10005936        0x2 
 .rodata.desc_bos
                0x10005938       0x21 CMakeFiles/controller.dir/C_/pico/pico-sdk/src/rp2_common/pico_stdio_usb/reset_interface.c.obj
                0x10005938                desc_bos
 .rodata.str1.4
                0x10005959       0x13 CMakeFiles/controller.dir/C_/pico/pico-sdk/src/rp2_common/pico_stdio_usb/stdio_usb.c.obj
 *fill*         0x10005959        0x3 
 .rodata.__bi_202.0
                0x1000595c        0xc CMakeFiles/controller.dir/C_/pico/pico-sdk/src/rp2_common/pico_stdio_usb/stdio_usb.c.obj
 .rodata.str1.4
                0x10005968       0x2a CMakeFiles/controller.dir/C_/pico/pico-sdk/src/rp2_common/pico_stdio_usb/stdio_usb_descriptors.c.obj
 .rodata.usbd_desc_str
                0x10005968       0x18 CMakeFiles/controller.dir/C_/pico/pico-sdk/src/rp2_common/pico_stdio_usb/stdio_usb_descriptors.c.obj
 .rodata.usbd_desc_cfg
                0x10005980       0x54 CMakeFiles/controller.dir/C_/pico/pico-sdk/src/rp2_common/pico_stdio_usb/stdio_usb_descriptors.c.obj
 .rodata.usbd_desc_device
                0x100059d4       0x12 CMakeFiles/controller.dir/C_/pico/pico-sdk/src/rp2_common/pico_stdio_usb/stdio_usb_descriptors.c.obj
 .rodata.str1.4
                0x100059e6       0x14 CMakeFiles/controller.dir/C_/pico/pico-sdk/lib/tinyusb/src/portable/raspberrypi/rp2040/dcd_rp2040.c.obj
 .rodata.str1.4
                0x100059e6       0x48 CMakeFiles/controller.dir/C_/pico/pico-sdk/lib/tinyusb/src/portable/raspberrypi/rp2040/rp2040_usb.c.obj
 *fill*         0x100059e6        0x2 
 .rodata.tud_task_ext
                0x100059e8       0x8c CMakeFiles/controller.dir/C_/pico/pico-sdk/lib/tinyusb/src/device/usbd.c.obj
 .rodata        0x10005a74       0x1c CMakeFiles/controller.dir/C_/pico/pico-sdk/lib/tinyusb/src/device/usbd.c.obj
 .rodata._usbd_driver
                0x10005a90       0x40 CMakeFiles/controller.dir/C_/pico/pico-sdk/lib/tinyusb/src/device/usbd.c.obj
                0x10005ad0                        . = ALIGN (0x4)
 *(SORT_BY_ALIGNMENT(SORT_BY_NAME(.flashdata*)))
                0x10005ad0                        . = ALIGN (0x4)

.ARM.extab
 *(.ARM.extab* .gnu.linkonce.armextab.*)
                0x10005ad0                        __exidx_start = .

.ARM.exidx
 *(.ARM.exidx* .gnu.linkonce.armexidx.*)
                0x10005ad0                        __exidx_end = .
                0x10005ad0                        . = ALIGN (0x4)
                0x10005ad0                        __binary_info_start = .

.binary_info    0x10005ad0       0x20
 *(.binary_info.keep.*)
 .binary_info.keep.__bi_ptr84
                0x10005ad0        0x4 CMakeFiles/controller.dir/C_/pico/pico-sdk/src/rp2_common/pico_standard_binary_info/standard_binary_info.c.obj
 .binary_info.keep.__bi_ptr78
                0x10005ad4        0x4 CMakeFiles/controller.dir/C_/pico/pico-sdk/src/rp2_common/pico_standard_binary_info/standard_binary_info.c.obj
 .binary_info.keep.__bi_ptr54
                0x10005ad8        0x4 CMakeFiles/controller.dir/C_/pico/pico-sdk/src/rp2_common/pico_standard_binary_info/standard_binary_info.c.obj
 .binary_info.keep.__bi_ptr48
                0x10005adc        0x4 CMakeFiles/controller.dir/C_/pico/pico-sdk/src/rp2_common/pico_standard_binary_info/standard_binary_info.c.obj
 .binary_info.keep.__bi_ptr42
                0x10005ae0        0x4 CMakeFiles/controller.dir/C_/pico/pico-sdk/src/rp2_common/pico_standard_binary_info/standard_binary_info.c.obj
 .binary_info.keep.__bi_ptr34
                0x10005ae4        0x4 CMakeFiles/controller.dir/C_/pico/pico-sdk/src/rp2_common/pico_standard_binary_info/standard_binary_info.c.obj
 .binary_info.keep.__bi_ptr26
                0x10005ae8        0x4 CMakeFiles/controller.dir/C_/pico/pico-sdk/src/rp2_common/pico_standard_binary_info/standard_binary_info.c.obj
 *(.binary_info.*)
 .binary_info.__bi_ptr202
                0x10005aec        0x4 CMakeFiles/controller.dir/C_/pico/pico-sdk/src/rp2_common/pico_stdio_usb/stdio_usb.c.obj
                0x10005af0                        __binary_info_end = .
                0x10005af0                        . = ALIGN (0x4)

.ram_vector_table
                0x20000000       0xc0
 *(.ram_vector_table)
 .ram_vector_table
                0x20000000       0xc0 CMakeFiles/controller.dir/C_/pico/pico-sdk/src/rp2_common/pico_runtime_init/runtime_init.c.obj
                0x20000000                ram_vector_table

.uninitialized_data
                0x200000c0        0x0
                0x200000c0                        . = ALIGN (0x4)
 *(.uninitialized_data*)

.data           0x200000c0     0x1550 load address 0x10005af0
                0x200000c0                        __data_start__ = .
 *(vtable)
 *(.time_critical*)
 .time_critical.mutex_try_enter
                0x200000c0       0x40 CMakeFiles/controller.dir/C_/pico/pico-sdk/src/common/pico_sync/mutex.c.obj
                0x200000c0                mutex_try_enter
 .time_critical.mutex_try_enter_block_until
                0x20000100       0x98 CMakeFiles/controller.dir/C_/pico/pico-sdk/src/common/pico_sync/mutex.c.obj
                0x20000100                mutex_try_enter_block_until
 .time_critical.mutex_enter_timeout_ms
                0x20000198       0x8c CMakeFiles/controller.dir/C_/pico/pico-sdk/src/common/pico_sync/mutex.c.obj
                0x20000198                mutex_enter_timeout_ms
 .time_critical.mutex_exit
                0x20000224       0x28 CMakeFiles/controller.dir/C_/pico/pico-sdk/src/common/pico_sync/mutex.c.obj
                0x20000224                mutex_exit
 .time_critical.flash_init_boot2_copyout
                0x2000024c       0x30 CMakeFiles/controller.dir/C_/pico/pico-sdk/src/rp2_common/hardware_flash/flash.c.obj
 .time_critical.flash_enable_xip_via_boot2
                0x2000027c        0xc CMakeFiles/controller.dir/C_/pico/pico-sdk/src/rp2_common/hardware_flash/flash.c.obj
 .time_critical.flash_save_hardware_state
                0x20000288       0x20 CMakeFiles/controller.dir/C_/pico/pico-sdk/src/rp2_common/hardware_flash/flash.c.obj
 .time_critical.flash_restore_hardware_state
                0x200002a8       0x20 CMakeFiles/controller.dir/C_/pico/pico-sdk/src/rp2_common/hardware_flash/flash.c.obj
 .time_critical.flash_cs_force
                0x200002c8       0x38 CMakeFiles/controller.dir/C_/pico/pico-sdk/src/rp2_common/hardware_flash/flash.c.obj
 .time_critical.flash_do_cmd
                0x20000300      0x13c CMakeFiles/controller.dir/C_/pico/pico-sdk/src/rp2_common/hardware_flash/flash.c.obj
                0x20000300                flash_do_cmd
 .time_critical.reset_non_control_endpoints
                0x2000043c       0x68 CMakeFiles/controller.dir/C_/pico/pico-sdk/lib/tinyusb/src/portable/raspberrypi/rp2040/dcd_rp2040.c.obj
 .time_critical.hw_handle_buff_status
                0x200004a4       0xa0 CMakeFiles/controller.dir/C_/pico/pico-sdk/lib/tinyusb/src/portable/raspberrypi/rp2040/dcd_rp2040.c.obj
 .time_critical.dcd_rp2040_irq
                0x20000544      0x548 CMakeFiles/controller.dir/C_/pico/pico-sdk/lib/tinyusb/src/portable/raspberrypi/rp2040/dcd_rp2040.c.obj
 .time_critical.prepare_ep_buffer
                0x20000a8c       0xc8 CMakeFiles/controller.dir/C_/pico/pico-sdk/lib/tinyusb/src/portable/raspberrypi/rp2040/rp2040_usb.c.obj
 .time_critical.sync_ep_buffer
                0x20000b54       0x9c CMakeFiles/controller.dir/C_/pico/pico-sdk/lib/tinyusb/src/portable/raspberrypi/rp2040/rp2040_usb.c.obj
 .time_critical._hw_endpoint_xfer_sync
                0x20000bf0       0x28 CMakeFiles/controller.dir/C_/pico/pico-sdk/lib/tinyusb/src/portable/raspberrypi/rp2040/rp2040_usb.c.obj
 .time_critical.e15_is_bulkin_ep
                0x20000c18       0x28 CMakeFiles/controller.dir/C_/pico/pico-sdk/lib/tinyusb/src/portable/raspberrypi/rp2040/rp2040_usb.c.obj
 .time_critical.e15_is_critical_frame_period
                0x20000c40       0x34 CMakeFiles/controller.dir/C_/pico/pico-sdk/lib/tinyusb/src/portable/raspberrypi/rp2040/rp2040_usb.c.obj
 .time_critical.hw_endpoint_reset_transfer
                0x20000c74        0xc CMakeFiles/controller.dir/C_/pico/pico-sdk/lib/tinyusb/src/portable/raspberrypi/rp2040/rp2040_usb.c.obj
                0x20000c74                hw_endpoint_reset_transfer
 .time_critical._hw_endpoint_buffer_control_update32
                0x20000c80       0x50 CMakeFiles/controller.dir/C_/pico/pico-sdk/lib/tinyusb/src/portable/raspberrypi/rp2040/rp2040_usb.c.obj
                0x20000c80                _hw_endpoint_buffer_control_update32
 .time_critical.hw_endpoint_start_next_buffer
                0x20000cd0       0x68 CMakeFiles/controller.dir/C_/pico/pico-sdk/lib/tinyusb/src/portable/raspberrypi/rp2040/rp2040_usb.c.obj
                0x20000cd0                hw_endpoint_start_next_buffer
 .time_critical.hw_endpoint_xfer_continue
                0x20000d38       0x40 CMakeFiles/controller.dir/C_/pico/pico-sdk/lib/tinyusb/src/portable/raspberrypi/rp2040/rp2040_usb.c.obj
                0x20000d38                hw_endpoint_xfer_continue
 .time_critical.tinyusb
                0x20000d78      0x1e4 CMakeFiles/controller.dir/C_/pico/pico-sdk/lib/tinyusb/src/device/usbd.c.obj
                0x20000d78                dcd_event_handler
 *(.text*)
 .text          0x20000f5c        0x4 C:/PROGRA~2/ARMGNU~1/14EFD8~1.2RE/bin/../lib/gcc/arm-none-eabi/14.2.1/thumb/v6-m/nofp\libgcc.a(_dvmd_tls.o)
                0x20000f5c                __aeabi_idiv0
                0x20000f5c                __aeabi_ldiv0
 .text.__stub   0x20000f60       0x80 linker stubs
                0x20000fe0                        . = ALIGN (0x4)
 *(.rodata*)
                0x20000fe0                        . = ALIGN (0x4)
 *(.data*)
 .data.striped_spin_lock_num
                0x20000fe0        0x1 CMakeFiles/controller.dir/C_/pico/pico-sdk/src/rp2_common/hardware_sync/sync.c.obj
 *fill*         0x20000fe1        0x3 
 .data          0x20000fe4       0x48 CMakeFiles/controller.dir/C_/pico/pico-sdk/src/rp2_common/hardware_irq/irq_handler_chain.S.obj
                0x20000fe4                irq_handler_chain_slots
                0x20001014                irq_handler_chain_first_slot
                0x2000101e                irq_handler_chain_remove_tail
 .data.default_alarm_pool
                0x2000102c       0x18 CMakeFiles/controller.dir/C_/pico/pico-sdk/src/common/pico_time/time.c.obj
 *fill*         0x20001044        0xc 
 .data.aeabi_bits_funcs
                0x20001050       0x10 CMakeFiles/controller.dir/C_/pico/pico-sdk/src/rp2_common/pico_bit_ops/bit_ops_aeabi.S.obj
                0x20001050                aeabi_bits_funcs
                0x20001060                aeabi_bits_funcs_end
 .data.aeabi_mem_funcs
                0x20001060       0x10 CMakeFiles/controller.dir/C_/pico/pico-sdk/src/rp2_common/pico_mem_ops/mem_ops_aeabi.S.obj
                0x20001060                aeabi_mem_funcs
                0x20001070                aeabi_mem_funcs_end
 .data.stdio_usb
                0x20001070       0x18 CMakeFiles/controller.dir/C_/pico/pico-sdk/src/rp2_common/pico_stdio_usb/stdio_usb.c.obj
                0x20001070                stdio_usb
 .data._usbd_qdef
                0x20001088       0x1c CMakeFiles/controller.dir/C_/pico/pico-sdk/lib/tinyusb/src/device/usbd.c.obj
                0x20001088                _usbd_qdef
 .data._usbd_rhport
                0x200010a4        0x1 CMakeFiles/controller.dir/C_/pico/pico-sdk/lib/tinyusb/src/device/usbd.c.obj
 *fill*         0x200010a5        0x3 
 .data.__malloc_sbrk_base
                0x200010a8        0x4 C:/PROGRA~2/ARMGNU~1/14EFD8~1.2RE/bin/../lib/gcc/arm-none-eabi/14.2.1/thumb/v6-m/nofp\libg.a(libc_a-mallocr.o)
                0x200010a8                __malloc_sbrk_base
 .data.__malloc_trim_threshold
                0x200010ac        0x4 C:/PROGRA~2/ARMGNU~1/14EFD8~1.2RE/bin/../lib/gcc/arm-none-eabi/14.2.1/thumb/v6-m/nofp\libg.a(libc_a-mallocr.o)
                0x200010ac                __malloc_trim_threshold
 .data.__malloc_av_
                0x200010b0      0x408 C:/PROGRA~2/ARMGNU~1/14EFD8~1.2RE/bin/../lib/gcc/arm-none-eabi/14.2.1/thumb/v6-m/nofp\libg.a(libc_a-mallocr.o)
                0x200010b0                __malloc_av_
 .data.__sglue  0x200014b8        0xc C:/PROGRA~2/ARMGNU~1/14EFD8~1.2RE/bin/../lib/gcc/arm-none-eabi/14.2.1/thumb/v6-m/nofp\libg.a(libc_a-findfp.o)
                0x200014b8                __sglue
 .data._impure_ptr
                0x200014c4        0x4 C:/PROGRA~2/ARMGNU~1/14EFD8~1.2RE/bin/../lib/gcc/arm-none-eabi/14.2.1/thumb/v6-m/nofp\libg.a(libc_a-impure.o)
                0x200014c4                _impure_ptr
 .data._impure_data
                0x200014c8      0x140 C:/PROGRA~2/ARMGNU~1/14EFD8~1.2RE/bin/../lib/gcc/arm-none-eabi/14.2.1/thumb/v6-m/nofp\libg.a(libc_a-impure.o)
                0x200014c8                _impure_data
                0x20001608                        . = ALIGN (0x4)
 *(.after_data.*)
                0x20001608                        . = ALIGN (0x4)
                0x20001608                        PROVIDE (__mutex_array_start = .)
 *(SORT_BY_NAME(.mutex_array.*))
 *(.mutex_array)
 .mutex_array   0x20001608        0x8 CMakeFiles/controller.dir/C_/pico/pico-sdk/src/rp2_common/pico_stdio/stdio.c.obj
                0x20001610                        PROVIDE (__mutex_array_end = .)
                0x20001610                        . = ALIGN (0x4)
 *(.jcr)
                0x20001610                        . = ALIGN (0x4)

.tm_clone_table
                0x20001610        0x0 load address 0x10007040
 .tm_clone_table
                0x20001610        0x0 C:/PROGRA~2/ARMGNU~1/14EFD8~1.2RE/bin/../lib/gcc/arm-none-eabi/14.2.1/thumb/v6-m/nofp/crtbegin.o
 .tm_clone_table
                0x20001610        0x0 C:/PROGRA~2/ARMGNU~1/14EFD8~1.2RE/bin/../lib/gcc/arm-none-eabi/14.2.1/thumb/v6-m/nofp/crtend.o

.igot.plt       0x20001610        0x0 load address 0x10007040
 .igot.plt      0x20001610        0x0 C:/PROGRA~2/ARMGNU~1/14EFD8~1.2RE/bin/../lib/gcc/arm-none-eabi/14.2.1/thumb/v6-m/nofp/crtbegin.o

.tdata          0x20001610        0x0 load address 0x10007040
                0x20001610                        . = ALIGN (0x4)
 *(.tdata .tdata.* .gnu.linkonce.td.*)
                0x20001610                        __tdata_end = .
                0x20001610                        PROVIDE (__data_end__ = .)
                0x10005af0                        __etext = LOADADDR (.data)

.tbss           0x20001610        0x0 load address 0x10007040
                0x20001610                        . = ALIGN (0x4)
                0x20001610                        __bss_start__ = .
                0x20001610                        __tls_base = .
 *(.tbss .tbss.* .gnu.linkonce.tb.*)
 *(.tcommon)
                0x20001610                        __tls_end = .

.bss            0x20001610     0x1074 load address 0x10007040
                0x20001610                        . = ALIGN (0x4)
                0x20001610                        __tbss_end = .
 *(SORT_BY_ALIGNMENT(SORT_BY_NAME(.bss*)))
 .bss.default_alarm_pool_entries
                0x20001610      0x180 CMakeFiles/controller.dir/C_/pico/pico-sdk/src/common/pico_time/time.c.obj
 .bss.last_avail_time.1
                0x20001790        0x8 CMakeFiles/controller.dir/C_/pico/pico-sdk/src/rp2_common/pico_stdio_usb/stdio_usb.c.obj
 .bss.sd_table  0x20001798      0x100 CMakeFiles/controller.dir/C_/pico/pico-sdk/src/rp2_common/pico_double/double_init_rom_rp2040.c.obj
                0x20001798                sd_table
 .bss.sf_table  0x20001898      0x100 CMakeFiles/controller.dir/C_/pico/pico-sdk/src/rp2_common/pico_float/float_init_rom_rp2040.c.obj
                0x20001898                sf_table
 .bss.__lock___malloc_recursive_mutex
                0x20001998        0x1 C:/PROGRA~2/ARMGNU~1/14EFD8~1.2RE/bin/../lib/gcc/arm-none-eabi/14.2.1/thumb/v6-m/nofp\libg.a(libc_a-lock.o)
                0x20001998                __lock___malloc_recursive_mutex
 *fill*         0x20001999        0x3 
 .bss.__lock___sfp_recursive_mutex
                0x2000199c        0x1 C:/PROGRA~2/ARMGNU~1/14EFD8~1.2RE/bin/../lib/gcc/arm-none-eabi/14.2.1/thumb/v6-m/nofp\libg.a(libc_a-lock.o)
                0x2000199c                __lock___sfp_recursive_mutex
 *fill*         0x2000199d        0x3 
 .bss.__malloc_current_mallinfo
                0x200019a0       0x28 C:/PROGRA~2/ARMGNU~1/14EFD8~1.2RE/bin/../lib/gcc/arm-none-eabi/14.2.1/thumb/v6-m/nofp\libg.a(libc_a-mallocr.o)
                0x200019a0                __malloc_current_mallinfo
 .bss.__malloc_top_pad
                0x200019c8        0x4 C:/PROGRA~2/ARMGNU~1/14EFD8~1.2RE/bin/../lib/gcc/arm-none-eabi/14.2.1/thumb/v6-m/nofp\libg.a(libc_a-mallocr.o)
                0x200019c8                __malloc_top_pad
 .bss.__sf      0x200019cc      0x138 C:/PROGRA~2/ARMGNU~1/14EFD8~1.2RE/bin/../lib/gcc/arm-none-eabi/14.2.1/thumb/v6-m/nofp\libg.a(libc_a-findfp.o)
                0x200019cc                __sf
 .bss.__stdio_exit_handler
                0x20001b04        0x4 C:/PROGRA~2/ARMGNU~1/14EFD8~1.2RE/bin/../lib/gcc/arm-none-eabi/14.2.1/thumb/v6-m/nofp\libg.a(libc_a-findfp.o)
                0x20001b04                __stdio_exit_handler
 .bss._app_driver
                0x20001b08        0x4 CMakeFiles/controller.dir/C_/pico/pico-sdk/lib/tinyusb/src/device/usbd.c.obj
 .bss._cdcd_epbuf
                0x20001b0c       0x80 CMakeFiles/controller.dir/C_/pico/pico-sdk/lib/tinyusb/src/class/cdc/cdc_device.c.obj
 .bss._cdcd_fifo_cfg
                0x20001b8c        0x1 CMakeFiles/controller.dir/C_/pico/pico-sdk/lib/tinyusb/src/class/cdc/cdc_device.c.obj
 *fill*         0x20001b8d        0x3 
 .bss._cdcd_itf
                0x20001b90       0xc8 CMakeFiles/controller.dir/C_/pico/pico-sdk/lib/tinyusb/src/class/cdc/cdc_device.c.obj
 .bss._ctrl_epbuf
                0x20001c58       0x40 CMakeFiles/controller.dir/C_/pico/pico-sdk/lib/tinyusb/src/device/usbd_control.c.obj
 .bss._ctrl_xfer
                0x20001c98       0x14 CMakeFiles/controller.dir/C_/pico/pico-sdk/lib/tinyusb/src/device/usbd_control.c.obj
 .bss._tusb_rhport_role
                0x20001cac        0x2 CMakeFiles/controller.dir/C_/pico/pico-sdk/lib/tinyusb/src/tusb.c.obj
                0x20001cac                _tusb_rhport_role
 *fill*         0x20001cae        0x2 
 .bss._ubsd_mutexdef
                0x20001cb0        0x8 CMakeFiles/controller.dir/C_/pico/pico-sdk/lib/tinyusb/src/device/usbd.c.obj
 .bss._usbd_dev
                0x20001cb8       0x54 CMakeFiles/controller.dir/C_/pico/pico-sdk/lib/tinyusb/src/device/usbd.c.obj
 .bss._usbd_mutex
                0x20001d0c        0x4 CMakeFiles/controller.dir/C_/pico/pico-sdk/lib/tinyusb/src/device/usbd.c.obj
 .bss._usbd_q   0x20001d10        0x4 CMakeFiles/controller.dir/C_/pico/pico-sdk/lib/tinyusb/src/device/usbd.c.obj
 .bss._usbd_qdef_buf
                0x20001d14       0xc0 CMakeFiles/controller.dir/C_/pico/pico-sdk/lib/tinyusb/src/device/usbd.c.obj
                0x20001d14                _usbd_qdef_buf
 .bss._vendord_epbuf
                0x20001dd4       0x80 CMakeFiles/controller.dir/C_/pico/pico-sdk/lib/tinyusb/src/class/vendor/vendor_device.c.obj
 .bss._vendord_itf
                0x20001e54      0x24c CMakeFiles/controller.dir/C_/pico/pico-sdk/lib/tinyusb/src/class/vendor/vendor_device.c.obj
 .bss.boot2_copyout
                0x200020a0      0x100 CMakeFiles/controller.dir/C_/pico/pico-sdk/src/rp2_common/hardware_flash/flash.c.obj
 .bss.chars_available_callback
                0x200021a0        0x4 CMakeFiles/controller.dir/C_/pico/pico-sdk/src/rp2_common/pico_stdio_usb/stdio_usb.c.obj
 .bss.chars_available_param
                0x200021a4        0x4 CMakeFiles/controller.dir/C_/pico/pico-sdk/src/rp2_common/pico_stdio_usb/stdio_usb.c.obj
 .bss.claimed   0x200021a8        0x4 CMakeFiles/controller.dir/C_/pico/pico-sdk/src/rp2_common/hardware_sync/sync.c.obj
 .bss.claimed   0x200021ac        0x1 CMakeFiles/controller.dir/C_/pico/pico-sdk/src/rp2_common/hardware_timer/timer.c.obj
 *fill*         0x200021ad        0x3 
 .bss.configured_freq
                0x200021b0       0x28 CMakeFiles/controller.dir/C_/pico/pico-sdk/src/rp2_common/hardware_clocks/clocks.c.obj
 .bss.desc_str.0
                0x200021d8       0x28 CMakeFiles/controller.dir/C_/pico/pico-sdk/src/rp2_common/pico_stdio_usb/stdio_usb_descriptors.c.obj
 .bss.drivers   0x20002200        0x4 CMakeFiles/controller.dir/C_/pico/pico-sdk/src/rp2_common/pico_stdio/stdio.c.obj
 .bss.e15_last_sof
                0x20002204        0x4 CMakeFiles/controller.dir/C_/pico/pico-sdk/lib/tinyusb/src/portable/raspberrypi/rp2040/rp2040_usb.c.obj
                0x20002204                e15_last_sof
 .bss.errno     0x20002208        0x4 C:/PROGRA~2/ARMGNU~1/14EFD8~1.2RE/bin/../lib/gcc/arm-none-eabi/14.2.1/thumb/v6-m/nofp\libg.a(libc_a-reent.o)
                0x20002208                errno
 .bss.filter    0x2000220c        0x4 CMakeFiles/controller.dir/C_/pico/pico-sdk/src/rp2_common/pico_stdio/stdio.c.obj
 .bss.heap_end.0
                0x20002210        0x4 CMakeFiles/controller.dir/C_/pico/pico-sdk/src/rp2_common/pico_clib_interface/newlib_interface.c.obj
 .bss.hw_endpoints
                0x20002214      0x400 CMakeFiles/controller.dir/C_/pico/pico-sdk/lib/tinyusb/src/portable/raspberrypi/rp2040/dcd_rp2040.c.obj
 .bss.lazy_vsnprintf
                0x20002614        0x4 CMakeFiles/controller.dir/C_/pico/pico-sdk/src/rp2_common/pico_printf/printf.c.obj
 .bss.load_value
                0x20002618        0x4 CMakeFiles/controller.dir/C_/pico/pico-sdk/src/rp2_common/hardware_watchdog/watchdog.c.obj
 .bss.next_buffer_ptr
                0x2000261c        0x4 CMakeFiles/controller.dir/C_/pico/pico-sdk/lib/tinyusb/src/portable/raspberrypi/rp2040/dcd_rp2040.c.obj
 .bss.object.0  0x20002620       0x18 C:/PROGRA~2/ARMGNU~1/14EFD8~1.2RE/bin/../lib/gcc/arm-none-eabi/14.2.1/thumb/v6-m/nofp/crtbegin.o
 .bss.one_shot_timer_crit_sec
                0x20002638        0x8 CMakeFiles/controller.dir/C_/pico/pico-sdk/src/rp2_common/pico_stdio_usb/stdio_usb.c.obj
 .bss.pools     0x20002640       0x10 CMakeFiles/controller.dir/C_/pico/pico-sdk/src/common/pico_time/time.c.obj
 .bss.retrieved_id
                0x20002650        0x8 CMakeFiles/controller.dir/C_/pico/pico-sdk/src/rp2_common/pico_unique_id/unique_id.c.obj
 .bss.sf_clz_func
                0x20002658        0x4 CMakeFiles/controller.dir/C_/pico/pico-sdk/src/rp2_common/pico_double/double_init_rom_rp2040.c.obj
                0x20002658                sf_clz_func
 .bss.sleep_notifier
                0x2000265c        0x4 CMakeFiles/controller.dir/C_/pico/pico-sdk/src/common/pico_time/time.c.obj
 .bss.stdio_usb_mutex
                0x20002660        0x8 CMakeFiles/controller.dir/C_/pico/pico-sdk/src/rp2_common/pico_stdio_usb/stdio_usb.c.obj
 .bss.usbd_serial_str
                0x20002668       0x11 CMakeFiles/controller.dir/C_/pico/pico-sdk/src/rp2_common/pico_stdio_usb/stdio_usb_descriptors.c.obj
 .bss._app_driver_count
                0x20002679        0x1 CMakeFiles/controller.dir/C_/pico/pico-sdk/lib/tinyusb/src/device/usbd.c.obj
 .bss._sof_enable
                0x2000267a        0x1 CMakeFiles/controller.dir/C_/pico/pico-sdk/lib/tinyusb/src/portable/raspberrypi/rp2040/dcd_rp2040.c.obj
 .bss._usbd_queued_setup
                0x2000267b        0x1 CMakeFiles/controller.dir/C_/pico/pico-sdk/lib/tinyusb/src/device/usbd.c.obj
 .bss.boot2_copyout_valid
                0x2000267c        0x1 CMakeFiles/controller.dir/C_/pico/pico-sdk/src/rp2_common/hardware_flash/flash.c.obj
 .bss.irq_handler_chain_free_slot_head
                0x2000267d        0x1 CMakeFiles/controller.dir/C_/pico/pico-sdk/src/rp2_common/hardware_irq/irq.c.obj
 .bss.itf_num   0x2000267e        0x1 CMakeFiles/controller.dir/C_/pico/pico-sdk/src/rp2_common/pico_stdio_usb/reset_interface.c.obj
 .bss.low_priority_irq_num
                0x2000267f        0x1 CMakeFiles/controller.dir/C_/pico/pico-sdk/src/rp2_common/pico_stdio_usb/stdio_usb.c.obj
 .bss.one_shot_timer_pending
                0x20002680        0x1 CMakeFiles/controller.dir/C_/pico/pico-sdk/src/rp2_common/pico_stdio_usb/stdio_usb.c.obj
 .bss.user_irq_claimed
                0x20002681        0x1 CMakeFiles/controller.dir/C_/pico/pico-sdk/src/rp2_common/hardware_irq/irq.c.obj
 *(COMMON)
                0x20002684                        . = ALIGN (0x4)
 *fill*         0x20002682        0x2 
                0x20002684                        __bss_end__ = .

.heap           0x20002684      0x800 load address 0x10007040
                0x20002684                        __end__ = .
                0x20002684                        end = __end__
 *(.heap*)
 .heap          0x20002684      0x800 CMakeFiles/controller.dir/C_/pico/pico-sdk/src/rp2_common/pico_crt0/crt0.S.obj
                0x20040000                        __HeapLimit = (ORIGIN (RAM) + LENGTH (RAM))

.scratch_x      0x20040000        0x0 load address 0x10007040
                0x20040000                        __scratch_x_start__ = .
 *(.scratch_x.*)
                0x20040000                        . = ALIGN (0x4)
                0x20040000                        __scratch_x_end__ = .
                0x10007040                        __scratch_x_source__ = LOADADDR (.scratch_x)

.scratch_y      0x20041000        0x0 load address 0x10007040
                0x20041000                        __scratch_y_start__ = .
 *(.scratch_y.*)
                0x20041000                        . = ALIGN (0x4)
                0x20041000                        __scratch_y_end__ = .
                0x10007040                        __scratch_y_source__ = LOADADDR (.scratch_y)

.stack1_dummy
 *(.stack1*)

.stack_dummy    0x20041000      0x800
 *(.stack*)
 .stack         0x20041000      0x800 CMakeFiles/controller.dir/C_/pico/pico-sdk/src/rp2_common/pico_crt0/crt0.S.obj

.rel.dyn        0x20041800        0x0
 .rel.iplt      0x20041800        0x0 C:/PROGRA~2/ARMGNU~1/14EFD8~1.2RE/bin/../lib/gcc/arm-none-eabi/14.2.1/thumb/v6-m/nofp/crtbegin.o

.flash_end      0x10007040        0x0
 *(.embedded_end_block*)
                0x10007040                        PROVIDE (__flash_binary_end = .)
                0x20040000                        __StackLimit = (ORIGIN (RAM) + LENGTH (RAM))
                0x20041000                        __StackOneTop = (ORIGIN (SCRATCH_X) + LENGTH (SCRATCH_X))
                0x20042000                        __StackTop = (ORIGIN (SCRATCH_Y) + LENGTH (SCRATCH_Y))
                0x20041000                        __StackOneBottom = (__StackOneTop - SIZEOF (.stack1_dummy))
                0x20041800                        __StackBottom = (__StackTop - SIZEOF (.stack_dummy))
                0x20042000                        PROVIDE (__stack = __StackTop)
                [!provide]                        PROVIDE (__heap_start = __end__)
                [!provide]                        PROVIDE (__heap_end = __HeapLimit)
                [!provide]                        PROVIDE (__tls_align = MAX (ALIGNOF (.tdata), ALIGNOF (.tbss)))
                [!provide]                        PROVIDE (__tls_size_align = (((__tls_size + __tls_align) - 0x1) & ~ ((__tls_align - 0x1))))
                [!provide]                        PROVIDE (__arm32_tls_tcb_offset = MAX (0x8, __tls_align))
                [!provide]                        PROVIDE (_end = __end__)
                [!provide]                        PROVIDE (__llvm_libc_heap_limit = __HeapLimit)
                0x00000001                        ASSERT ((__StackLimit >= __HeapLimit), region RAM overflowed)
                0x00000001                        ASSERT (((__binary_info_header_end - __logical_binary_start) <= 0x100), Binary info must be in first 256 bytes of the binary)
LOAD CMakeFiles/controller.dir/controller.c.obj
LOAD CMakeFiles/controller.dir/C_/pico/pico-sdk/src/rp2_common/pico_stdlib/stdlib.c.obj
LOAD CMakeFiles/controller.dir/C_/pico/pico-sdk/src/rp2_common/hardware_gpio/gpio.c.obj
LOAD CMakeFiles/controller.dir/C_/pico/pico-sdk/src/rp2040/pico_platform/platform.c.obj
LOAD CMakeFiles/controller.dir/C_/pico/pico-sdk/src/rp2_common/pico_platform_common/common.c.obj
LOAD CMakeFiles/controller.dir/C_/pico/pico-sdk/src/rp2_common/pico_platform_panic/panic.c.obj
LOAD CMakeFiles/controller.dir/C_/pico/pico-sdk/src/common/hardware_claim/claim.c.obj
LOAD CMakeFiles/controller.dir/C_/pico/pico-sdk/src/rp2_common/hardware_sync/sync.c.obj
LOAD CMakeFiles/controller.dir/C_/pico/pico-sdk/src/rp2_common/hardware_sync_spin_lock/sync_spin_lock.c.obj
LOAD CMakeFiles/controller.dir/C_/pico/pico-sdk/src/rp2_common/hardware_irq/irq.c.obj
LOAD CMakeFiles/controller.dir/C_/pico/pico-sdk/src/rp2_common/hardware_irq/irq_handler_chain.S.obj
LOAD CMakeFiles/controller.dir/C_/pico/pico-sdk/src/common/pico_sync/sem.c.obj
LOAD CMakeFiles/controller.dir/C_/pico/pico-sdk/src/common/pico_sync/lock_core.c.obj
LOAD CMakeFiles/controller.dir/C_/pico/pico-sdk/src/common/pico_sync/mutex.c.obj
LOAD CMakeFiles/controller.dir/C_/pico/pico-sdk/src/common/pico_sync/critical_section.c.obj
LOAD CMakeFiles/controller.dir/C_/pico/pico-sdk/src/common/pico_time/time.c.obj
LOAD CMakeFiles/controller.dir/C_/pico/pico-sdk/src/common/pico_time/timeout_helper.c.obj
LOAD CMakeFiles/controller.dir/C_/pico/pico-sdk/src/rp2_common/hardware_timer/timer.c.obj
LOAD CMakeFiles/controller.dir/C_/pico/pico-sdk/src/common/pico_util/datetime.c.obj
LOAD CMakeFiles/controller.dir/C_/pico/pico-sdk/src/common/pico_util/pheap.c.obj
LOAD CMakeFiles/controller.dir/C_/pico/pico-sdk/src/common/pico_util/queue.c.obj
LOAD CMakeFiles/controller.dir/C_/pico/pico-sdk/src/rp2_common/hardware_uart/uart.c.obj
LOAD CMakeFiles/controller.dir/C_/pico/pico-sdk/src/rp2_common/hardware_clocks/clocks.c.obj
LOAD CMakeFiles/controller.dir/C_/pico/pico-sdk/src/rp2_common/hardware_pll/pll.c.obj
LOAD CMakeFiles/controller.dir/C_/pico/pico-sdk/src/rp2_common/hardware_vreg/vreg.c.obj
LOAD CMakeFiles/controller.dir/C_/pico/pico-sdk/src/rp2_common/hardware_watchdog/watchdog.c.obj
LOAD CMakeFiles/controller.dir/C_/pico/pico-sdk/src/rp2_common/hardware_ticks/ticks.c.obj
LOAD CMakeFiles/controller.dir/C_/pico/pico-sdk/src/rp2_common/pico_bootrom/bootrom.c.obj
LOAD CMakeFiles/controller.dir/C_/pico/pico-sdk/src/rp2_common/pico_bootrom/bootrom_lock.c.obj
LOAD CMakeFiles/controller.dir/C_/pico/pico-sdk/src/rp2_common/hardware_boot_lock/boot_lock.c.obj
LOAD CMakeFiles/controller.dir/C_/pico/pico-sdk/src/rp2_common/pico_flash/flash.c.obj
LOAD CMakeFiles/controller.dir/C_/pico/pico-sdk/src/rp2_common/hardware_xosc/xosc.c.obj
LOAD CMakeFiles/controller.dir/C_/pico/pico-sdk/src/rp2_common/hardware_divider/divider.S.obj
LOAD CMakeFiles/controller.dir/C_/pico/pico-sdk/src/rp2_common/pico_runtime/runtime.c.obj
LOAD CMakeFiles/controller.dir/C_/pico/pico-sdk/src/rp2_common/pico_runtime_init/runtime_init.c.obj
LOAD CMakeFiles/controller.dir/C_/pico/pico-sdk/src/rp2_common/pico_runtime_init/runtime_init_clocks.c.obj
LOAD CMakeFiles/controller.dir/C_/pico/pico-sdk/src/rp2_common/pico_runtime_init/runtime_init_stack_guard.c.obj
LOAD CMakeFiles/controller.dir/C_/pico/pico-sdk/src/rp2_common/pico_bit_ops/bit_ops_aeabi.S.obj
LOAD CMakeFiles/controller.dir/C_/pico/pico-sdk/src/rp2_common/pico_divider/divider_hardware.S.obj
LOAD CMakeFiles/controller.dir/C_/pico/pico-sdk/src/rp2_common/pico_double/double_aeabi_rp2040.S.obj
LOAD CMakeFiles/controller.dir/C_/pico/pico-sdk/src/rp2_common/pico_double/double_init_rom_rp2040.c.obj
LOAD CMakeFiles/controller.dir/C_/pico/pico-sdk/src/rp2_common/pico_double/double_math.c.obj
LOAD CMakeFiles/controller.dir/C_/pico/pico-sdk/src/rp2_common/pico_double/double_v1_rom_shim_rp2040.S.obj
LOAD CMakeFiles/controller.dir/C_/pico/pico-sdk/src/rp2_common/pico_int64_ops/pico_int64_ops_aeabi.S.obj
LOAD CMakeFiles/controller.dir/C_/pico/pico-sdk/src/rp2_common/pico_float/float_aeabi_rp2040.S.obj
LOAD CMakeFiles/controller.dir/C_/pico/pico-sdk/src/rp2_common/pico_float/float_init_rom_rp2040.c.obj
LOAD CMakeFiles/controller.dir/C_/pico/pico-sdk/src/rp2_common/pico_float/float_math.c.obj
LOAD CMakeFiles/controller.dir/C_/pico/pico-sdk/src/rp2_common/pico_float/float_v1_rom_shim_rp2040.S.obj
LOAD CMakeFiles/controller.dir/C_/pico/pico-sdk/src/rp2_common/pico_malloc/malloc.c.obj
LOAD CMakeFiles/controller.dir/C_/pico/pico-sdk/src/rp2_common/pico_mem_ops/mem_ops_aeabi.S.obj
LOAD CMakeFiles/controller.dir/C_/pico/pico-sdk/src/rp2_common/pico_atomic/atomic.c.obj
LOAD CMakeFiles/controller.dir/C_/pico/pico-sdk/src/rp2_common/pico_cxx_options/new_delete.cpp.obj
LOAD CMakeFiles/controller.dir/C_/pico/pico-sdk/src/rp2_common/pico_standard_binary_info/standard_binary_info.c.obj
LOAD CMakeFiles/controller.dir/C_/pico/pico-sdk/src/rp2_common/pico_printf/printf.c.obj
LOAD CMakeFiles/controller.dir/C_/pico/pico-sdk/src/rp2_common/pico_crt0/crt0.S.obj
LOAD CMakeFiles/controller.dir/C_/pico/pico-sdk/src/rp2_common/pico_clib_interface/newlib_interface.c.obj
LOAD CMakeFiles/controller.dir/C_/pico/pico-sdk/src/rp2_common/pico_stdio/stdio.c.obj
LOAD CMakeFiles/controller.dir/C_/pico/pico-sdk/src/rp2_common/pico_stdio_usb/reset_interface.c.obj
LOAD CMakeFiles/controller.dir/C_/pico/pico-sdk/src/rp2_common/pico_stdio_usb/stdio_usb.c.obj
LOAD CMakeFiles/controller.dir/C_/pico/pico-sdk/src/rp2_common/pico_stdio_usb/stdio_usb_descriptors.c.obj
LOAD CMakeFiles/controller.dir/C_/pico/pico-sdk/src/rp2_common/pico_unique_id/unique_id.c.obj
LOAD CMakeFiles/controller.dir/C_/pico/pico-sdk/src/rp2_common/hardware_flash/flash.c.obj
LOAD CMakeFiles/controller.dir/C_/pico/pico-sdk/src/rp2_common/hardware_xip_cache/xip_cache.c.obj
LOAD CMakeFiles/controller.dir/C_/pico/pico-sdk/lib/tinyusb/src/portable/raspberrypi/rp2040/dcd_rp2040.c.obj
LOAD CMakeFiles/controller.dir/C_/pico/pico-sdk/lib/tinyusb/src/portable/raspberrypi/rp2040/rp2040_usb.c.obj
LOAD CMakeFiles/controller.dir/C_/pico/pico-sdk/lib/tinyusb/src/device/usbd.c.obj
LOAD CMakeFiles/controller.dir/C_/pico/pico-sdk/lib/tinyusb/src/device/usbd_control.c.obj
LOAD CMakeFiles/controller.dir/C_/pico/pico-sdk/lib/tinyusb/src/class/audio/audio_device.c.obj
LOAD CMakeFiles/controller.dir/C_/pico/pico-sdk/lib/tinyusb/src/class/cdc/cdc_device.c.obj
LOAD CMakeFiles/controller.dir/C_/pico/pico-sdk/lib/tinyusb/src/class/dfu/dfu_device.c.obj
LOAD CMakeFiles/controller.dir/C_/pico/pico-sdk/lib/tinyusb/src/class/dfu/dfu_rt_device.c.obj
LOAD CMakeFiles/controller.dir/C_/pico/pico-sdk/lib/tinyusb/src/class/hid/hid_device.c.obj
LOAD CMakeFiles/controller.dir/C_/pico/pico-sdk/lib/tinyusb/src/class/midi/midi_device.c.obj
LOAD CMakeFiles/controller.dir/C_/pico/pico-sdk/lib/tinyusb/src/class/msc/msc_device.c.obj
LOAD CMakeFiles/controller.dir/C_/pico/pico-sdk/lib/tinyusb/src/class/net/ecm_rndis_device.c.obj
LOAD CMakeFiles/controller.dir/C_/pico/pico-sdk/lib/tinyusb/src/class/net/ncm_device.c.obj
LOAD CMakeFiles/controller.dir/C_/pico/pico-sdk/lib/tinyusb/src/class/usbtmc/usbtmc_device.c.obj
LOAD CMakeFiles/controller.dir/C_/pico/pico-sdk/lib/tinyusb/src/class/vendor/vendor_device.c.obj
LOAD CMakeFiles/controller.dir/C_/pico/pico-sdk/lib/tinyusb/src/class/video/video_device.c.obj
LOAD CMakeFiles/controller.dir/C_/pico/pico-sdk/lib/tinyusb/src/tusb.c.obj
LOAD CMakeFiles/controller.dir/C_/pico/pico-sdk/lib/tinyusb/src/common/tusb_fifo.c.obj
LOAD CMakeFiles/controller.dir/C_/pico/pico-sdk/src/rp2_common/pico_fix/rp2040_usb_device_enumeration/rp2040_usb_device_enumeration.c.obj
LOAD pico-sdk/src/rp2040/boot_stage2/CMakeFiles/bs2_default_library.dir/./bs2_default_padded_checksummed.S.obj
LOAD C:/PROGRA~2/ARMGNU~1/14EFD8~1.2RE/bin/../lib/gcc/arm-none-eabi/14.2.1/thumb/v6-m/nofp\libstdc++.a
LOAD C:/PROGRA~2/ARMGNU~1/14EFD8~1.2RE/bin/../lib/gcc/arm-none-eabi/14.2.1/thumb/v6-m/nofp\libm.a
START GROUP
LOAD C:/PROGRA~2/ARMGNU~1/14EFD8~1.2RE/bin/../lib/gcc/arm-none-eabi/14.2.1/thumb/v6-m/nofp\libgcc.a